06-27 18:45:22.548   801 25510 W NotificationService: Toast already cancelled. pkg=com.android.chrome callback=android.app.ITransientNotification$Stub$Proxy@c9fd449
06-27 18:45:25.334   801  1168 D ConnectivityService: notifyType CAP_CHANGED for NetworkAgentInfo [WIFI () - 481]
06-27 18:45:28.358   801  1168 D ConnectivityService: notifyType CAP_CHANGED for NetworkAgentInfo [WIFI () - 481]
06-27 18:45:29.326   801  1985 I NotificationService: cancelToast pkg=com.android.chrome callback=android.app.ITransientNotification$Stub$Proxy@c31d14e
06-27 18:45:29.326   801  1985 W NotificationService: Toast already cancelled. pkg=com.android.chrome callback=android.app.ITransientNotification$Stub$Proxy@c31d14e
06-27 18:45:31.384   801  1168 D ConnectivityService: notifyType CAP_CHANGED for NetworkAgentInfo [WIFI () - 481]
06-27 18:45:37.433   801  1168 D ConnectivityService: notifyType CAP_CHANGED for NetworkAgentInfo [WIFI () - 481]
06-27 18:45:40.411   801   812 I NotificationService: cancelToast pkg=com.android.chrome callback=android.app.ITransientNotification$Stub$Proxy@f50126f
06-27 18:45:40.411   801   812 W NotificationService: Toast already cancelled. pkg=com.android.chrome callback=android.app.ITransientNotification$Stub$Proxy@f50126f
06-27 18:45:41.277   801  1206 I NotificationService: cancelToast pkg=com.android.chrome callback=android.app.ITransientNotification$Stub$Proxy@b8fdb7c
06-27 18:45:41.277   801  1206 W NotificationService: Toast already cancelled. pkg=com.android.chrome callback=android.app.ITransientNotification$Stub$Proxy@b8fdb7c
06-27 18:45:44.080   801  1277 I NotificationService: cancelToast pkg=com.android.chrome callback=android.app.ITransientNotification$Stub$Proxy@f086c05
06-27 18:45:44.080   801  1277 W NotificationService: Toast already cancelled. pkg=com.android.chrome callback=android.app.ITransientNotification$Stub$Proxy@f086c05
06-27 18:45:45.882   801  3333 I NotificationService: cancelToast pkg=com.android.chrome callback=android.app.ITransientNotification$Stub$Proxy@85db45a
06-27 18:45:45.882   801  3333 W NotificationService: Toast already cancelled. pkg=com.android.chrome callback=android.app.ITransientNotification$Stub$Proxy@85db45a
06-27 18:45:47.264   801 25509 I NotificationService: cancelToast pkg=com.android.chrome callback=android.app.ITransientNotification$Stub$Proxy@475668b
06-27 18:45:47.264   801 25509 W NotificationService: Toast already cancelled. pkg=com.android.chrome callback=android.app.ITransientNotification$Stub$Proxy@475668b
06-27 18:45:49.715   801  1277 I NotificationService: cancelToast pkg=com.android.chrome callback=android.app.ITransientNotification$Stub$Proxy@5bd3368
06-27 18:45:49.715   801  1277 W NotificationService: Toast already cancelled. pkg=com.android.chrome callback=android.app.ITransientNotification$Stub$Proxy@5bd3368
06-27 18:45:50.803   801  1984 I NotificationService: cancelToast pkg=com.android.chrome callback=android.app.ITransientNotification$Stub$Proxy@1a8c381
06-27 18:45:50.803   801  1984 W NotificationService: Toast already cancelled. pkg=com.android.chrome callback=android.app.ITransientNotification$Stub$Proxy@1a8c381
06-27 18:45:58.564   801  1168 D ConnectivityService: notifyType CAP_CHANGED for NetworkAgentInfo [WIFI () - 481]
06-27 18:46:03.563   801 25509 I NotificationService: cancelToast pkg=com.android.chrome callback=android.app.ITransientNotification$Stub$Proxy@732bc26
06-27 18:46:03.563   801 25509 W NotificationService: Toast already cancelled. pkg=com.android.chrome callback=android.app.ITransientNotification$Stub$Proxy@732bc26
06-27 18:46:04.611   801  1168 D ConnectivityService: notifyType CAP_CHANGED for NetworkAgentInfo [WIFI () - 481]
06-27 18:46:07.630   801  1168 D ConnectivityService: notifyType CAP_CHANGED for NetworkAgentInfo [WIFI () - 481]
06-27 18:46:13.618   801  1278 I NotificationService: cancelToast pkg=com.android.chrome callback=android.app.ITransientNotification$Stub$Proxy@151e067
06-27 18:46:13.618   801  1278 W NotificationService: Toast already cancelled. pkg=com.android.chrome callback=android.app.ITransientNotification$Stub$Proxy@151e067
06-27 18:46:16.677   801  1168 D ConnectivityService: notifyType CAP_CHANGED for NetworkAgentInfo [WIFI () - 481]
06-27 18:46:28.746   801  1168 D ConnectivityService: notifyType CAP_CHANGED for NetworkAgentInfo [WIFI () - 481]
06-27 18:46:33.426   801  1985 I NotificationService: cancelToast pkg=com.android.chrome callback=android.app.ITransientNotification$Stub$Proxy@8e61e14
06-27 18:46:33.426   801  1985 W NotificationService: Toast already cancelled. pkg=com.android.chrome callback=android.app.ITransientNotification$Stub$Proxy@8e61e14
06-27 18:46:36.367   801 25510 I NotificationService: cancelToast pkg=com.android.chrome callback=android.app.ITransientNotification$Stub$Proxy@e9d16bd
06-27 18:46:36.367   801 25510 W NotificationService: Toast already cancelled. pkg=com.android.chrome callback=android.app.ITransientNotification$Stub$Proxy@e9d16bd
06-27 18:46:37.806   801  1168 D ConnectivityService: notifyType CAP_CHANGED for NetworkAgentInfo [WIFI () - 481]
06-27 18:46:43.355   801  1984 I ActivityManager: Start proc 5845:com.android.chrome:sandboxed_process16/u0i292 for service com.android.chrome/org.chromium.content.app.SandboxedProcessService16
06-27 18:46:43.848   801  1168 D ConnectivityService: notifyType CAP_CHANGED for NetworkAgentInfo [WIFI () - 481]
06-27 18:46:45.300   801  1206 I ActivityManager: Killing 5341:com.android.chrome:sandboxed_process13/u0a35i291 (adj 9): isolated not needed
06-27 18:46:48.866   801   811 I NotificationService: cancelToast pkg=com.android.chrome callback=android.app.ITransientNotification$Stub$Proxy@83550b0
06-27 18:46:48.866   801   811 W NotificationService: Toast already cancelled. pkg=com.android.chrome callback=android.app.ITransientNotification$Stub$Proxy@83550b0
06-27 18:46:49.870   801  1168 D ConnectivityService: notifyType CAP_CHANGED for NetworkAgentInfo [WIFI () - 481]
06-27 18:46:59.801   801 25507 I NotificationService: cancelToast pkg=com.android.chrome callback=android.app.ITransientNotification$Stub$Proxy@5692b29
06-27 18:46:59.801   801 25507 W NotificationService: Toast already cancelled. pkg=com.android.chrome callback=android.app.ITransientNotification$Stub$Proxy@5692b29
06-27 18:47:05.023   801  1168 D ConnectivityService: notifyType CAP_CHANGED for NetworkAgentInfo [WIFI () - 481]
06-27 18:47:07.571   801  1985 I NotificationService: cancelToast pkg=com.android.chrome callback=android.app.ITransientNotification$Stub$Proxy@3a40eae
06-27 18:47:07.571   801  1985 W NotificationService: Toast already cancelled. pkg=com.android.chrome callback=android.app.ITransientNotification$Stub$Proxy@3a40eae
06-27 18:47:08.554   801   812 I NotificationService: cancelToast pkg=com.android.chrome callback=android.app.ITransientNotification$Stub$Proxy@1e7744f
06-27 18:47:08.554   801   812 W NotificationService: Toast already cancelled. pkg=com.android.chrome callback=android.app.ITransientNotification$Stub$Proxy@1e7744f
06-27 18:47:11.075   801  1168 D ConnectivityService: notifyType CAP_CHANGED for NetworkAgentInfo [WIFI () - 481]
06-27 18:47:13.494   801   811 I NotificationService: cancelToast pkg=com.android.chrome callback=android.app.ITransientNotification$Stub$Proxy@916c7dc
06-27 18:47:13.494   801   811 W NotificationService: Toast already cancelled. pkg=com.android.chrome callback=android.app.ITransientNotification$Stub$Proxy@916c7dc
06-27 18:47:14.102   801  1168 D ConnectivityService: notifyType CAP_CHANGED for NetworkAgentInfo [WIFI () - 481]
06-27 18:47:17.133   801  1168 D ConnectivityService: notifyType CAP_CHANGED for NetworkAgentInfo [WIFI () - 481]
06-27 18:47:18.040   801  1206 I NotificationService: cancelToast pkg=com.android.chrome callback=android.app.ITransientNotification$Stub$Proxy@eb40f3f
06-27 18:47:18.040   801  1206 W NotificationService: Toast already cancelled. pkg=com.android.chrome callback=android.app.ITransientNotification$Stub$Proxy@eb40f3f
06-27 18:47:24.935   801 25509 I NotificationService: cancelToast pkg=com.android.chrome callback=android.app.ITransientNotification$Stub$Proxy@948336a
06-27 18:47:24.935   801 25509 W NotificationService: Toast already cancelled. pkg=com.android.chrome callback=android.app.ITransientNotification$Stub$Proxy@948336a
06-27 18:47:26.205   801  1168 D ConnectivityService: notifyType CAP_CHANGED for NetworkAgentInfo [WIFI () - 481]
06-27 18:47:29.228   801  1168 D ConnectivityService: notifyType CAP_CHANGED for NetworkAgentInfo [WIFI () - 481]
06-27 18:47:30.873   801  1984 I NotificationService: cancelToast pkg=com.android.chrome callback=android.app.ITransientNotification$Stub$Proxy@164605b
06-27 18:47:30.873   801  1984 W NotificationService: Toast already cancelled. pkg=com.android.chrome callback=android.app.ITransientNotification$Stub$Proxy@164605b
06-27 18:47:31.976   801 25510 I NotificationService: cancelToast pkg=com.android.chrome callback=android.app.ITransientNotification$Stub$Proxy@e7af0f8
06-27 18:47:31.976   801 25510 W NotificationService: Toast already cancelled. pkg=com.android.chrome callback=android.app.ITransientNotification$Stub$Proxy@e7af0f8
06-27 18:47:32.254   801  1168 D ConnectivityService: notifyType CAP_CHANGED for NetworkAgentInfo [WIFI () - 481]
06-27 18:47:35.569   801  1206 I NotificationService: cancelToast pkg=com.android.chrome callback=android.app.ITransientNotification$Stub$Proxy@79459d1
06-27 18:47:35.572   801  1206 W NotificationService: Toast already cancelled. pkg=com.android.chrome callback=android.app.ITransientNotification$Stub$Proxy@79459d1
06-27 18:47:41.019   801  1275 I NotificationService: cancelToast pkg=com.android.chrome callback=android.app.ITransientNotification$Stub$Proxy@62e1c36
06-27 18:47:41.019   801  1275 W NotificationService: Toast already cancelled. pkg=com.android.chrome callback=android.app.ITransientNotification$Stub$Proxy@62e1c36
06-27 18:47:41.309   801  1168 D ConnectivityService: notifyType CAP_CHANGED for NetworkAgentInfo [WIFI () - 481]
06-27 18:47:53.457   801  1168 D ConnectivityService: notifyType CAP_CHANGED for NetworkAgentInfo [WIFI () - 481]
06-27 18:48:04.757   801  1277 I NotificationService: cancelToast pkg=com.android.chrome callback=android.app.ITransientNotification$Stub$Proxy@5fea737
06-27 18:48:04.758   801  1277 W NotificationService: Toast already cancelled. pkg=com.android.chrome callback=android.app.ITransientNotification$Stub$Proxy@5fea737
06-27 18:48:05.617   801  1168 D ConnectivityService: notifyType CAP_CHANGED for NetworkAgentInfo [WIFI () - 481]
06-27 18:48:05.764   801  1278 I NotificationService: cancelToast pkg=com.android.chrome callback=android.app.ITransientNotification$Stub$Proxy@fea24a4
06-27 18:48:05.764   801  1278 W NotificationService: Toast already cancelled. pkg=com.android.chrome callback=android.app.ITransientNotification$Stub$Proxy@fea24a4
06-27 18:48:07.609   801  1277 I NotificationService: cancelToast pkg=com.android.chrome callback=android.app.ITransientNotification$Stub$Proxy@8b3c20d
06-27 18:48:07.609   801  1277 W NotificationService: Toast already cancelled. pkg=com.android.chrome callback=android.app.ITransientNotification$Stub$Proxy@8b3c20d
06-27 18:48:08.642   801  1168 D ConnectivityService: notifyType CAP_CHANGED for NetworkAgentInfo [WIFI () - 481]
06-27 18:48:09.058   801   812 I NotificationService: cancelToast pkg=com.android.chrome callback=android.app.ITransientNotification$Stub$Proxy@cb7c5c2
06-27 18:48:09.058   801   812 W NotificationService: Toast already cancelled. pkg=com.android.chrome callback=android.app.ITransientNotification$Stub$Proxy@cb7c5c2
06-27 18:48:11.670   801 25507 I NotificationService: cancelToast pkg=com.android.chrome callback=android.app.ITransientNotification$Stub$Proxy@e8c7fd3
06-27 18:48:11.670   801 25507 W NotificationService: Toast already cancelled. pkg=com.android.chrome callback=android.app.ITransientNotification$Stub$Proxy@e8c7fd3
06-27 18:48:14.746   801  1276 I NotificationService: cancelToast pkg=com.android.chrome callback=android.app.ITransientNotification$Stub$Proxy@f6e710
06-27 18:48:14.746   801  1276 W NotificationService: Toast already cancelled. pkg=com.android.chrome callback=android.app.ITransientNotification$Stub$Proxy@f6e710
06-27 18:48:15.528   801   814 W ProcessStats: Time val negative: -94256
06-27 18:48:15.528   801   814 W ProcessStats: Time val negative: -94256
06-27 18:48:15.528   801   814 W ProcessStats: Time val negative: -94256
06-27 18:48:15.535   801   814 I ProcessStatsService: Prepared write state in 11ms
06-27 18:48:15.539   801   814 I ProcessStatsService: Prepared write state in 2ms
06-27 18:48:15.560   801   813 I ProcessStatsService: Pruning old procstats: /data/system/procstats/state-2016-06-25-07-26-36.bin
06-27 18:48:24.146   801  1206 I NotificationService: cancelToast pkg=com.android.chrome callback=android.app.ITransientNotification$Stub$Proxy@9e77209
06-27 18:48:24.146   801  1206 W NotificationService: Toast already cancelled. pkg=com.android.chrome callback=android.app.ITransientNotification$Stub$Proxy@9e77209
06-27 18:48:24.907   801  1275 I NotificationService: cancelToast pkg=com.android.chrome callback=android.app.ITransientNotification$Stub$Proxy@8407c0e
06-27 18:48:24.907   801  1275 W NotificationService: Toast already cancelled. pkg=com.android.chrome callback=android.app.ITransientNotification$Stub$Proxy@8407c0e
06-27 18:48:26.036   801  1985 I NotificationService: cancelToast pkg=com.android.chrome callback=android.app.ITransientNotification$Stub$Proxy@a15462f
06-27 18:48:26.036   801  1985 W NotificationService: Toast already cancelled. pkg=com.android.chrome callback=android.app.ITransientNotification$Stub$Proxy@a15462f
06-27 18:48:26.788   801  1168 D ConnectivityService: notifyType CAP_CHANGED for NetworkAgentInfo [WIFI () - 481]
06-27 18:48:29.148   801   811 D WifiService: acquireWifiLockLocked: WifiLock{NlpWifiLock type=2 binder=android.os.BinderProxy@2eeedc1}
06-27 18:48:29.721   801  3333 D WifiService: releaseWifiLockLocked: WifiLock{NlpWifiLock type=2 binder=android.os.BinderProxy@2eeedc1}
06-27 18:48:30.664   801  1205 I ActivityManager: Start proc 6236:com.android.chrome:sandboxed_process2/u0i293 for service com.android.chrome/org.chromium.content.app.SandboxedProcessService2
06-27 18:48:31.720   801  1277 W ActivityManager: Exception when unbinding service com.android.chrome/org.chromium.content.app.SandboxedProcessService16
06-27 18:48:31.720   801  1277 W ActivityManager: android.os.DeadObjectException: Transaction failed on small parcel; remote process probably died
06-27 18:48:31.720   801  1277 W ActivityManager: 	at android.os.BinderProxy.transactNative(Native Method)
06-27 18:48:31.720   801  1277 W ActivityManager: 	at android.os.BinderProxy.transact(Binder.java:503)
06-27 18:48:31.720   801  1277 W ActivityManager: 	at android.app.ApplicationThreadProxy.scheduleUnbindService(ApplicationThreadNative.java:956)
06-27 18:48:31.720   801  1277 W ActivityManager: 	at com.android.server.am.ActiveServices.removeConnectionLocked(ActiveServices.java:1874)
06-27 18:48:31.720   801  1277 W ActivityManager: 	at com.android.server.am.ActiveServices.unbindServiceLocked(ActiveServices.java:926)
06-27 18:48:31.720   801  1277 W ActivityManager: 	at com.android.server.am.ActivityManagerService.unbindService(ActivityManagerService.java:15995)
06-27 18:48:31.720   801  1277 W ActivityManager: 	at android.app.ActivityManagerNative.onTransact(ActivityManagerNative.java:996)
06-27 18:48:31.720   801  1277 W ActivityManager: 	at com.android.server.am.ActivityManagerService.onTransact(ActivityManagerService.java:2483)
06-27 18:48:31.720   801  1277 W ActivityManager: 	at android.os.Binder.execTransact(Binder.java:453)
06-27 18:48:31.802   801  1275 I ActivityManager: Process com.android.chrome:sandboxed_process16 (pid 5845) has died
06-27 18:48:35.843   801  1168 D ConnectivityService: notifyType CAP_CHANGED for NetworkAgentInfo [WIFI () - 481]
06-27 18:48:36.992   801 25510 I NotificationService: cancelToast pkg=com.android.chrome callback=android.app.ITransientNotification$Stub$Proxy@8a1283b
06-27 18:48:36.992   801 25510 W NotificationService: Toast already cancelled. pkg=com.android.chrome callback=android.app.ITransientNotification$Stub$Proxy@8a1283b
06-27 18:48:37.015   801  1984 I NotificationService: cancelToast pkg=com.android.chrome callback=android.app.ITransientNotification$Stub$Proxy@f824b58
06-27 18:48:37.015   801  1984 W NotificationService: Toast already cancelled. pkg=com.android.chrome callback=android.app.ITransientNotification$Stub$Proxy@f824b58
06-27 18:48:49.229   801   812 D WifiService: acquireWifiLockLocked: WifiLock{NlpWifiLock type=2 binder=android.os.BinderProxy@b7f14b1}
06-27 18:48:49.851   801  1206 D WifiService: releaseWifiLockLocked: WifiLock{NlpWifiLock type=2 binder=android.os.BinderProxy@b7f14b1}
06-27 18:48:51.038   801  1168 D ConnectivityService: notifyType CAP_CHANGED for NetworkAgentInfo [WIFI () - 481]
06-27 18:48:52.042   801  1206 I NotificationService: cancelToast pkg=com.android.chrome callback=android.app.ITransientNotification$Stub$Proxy@f4fed96
06-27 18:48:52.042   801  1206 W NotificationService: Toast already cancelled. pkg=com.android.chrome callback=android.app.ITransientNotification$Stub$Proxy@f4fed96
06-27 18:48:56.576   801  1277 I NotificationService: cancelToast pkg=com.android.chrome callback=android.app.ITransientNotification$Stub$Proxy@7700d17
06-27 18:48:56.576   801  1277 W NotificationService: Toast already cancelled. pkg=com.android.chrome callback=android.app.ITransientNotification$Stub$Proxy@7700d17
06-27 18:49:03.155   801  1168 D ConnectivityService: notifyType CAP_CHANGED for NetworkAgentInfo [WIFI () - 481]
06-27 18:49:12.257   801  1168 D ConnectivityService: notifyType CAP_CHANGED for NetworkAgentInfo [WIFI () - 481]
06-27 18:49:13.351   801  3333 I NotificationService: cancelToast pkg=com.android.chrome callback=android.app.ITransientNotification$Stub$Proxy@6986a07
06-27 18:49:13.351   801  3333 W NotificationService: Toast already cancelled. pkg=com.android.chrome callback=android.app.ITransientNotification$Stub$Proxy@6986a07
06-27 18:49:14.446   801  1982 I NotificationService: cancelToast pkg=com.android.chrome callback=android.app.ITransientNotification$Stub$Proxy@79d7734
06-27 18:49:14.446   801  1982 W NotificationService: Toast already cancelled. pkg=com.android.chrome callback=android.app.ITransientNotification$Stub$Proxy@79d7734
06-27 18:49:21.308   801  1168 D ConnectivityService: notifyType CAP_CHANGED for NetworkAgentInfo [WIFI () - 481]
06-27 18:49:48.636   801  1168 D ConnectivityService: notifyType CAP_CHANGED for NetworkAgentInfo [WIFI () - 481]
06-27 18:50:12.045   801   894 I PowerManagerService: Going to sleep due to power button (uid 1000)...
06-27 18:50:12.049   801   821 I PowerManagerService: Sleeping (uid 1000)...
06-27 18:50:12.193   801  1168 D ConnectivityService: releasing NetworkRequest NetworkRequest [ id=442, legacyType=-1, [ Capabilities: INTERNET&NOT_RESTRICTED&TRUSTED&NOT_VPN] ]
06-27 18:50:12.683   801   819 I DisplayManagerService: Display device changed state: "Integrierter Bildschirm", OFF
06-27 18:50:13.164   801  1205 I NotificationService: cancelToast pkg=com.android.chrome callback=android.app.ITransientNotification$Stub$Proxy@fa0bf91
06-27 18:50:13.164   801  1205 W NotificationService: Toast already cancelled. pkg=com.android.chrome callback=android.app.ITransientNotification$Stub$Proxy@fa0bf91
06-27 18:50:15.898   801 25507 I ActivityManager: Process com.google.android.apps.photos (pid 841) has died
06-27 19:00:50.798   801   894 I PowerManagerService: Waking up from sleep (uid 1000)...
06-27 19:00:50.816   801   821 I DisplayPowerController: Blocking screen on until initial contents have been drawn.
06-27 19:00:50.830   801  1168 D ConnectivityService: notifyType CAP_CHANGED for NetworkAgentInfo [WIFI () - 481]
06-27 19:00:50.907   801   819 I DisplayManagerService: Display device changed state: "Integrierter Bildschirm", ON
06-27 19:00:51.066   801   821 I DisplayPowerController: Unblocked screen on after 249 ms
06-27 19:00:53.846   801  1168 D ConnectivityService: updateNetworkScore for NetworkAgentInfo [WIFI () - 481] to 51
06-27 19:00:55.375   801 25509 D ConnectivityService: listenForNetwork for Listen from uid/pid:10035/17012 for NetworkRequest [ id=443, legacyType=-1, [ Capabilities: INTERNET&NOT_RESTRICTED&TRUSTED&NOT_VPN] ]
06-27 19:00:55.420   801  1277 W InputMethodManagerService: Window already focused, ignoring focus gain of: com.android.internal.view.IInputMethodClient$Stub$Proxy@f173a3d attribute=android.view.inputmethod.EditorInfo@8d09232, token = android.os.BinderProxy@4cb83a
06-27 19:00:56.957   801   893 I ActivityManager: START u0 {act=android.intent.action.MAIN cat=[android.intent.category.HOME] flg=0x10200000 cmp=com.google.android.googlequicksearchbox/com.google.android.launcher.GEL (has extras)} from uid 1000 on display 0
06-27 19:00:56.994   801  1982 I NotificationService: cancelToast pkg=com.android.chrome callback=android.app.ITransientNotification$Stub$Proxy@99f1018
06-27 19:00:56.994   801  1982 W NotificationService: Toast already cancelled. pkg=com.android.chrome callback=android.app.ITransientNotification$Stub$Proxy@99f1018
06-27 19:00:57.041   801  1168 D ConnectivityService: releasing NetworkRequest NetworkRequest [ id=443, legacyType=-1, [ Capabilities: INTERNET&NOT_RESTRICTED&TRUSTED&NOT_VPN] ]
06-27 19:00:57.655   801  3333 D WifiService: acquireWifiLockLocked: WifiLock{NlpWifiLock type=2 binder=android.os.BinderProxy@7b0af53}
06-27 19:00:58.085   801   812 D WifiService: releaseWifiLockLocked: WifiLock{NlpWifiLock type=2 binder=android.os.BinderProxy@7b0af53}
06-27 19:00:59.341   801  1205 I ActivityManager: START u0 {act=android.intent.action.MAIN cat=[android.intent.category.LAUNCHER] flg=0x10200000 pkg=com.google.android.talk cmp=com.google.android.talk/.SigningInActivity bnds=[247,1532][447,1784] (has extras)} from uid 10022 on display 0
06-27 19:01:01.692   801   811 D ConnectivityService: listenForNetwork for Listen from uid/pid:10027/13653 for NetworkRequest [ id=444, legacyType=-1, [ Capabilities: INTERNET&NOT_RESTRICTED&TRUSTED&NOT_VPN] ]
06-27 19:01:15.021   801  1168 D ConnectivityService: updateNetworkScore for NetworkAgentInfo [WIFI () - 481] to 52
06-27 19:01:16.591   801  1275 I ActivityManager: START u0 {flg=0x14000000 cmp=com.google.android.talk/com.google.android.apps.hangouts.phone.ConversationActivity (has extras)} from uid 10027 on display 0
06-27 19:01:18.038   801  1168 D ConnectivityService: updateNetworkScore for NetworkAgentInfo [WIFI () - 481] to 51
06-27 19:01:39.163   801   893 I ActivityManager: START u0 {act=android.intent.action.MAIN cat=[android.intent.category.HOME] flg=0x10200000 cmp=com.google.android.googlequicksearchbox/com.google.android.launcher.GEL (has extras)} from uid 1000 on display 0
06-27 19:01:40.994   801   894 I PowerManagerService: Going to sleep due to power button (uid 1000)...
06-27 19:01:40.994   801   821 I PowerManagerService: Sleeping (uid 1000)...
06-27 19:01:41.498   801   819 I DisplayManagerService: Display device changed state: "Integrierter Bildschirm", OFF
06-27 19:05:47.893   801 25508 D ConnectivityService: reportNetworkConnectivity(481, false) by 10008
06-27 19:05:47.908   801  1168 D ConnectivityService: NetworkAgentInfo [WIFI () - 481] validation failed
06-27 19:05:47.908   801  1168 D ConnectivityService: notifyType CAP_CHANGED for NetworkAgentInfo [WIFI () - 481]
06-27 19:05:47.935   801  1168 D ConnectivityService: sendStickyBroadcast: action=android.net.conn.INET_CONDITION_ACTION
06-27 19:05:47.967   801  1168 D ConnectivityService: NetworkAgentInfo [WIFI () - 481] EVENT_NETWORK_INFO_CHANGED, going from CONNECTED to DISCONNECTED
06-27 19:05:47.967   801  1168 D ConnectivityService: NetworkAgentInfo [WIFI () - 481] got DISCONNECTED, was satisfying 5
06-27 19:05:48.008   801  1168 D ConnectivityService: notifyType LOST for NetworkAgentInfo [WIFI () - 481]
06-27 19:05:48.010   801  1168 D CSLegacyTypeTracker: Sending DISCONNECTED broadcast for type 1 NetworkAgentInfo [WIFI () - 481] isDefaultNetwork=true
06-27 19:05:48.010   801  1168 D ConnectivityService: sendStickyBroadcast: action=android.net.conn.CONNECTIVITY_CHANGE
06-27 19:05:48.123   801 25510 I ActivityManager: Start proc 7227:org.fdroid.fdroid/u0a84 for broadcast org.fdroid.fdroid/.receiver.WifiStateChangeReceiver
06-27 19:05:48.158   801  1168 D ConnectivityService: setProvNotificationVisibleIntent null visible=false networkType=MOBILE extraInfo=null highPriority=false
06-27 19:05:48.443   801  1206 I ActivityManager: Start proc 7256:org.fdroid.fdroid:acra/u0a84 for service org.fdroid.fdroid/org.acra.sender.SenderService
06-27 19:05:48.504   801  1167 D WifiService: New client listening to asynchronous messages
06-27 19:05:48.548   801  1205 I ActivityManager: Start proc 7282:com.google.android.apps.magazines/u0a62 for broadcast com.google.android.apps.magazines/com.google.apps.dots.android.newsstand.appwidget.NewsWidgetProvider
06-27 19:05:48.739   801  1206 D ConnectivityService: setProvNotificationVisible: E visible=false networkType=0 action=com.android.internal.telephony.PROVISION0
06-27 19:05:48.739   801  1206 D ConnectivityService: setProvNotificationVisibleIntent SIGN_IN visible=false networkType=MOBILE extraInfo=null highPriority=false
06-27 19:05:48.740   801  3333 D ConnectivityService: registerNetworkAgent NetworkAgentInfo{ ni{[type: MOBILE[LTE], state: CONNECTED/CONNECTED, reason: connected, extra: internet.telekom, roaming: false, failover: false, isAvailable: true]}  network{482}  lp{{InterfaceName: rmnet0 LinkAddresses: [10.33.116.26/30,]  Routes: [0.0.0.0/0 -> 10.33.116.25 rmnet0,] DnsAddresses: [10.74.210.210,10.74.210.211,] Domains: null MTU: 1500 TcpBufferSizes: 524288,1048576,2097152,262144,524288,1048576}}  nc{[ Transports: CELLULAR Capabilities: MMS&SUPL&INTERNET&NOT_RESTRICTED&TRUSTED&NOT_VPN LinkUpBandwidth>=51200Kbps LinkDnBandwidth>=102400Kbps Specifier: <2>]}  Score{10}  everValidated{false}  lastValidated{false}  created{false} lingering{false} explicitlySelected{false} acceptUnvalidated{false} everCaptivePortalDetected{false} lastCaptivePortalDetected{false} }
06-27 19:05:48.741   801  1168 D ConnectivityService: NetworkAgentInfo [MOBILE (LTE) - 482] EVENT_NETWORK_INFO_CHANGED, going from null to CONNECTED
06-27 19:05:48.741   801  1168 D ConnectivityService: Adding iface rmnet0 to network 482
06-27 19:05:48.773   801  1168 D ConnectivityService: Setting MTU size: rmnet0, 1500
06-27 19:05:48.774   801  1168 D ConnectivityService: Adding Route [0.0.0.0/0 -> 10.33.116.25 rmnet0] to network 482
06-27 19:05:48.774   801  1168 D ConnectivityService: Setting Dns servers for network 482 to [/10.74.210.210, /10.74.210.211]
06-27 19:05:48.792   801  1168 D ConnectivityService: notifyType IP_CHANGED for NetworkAgentInfo [MOBILE (LTE) - 482]
06-27 19:05:48.809   801  1168 D ConnectivityService: scheduleUnvalidatedPrompt 482
06-27 19:05:48.809   801  1168 D ConnectivityService: updateSignalStrengthThresholds: CONNECT, sending [] to NetworkAgentInfo [MOBILE (LTE) - 482]
06-27 19:05:48.809   801  1168 D ConnectivityService: rematch for NetworkAgentInfo [MOBILE (LTE) - 482]
06-27 19:05:48.809   801  1168 D ConnectivityService:    accepting network in place of null
06-27 19:05:48.810   801  1168 D ConnectivityService: Switching to new default network: NetworkAgentInfo{ ni{[type: MOBILE[LTE], state: CONNECTED/CONNECTED, reason: connected, extra: internet.telekom, roaming: false, failover: false, isAvailable: true]}  network{482}  lp{{InterfaceName: rmnet0 LinkAddresses: [10.33.116.26/30,]  Routes: [0.0.0.0/0 -> 10.33.116.25 rmnet0,] DnsAddresses: [10.74.210.210,10.74.210.211,] Domains: null MTU: 1500 TcpBufferSizes: 524288,1048576,2097152,262144,524288,1048576}}  nc{[ Transports: CELLULAR Capabilities: MMS&SUPL&INTERNET&NOT_RESTRICTED&TRUSTED&NOT_VPN LinkUpBandwidth>=51200Kbps LinkDnBandwidth>=102400Kbps Specifier: <2>]}  Score{10}  everValidated{false}  lastValidated{false}  created{true} lingering{false} explicitlySelected{false} acceptUnvalidated{false} everCaptivePortalDetected{false} lastCaptivePortalDetected{false} }
06-27 19:05:48.814   801  1168 D CSLegacyTypeTracker: Sending CONNECTED broadcast for type 0 NetworkAgentInfo [MOBILE (LTE) - 482] isDefaultNetwork=true
06-27 19:05:48.814   801  1168 D ConnectivityService: sendStickyBroadcast: action=android.net.conn.CONNECTIVITY_CHANGE
06-27 19:05:48.815   801  1168 D ConnectivityService: notifyType PRECHECK for NetworkAgentInfo [MOBILE (LTE) - 482]
06-27 19:05:49.148   801  1205 I ActivityManager: Start proc 7361:com.google.android.apps.plus/u0a68 for broadcast com.google.android.apps.plus/com.google.android.libraries.social.autobackup.AutoBackupEnvironment$ConnectivityReceiver
06-27 19:05:49.800   801  3333 W ActivityManager: Permission Denial: opening provider com.android.providers.contacts.ContactsProvider2 from ProcessRecord{a5ce51c 7361:com.google.android.apps.plus/u0a68} (pid=7361, uid=10068) requires android.permission.READ_CONTACTS or android.permission.WRITE_CONTACTS
06-27 19:05:49.812   801  1168 D ConnectivityService: NetTransition Wakelock (NetworkAgentInfo [WIFI () - 481] cleared because we found a replacement network
06-27 19:05:49.819   801  1276 I ActivityManager: Start proc 7398:com.google.android.apps.photos/u0a66 for broadcast com.google.android.apps.photos/.actionqueue.SystemReceiver
06-27 19:05:50.024   801  1168 D ConnectivityService: setProvNotificationVisibleIntent null visible=false networkType=MOBILE extraInfo=null highPriority=false
06-27 19:05:50.024   801  1168 D ConnectivityService: NetworkAgentInfo [MOBILE (LTE) - 482] validation  passed
06-27 19:05:50.024   801  1168 D ConnectivityService: notifyType CAP_CHANGED for NetworkAgentInfo [MOBILE (LTE) - 482]
06-27 19:05:50.027   801  1168 D ConnectivityService: sendStickyBroadcast: action=android.net.conn.INET_CONDITION_ACTION
06-27 19:05:50.500   801  3333 I ActivityManager: Start proc 7416:com.csipsimple:sipStack/u0a90 for broadcast com.csipsimple/.service.DeviceStateReceiver
06-27 19:05:50.642   801  3333 I ActivityManager: Start proc 7449:com.csipsimple/u0a90 for content provider com.csipsimple/.service.PreferenceProvider
06-27 19:05:50.701   801   812 I ActivityManager: Start proc 7465:org.linphone/u0a108 for broadcast org.linphone/.NetworkManager
06-27 19:05:56.809   801  1168 D ConnectivityService: handlePromptUnvalidated 482
06-27 19:06:22.327   801   814 I ActivityManager: Waited long enough for: ServiceRecord{f0d65bf u0 org.fdroid.fdroid/.net.WifiStateChangeService}
06-27 19:06:53.508   801   814 I ActivityManager: Waited long enough for: ServiceRecord{cd3f0d9 u0 com.fsck.k9/.service.PushService}
06-27 19:11:48.803   801   891 I ActivityManager: Start proc 7557:com.google.android.apps.maps/u0a59 for service com.google.android.apps.maps/com.google.android.apps.gmm.prefetch.PrefetcherService
06-27 19:11:48.899   801  1206 D WifiService: acquireWifiLockLocked: WifiLock{NlpWifiLock type=2 binder=android.os.BinderProxy@5d47238}
06-27 19:11:48.949   801  3333 D WifiService: acquireWifiLockLocked: WifiLock{NlpWifiLock type=2 binder=android.os.BinderProxy@591e211}
06-27 19:11:49.439   801  1277 D WifiService: releaseWifiLockLocked: WifiLock{NlpWifiLock type=2 binder=android.os.BinderProxy@591e211}
06-27 19:11:49.511   801  1167 D WifiService: New client listening to asynchronous messages
06-27 19:11:49.552   801  1206 D WifiService: releaseWifiLockLocked: WifiLock{NlpWifiLock type=2 binder=android.os.BinderProxy@5d47238}
06-27 19:14:07.814   801   816 E BatteryStatsImpl: Data connection inactive timestamp 1189114080 is before start time 1189221970
06-27 19:15:54.884   801   814 I ActivityManager: Start proc 7663:com.android.cellbroadcastreceiver/u0a3 for broadcast com.android.cellbroadcastreceiver/.CellBroadcastReceiver
06-27 19:15:54.886   801  1168 D ConnectivityService: notifyType CAP_CHANGED for NetworkAgentInfo [MOBILE (LTE) - 482]
06-27 19:15:54.887   801  1168 D ConnectivityService: Setting tx/rx TCP buffers to 122334,734003,2202010,32040,192239,576717
06-27 19:15:54.934   801  1168 D ConnectivityService: notifyType IP_CHANGED for NetworkAgentInfo [MOBILE (HSPA+) - 482]
06-27 19:16:08.806   801   816 E BatteryStatsImpl: Data connection inactive timestamp 1189339386 is before start time 1189342971
06-27 19:16:34.837   801  1168 D ConnectivityService: notifyType CAP_CHANGED for NetworkAgentInfo [MOBILE (HSPA+) - 482]
06-27 19:16:34.838   801  1168 D ConnectivityService: Setting tx/rx TCP buffers to 524288,1048576,2097152,262144,524288,1048576
06-27 19:16:34.872   801  1168 D ConnectivityService: notifyType IP_CHANGED for NetworkAgentInfo [MOBILE (LTE) - 482]
06-27 19:18:07.802   801   816 E BatteryStatsImpl: Data connection inactive timestamp 1189428306 is before start time 1189461967
06-27 19:18:14.832   801  1168 D ConnectivityService: notifyType CAP_CHANGED for NetworkAgentInfo [MOBILE (LTE) - 482]
06-27 19:18:14.833   801  1168 D ConnectivityService: Setting tx/rx TCP buffers to 122334,734003,2202010,32040,192239,576717
06-27 19:18:14.881   801  1168 D ConnectivityService: notifyType IP_CHANGED for NetworkAgentInfo [MOBILE (HSPA+) - 482]
06-27 19:19:15.283   801  1166 D ConnectivityService: registerNetworkAgent NetworkAgentInfo{ ni{[type: WIFI[], state: CONNECTING/CONNECTING, reason: (unspecified), extra: "bomas", roaming: false, failover: false, isAvailable: true]}  network{483}  lp{{InterfaceName: wlan0 LinkAddresses: []  Routes: [] DnsAddresses: [] Domains: null MTU: 0 TcpBufferSizes: 524288,1048576,2097152,262144,524288,1048576}}  nc{[ Transports: WIFI Capabilities: INTERNET&NOT_RESTRICTED&TRUSTED&NOT_VPN LinkUpBandwidth>=1048576Kbps LinkDnBandwidth>=1048576Kbps]}  Score{20}  everValidated{false}  lastValidated{false}  created{false} lingering{false} explicitlySelected{false} acceptUnvalidated{false} everCaptivePortalDetected{false} lastCaptivePortalDetected{false} }
06-27 19:19:15.283   801  1168 D ConnectivityService: NetworkAgentInfo [WIFI () - 483] EVENT_NETWORK_INFO_CHANGED, going from null to CONNECTING
06-27 19:19:16.559   801  1168 D ConnectivityService: NetworkAgentInfo [WIFI () - 483] EVENT_NETWORK_INFO_CHANGED, going from CONNECTING to CONNECTED
06-27 19:19:16.562   801  1168 D ConnectivityService: Adding iface wlan0 to network 483
06-27 19:19:16.621   801  1168 E ConnectivityService: Unexpected mtu value: 0, wlan0
06-27 19:19:16.621   801  1168 D ConnectivityService: Adding Route [fe80::/64 -> :: wlan0] to network 483
06-27 19:19:16.621   801  1168 D ConnectivityService: Adding Route [192.168.0.0/24 -> 0.0.0.0 wlan0] to network 483
06-27 19:19:16.622   801  1168 D ConnectivityService: Adding Route [0.0.0.0/0 -> 192.168.0.1 wlan0] to network 483
06-27 19:19:16.622   801  1168 D ConnectivityService: Setting Dns servers for network 483 to [/80.69.96.12, /81.210.129.4]
06-27 19:19:16.639   801  1168 D ConnectivityService: notifyType IP_CHANGED for NetworkAgentInfo [WIFI () - 483]
06-27 19:19:16.655   801  1168 D ConnectivityService: scheduleUnvalidatedPrompt 483
06-27 19:19:16.655   801  1168 D ConnectivityService: updateSignalStrengthThresholds: CONNECT, sending [] to NetworkAgentInfo [WIFI () - 483]
06-27 19:19:16.657   801  1168 D ConnectivityService: notifyType PRECHECK for NetworkAgentInfo [WIFI () - 483]
06-27 19:19:16.767   801  1168 D ConnectivityService: setProvNotificationVisibleIntent null visible=false networkType=MOBILE extraInfo=null highPriority=false
06-27 19:19:16.767   801  1168 D ConnectivityService: NetworkAgentInfo [WIFI () - 483] validation  passed
06-27 19:19:16.767   801  1168 D ConnectivityService: rematch for NetworkAgentInfo [WIFI () - 483]
06-27 19:19:16.767   801  1168 D ConnectivityService:    accepting network in place of NetworkAgentInfo [MOBILE (HSPA+) - 482]
06-27 19:19:16.767   801  1168 D ConnectivityService: notifyType LOSING for NetworkAgentInfo [MOBILE (HSPA+) - 482]
06-27 19:19:16.769   801  1168 D ConnectivityService: Switching to new default network: NetworkAgentInfo{ ni{[type: WIFI[], state: CONNECTED/CONNECTED, reason: (unspecified), extra: "bomas", roaming: false, failover: false, isAvailable: true]}  network{483}  lp{{InterfaceName: wlan0 LinkAddresses: [fe80::cefa:ff:fead:4365/64,192.168.0.13/24,]  Routes: [fe80::/64 -> :: wlan0,192.168.0.0/24 -> 0.0.0.0 wlan0,0.0.0.0/0 -> 192.168.0.1 wlan0,] DnsAddresses: [80.69.96.12,81.210.129.4,] Domains: upc.de MTU: 0 TcpBufferSizes: 524288,1048576,2097152,262144,524288,1048576}}  nc{[ Transports: WIFI Capabilities: INTERNET&NOT_RESTRICTED&TRUSTED&NOT_VPN&VALIDATED LinkUpBandwidth>=1048576Kbps LinkDnBandwidth>=1048576Kbps]}  Score{60}  everValidated{true}  lastValidated{true}  created{true} lingering{false} explicitlySelected{false} acceptUnvalidated{false} everCaptivePortalDetected{false} lastCaptivePortalDetected{false} }
06-27 19:19:16.770   801  1168 D ConnectivityService: Setting tx/rx TCP buffers to 524288,1048576,2097152,262144,524288,1048576
06-27 19:19:16.773   801  1168 D CSLegacyTypeTracker: Sending DISCONNECTED broadcast for type 0 NetworkAgentInfo [MOBILE (HSPA+) - 482] isDefaultNetwork=true
06-27 19:19:16.773   801  1168 D ConnectivityService: sendStickyBroadcast: action=android.net.conn.CONNECTIVITY_CHANGE
06-27 19:19:16.774   801  1168 D CSLegacyTypeTracker: Sending CONNECTED broadcast for type 1 NetworkAgentInfo [WIFI () - 483] isDefaultNetwork=true
06-27 19:19:16.774   801  1168 D ConnectivityService: sendStickyBroadcast: action=android.net.conn.CONNECTIVITY_CHANGE
06-27 19:19:16.779   801  1168 D ConnectivityService: notifyType CAP_CHANGED for NetworkAgentInfo [WIFI () - 483]
06-27 19:19:32.856   801  1168 D ConnectivityService: notifyType CAP_CHANGED for NetworkAgentInfo [MOBILE (HSPA+) - 482]
06-27 19:19:32.882   801  1168 D ConnectivityService: notifyType IP_CHANGED for NetworkAgentInfo [MOBILE (LTE) - 482]
06-27 19:19:47.795   801  1168 D ConnectivityService: handleLingerComplete for NetworkAgentInfo [MOBILE (LTE) - 482]
06-27 19:19:47.795   801  1168 D ConnectivityService: NetworkAgentInfo [MOBILE (LTE) - 482] got DISCONNECTED, was satisfying 4
06-27 19:19:47.814   801  1168 D ConnectivityService: notifyType LOST for NetworkAgentInfo [MOBILE (LTE) - 482]
06-27 19:19:50.220   801  1168 D ConnectivityService: handlePromptUnvalidated 483
06-27 19:28:39.844   801   814 I ActivityManager: Waited long enough for: ServiceRecord{87dcd10 u0 com.fsck.k9/.service.PushService}
06-27 19:49:13.143   801 25507 D WifiService: acquireWifiLockLocked: WifiLock{NlpWifiLock type=2 binder=android.os.BinderProxy@5787593}
06-27 19:49:13.148   801  1278 D WifiService: acquireWifiLockLocked: WifiLock{NlpWifiLock type=2 binder=android.os.BinderProxy@acf09d0}
06-27 19:49:13.166   801 25508 I ActivityManager: Start proc 8386:com.google.android.calendar/u0a32 for broadcast com.google.android.calendar/com.android.calendar.widget.CalendarAppWidgetProvider
06-27 19:49:13.477   801  1278 D WifiService: releaseWifiLockLocked: WifiLock{NlpWifiLock type=2 binder=android.os.BinderProxy@acf09d0}
06-27 19:49:13.517   801   812 I ActivityManager: Start proc 8419:com.android.providers.calendar/u0a2 for content provider com.android.providers.calendar/.CalendarProvider2
06-27 19:49:14.154   801  1276 D WifiService: releaseWifiLockLocked: WifiLock{NlpWifiLock type=2 binder=android.os.BinderProxy@5787593}
06-27 19:50:05.964   801   811 I ActivityManager: Killing 30772:com.google.android.apps.fitness/u0a46 (adj 15): empty #17
06-27 19:50:39.791   801 25510 W ActivityManager: SLOW OOM ADJ: 33807ms for pid 3725 = 8
06-27 19:55:51.812   801  1277 I Telecom : : Adding new incoming call with phoneAccountHandle ComponentInfo{com.android.phone/com.android.services.telephony.TelephonyConnectionService}, [dc5129acf2d2a6eedf87e7fe05752dcdf2bc3a6c], UserHandle{0}
06-27 19:55:51.814   801  1277 I Telecom : PhoneAccountRegistrar: SimCallManager queried, returning: null
06-27 19:55:51.820   801  1277 I Telecom : Event: Call 52: CREATED, null
06-27 19:55:51.821   801   801 I Telecom : TelecomSystem: CallerInfoAsyncQuery.startQuery number=[4dee7275a9dc6013918c00214c3a139944e4b4e4] cookie=[161119732, NEW, null, tel:**************, A, childs(0), has_parent(false), [[Capabilities:]]]
06-27 19:55:51.827   801  1277 I Telecom : PhoneAccountRegistrar: SimCallManager queried, returning: null
06-27 19:55:51.827   801  1277 I Telecom : CreateConnectionProcessor: Trying attempt CallAttemptRecord(ComponentInfo{com.android.phone/com.android.services.telephony.TelephonyConnectionService}, [dc5129acf2d2a6eedf87e7fe05752dcdf2bc3a6c], UserHandle{0},ComponentInfo{com.android.phone/com.android.services.telephony.TelephonyConnectionService}, [dc5129acf2d2a6eedf87e7fe05752dcdf2bc3a6c], UserHandle{0})
06-27 19:55:51.827   801  1277 I Telecom : Event: Call 52: BIND_CS, ComponentInfo{com.android.phone/com.android.services.telephony.TelephonyConnectionService}
06-27 19:55:51.857   801   801 I Telecom : ServiceBinderConnection: Service bound ComponentInfo{com.android.phone/com.android.services.telephony.TelephonyConnectionService}
06-27 19:55:51.857   801   801 I Telecom : Event: Call 52: CS_BOUND, ComponentInfo{com.android.phone/com.android.services.telephony.TelephonyConnectionService}
06-27 19:55:51.857   801   801 I Telecom : Event: Call 52: START_CONNECTION, tel:**************
06-27 19:55:51.863   801  1982 I Telecom : PhoneAccountRegistrar: SimCallManager queried, returning: null
06-27 19:55:51.869   801  3333 I Telecom : CallAudioManager: updateAudioStreamAndMode :  mIsRinging: false, mIsTonePlaying: false, call: [161119732, NEW, com.android.phone/com.android.services.telephony.TelephonyConnectionService, tel:**************, A, childs(0), has_parent(false), [[Capabilities: CAPABILITY_SUPPORT_HOLD CAPABILITY_MUTE]]]
06-27 19:55:51.881   801   801 I Telecom : Call: CallerInfo received for tel:**************: com.android.internal.telephony.CallerInfo@3e18ade { name null, phoneNumber non-null }
06-27 19:55:51.881   801   801 I Telecom : CallsManager: setCallState NEW -> RINGING, call: [161119732, NEW, com.android.phone/com.android.services.telephony.TelephonyConnectionService, tel:**************, A, childs(0), has_parent(false), [[Capabilities: CAPABILITY_SUPPORT_HOLD CAPABILITY_MUTE]]]
06-27 19:55:51.897   801   801 I Telecom : Event: Call 52: SET_RINGING, successful incoming call
06-27 19:55:51.898   801   801 I Telecom : InCallController: Found default-dialer's In-Call UI: ComponentInfo{com.google.android.dialer/com.android.incallui.InCallServiceImpl}
06-27 19:55:51.898   801   801 I Telecom : InCallController: Attempting to bind to [def-dialer] InCall ComponentInfo{com.google.android.dialer/com.android.incallui.InCallServiceImpl}, with Intent { act=android.telecom.InCallService cmp=com.google.android.dialer/com.android.incallui.InCallServiceImpl }
06-27 19:55:51.905   801   801 I Telecom : PhoneStateBroadcaster: Broadcasted state change: 1
06-27 19:55:51.905   801   801 I Telecom : InCallWakeLockController: Acquiring full wake lock
06-27 19:55:51.905   801   801 I Telecom : CallAudioManager: updateAudioStreamAndMode :  mIsRinging: false, mIsTonePlaying: false, call: [161119732, RINGING, com.android.phone/com.android.services.telephony.TelephonyConnectionService, tel:**************, A, childs(0), has_parent(false), [[Capabilities: CAPABILITY_SUPPORT_HOLD CAPABILITY_MUTE]]]
06-27 19:55:51.910   801   814 W BroadcastQueue: Permission Denial: receiving Intent { act=android.intent.action.PHONE_STATE flg=0x10 (has extras) } to com.google.android.talk/com.google.android.apps.hangouts.telephony.TelePhoneStateReceiver requires android.permission.READ_PRIVILEGED_PHONE_STATE due to sender android (uid 1000)
06-27 19:55:51.910   801   814 W BroadcastQueue: Permission Denial: receiving Intent { act=android.intent.action.PHONE_STATE flg=0x10 (has extras) } to org.videolan.vlc.betav7neon/.PhoneStateReceiver requires android.permission.READ_PRIVILEGED_PHONE_STATE due to sender android (uid 1000)
06-27 19:55:51.910   801   814 W BroadcastQueue: Permission Denial: receiving Intent { act=android.intent.action.PHONE_STATE flg=0x10 (has extras) } to org.linphone/.PhoneStateChangedReceiver requires android.permission.READ_PRIVILEGED_PHONE_STATE due to sender android (uid 1000)
06-27 19:55:51.922   801   801 I Telecom : Event: Call 52: START_RINGER, null
06-27 19:55:51.922   801   801 I Telecom : CallAudioManager: setIsRinging false -> true (call = [161119732, RINGING, com.android.phone/com.android.services.telephony.TelephonyConnectionService, tel:**************, A, childs(0), has_parent(false), [[Capabilities: CAPABILITY_SUPPORT_HOLD CAPABILITY_MUTE]]])
06-27 19:55:51.922   801   801 I Telecom : CallAudioManager: updateAudioStreamAndMode :  mIsRinging: true, mIsTonePlaying: false, call: [161119732, RINGING, com.android.phone/com.android.services.telephony.TelephonyConnectionService, tel:**************, A, childs(0), has_parent(false), [[Capabilities: CAPABILITY_SUPPORT_HOLD CAPABILITY_MUTE]]]
06-27 19:55:51.923   801   801 I Telecom : CallAudioManager: updateAudioStreamAndMode : ringing
06-27 19:55:51.923   801   801 I Telecom : CallAudioManager: requestAudioFocusAndSetMode : requesting stream: STEAM_NONE -> STREAM_RING
06-27 19:55:51.924   801   801 I Telecom : CallAudioManager: updateAudioStreamAndMode :  mIsRinging: true, mIsTonePlaying: false, call: [161119732, RINGING, com.android.phone/com.android.services.telephony.TelephonyConnectionService, tel:**************, A, childs(0), has_parent(false), [[Capabilities: CAPABILITY_SUPPORT_HOLD CAPABILITY_MUTE]]]
06-27 19:55:51.924   801   801 I Telecom : CallAudioManager: updateAudioStreamAndMode : ringing
06-27 19:55:51.931   801  8490 I Telecom : AsyncRingtonePlayer: Play ringtone.
06-27 19:55:51.951   801   811 I ActivityManager: Start proc 8491:org.videolan.vlc.betav7neon/u0a103 for broadcast org.videolan.vlc.betav7neon/.PhoneStateReceiver
06-27 19:55:52.032   801   801 I Telecom : InCallController: onConnected to ComponentInfo{com.google.android.dialer/com.android.incallui.InCallServiceImpl}
06-27 19:55:52.032   801   801 I Telecom : InCallController: Adding 1 calls to InCallService after onConnected: ComponentInfo{com.google.android.dialer/com.android.incallui.InCallServiceImpl}
06-27 19:55:52.036   801   801 I Telecom : InCallController: Calling onAudioStateChanged, audioState: null -> [AudioState isMuted: false, route: EARPIECE, supportedRouteMask: EARPIECE, SPEAKER]
06-27 19:55:52.036   801   801 I Telecom : InCallController: onCanAddCallChanged : true
06-27 19:55:52.138   801  8490 I Telecom : AsyncRingtonePlayer: Repeat ringtone.
06-27 19:55:52.384   801  1277 I ActivityManager: START u0 {act=android.intent.action.MAIN flg=0x10040000 cmp=com.google.android.dialer/com.android.incallui.InCallActivity (has extras)} from uid 10010 on display 0
06-27 19:55:52.908   801   814 W ActivityManager: Activity pause timeout for ActivityRecord{9151ddb u0 com.google.android.dialer/com.android.incallui.InCallActivity t2356}
06-27 19:55:53.107   801   819 I PowerManagerService: Waking up from sleep (uid 1000)...
06-27 19:55:53.134   801   821 I DisplayPowerController: Blocking screen on until initial contents have been drawn.
06-27 19:55:53.171   801  1168 D ConnectivityService: notifyType CAP_CHANGED for NetworkAgentInfo [WIFI () - 483]
06-27 19:55:53.247   801   819 I DisplayManagerService: Display device changed state: "Integrierter Bildschirm", ON
06-27 19:55:53.329   801   821 I DisplayPowerController: Unblocked screen on after 195 ms
06-27 19:55:56.197   801  1168 D ConnectivityService: updateNetworkScore for NetworkAgentInfo [WIFI () - 483] to 60
06-27 19:55:59.214   801  1168 D ConnectivityService: notifyType CAP_CHANGED for NetworkAgentInfo [WIFI () - 483]
06-27 19:56:05.254   801  1168 D ConnectivityService: notifyType CAP_CHANGED for NetworkAgentInfo [WIFI () - 483]
06-27 19:56:08.436   801   812 I ActivityManager: START u0 {act=android.settings.SETTINGS flg=0x14000000 cmp=com.android.settings/.Settings} from uid 10020 on display 0
06-27 19:56:08.582   801 25507 I ActivityManager: Start proc 8662:com.android.settings/1000 for activity com.android.settings/.Settings
06-27 19:56:09.066   801   814 I ActivityManager: Start proc 8692:com.google.android.apps.fitness/u0a46 for broadcast com.google.android.apps.fitness/.widget.TodayStatusWidgetProvider
06-27 19:56:09.222   801  1276 I ActivityManager: Killing 7256:org.fdroid.fdroid:acra/u0a84 (adj 15): empty #17
06-27 19:56:15.112   801   811 I ActivityManager: START u0 {act=android.intent.action.MAIN flg=0x10040000 cmp=com.google.android.dialer/com.android.incallui.InCallActivity (has extras)} from uid 10010 on display 0
06-27 19:56:15.113   801 25509 I Telecom : Event: Call 52: STOP_RINGER, No more ringing calls found
06-27 19:56:15.113   801  8490 I Telecom : AsyncRingtonePlayer: Stop ringtone.
06-27 19:56:15.115   801 25509 I Telecom : CallAudioManager: setIsRinging true -> false (call = [161119732, RINGING, com.android.phone/com.android.services.telephony.TelephonyConnectionService, tel:**************, A, childs(0), has_parent(false), [[Capabilities: CAPABILITY_SUPPORT_HOLD CAPABILITY_MUTE]]])
06-27 19:56:15.115   801 25509 I Telecom : CallAudioManager: updateAudioStreamAndMode :  mIsRinging: false, mIsTonePlaying: false, call: [161119732, RINGING, com.android.phone/com.android.services.telephony.TelephonyConnectionService, tel:**************, A, childs(0), has_parent(false), [[Capabilities: CAPABILITY_SUPPORT_HOLD CAPABILITY_MUTE]]]
06-27 19:56:15.120   801 25509 I Telecom : Event: Call 52: REQUEST_ACCEPT, null
