06-25 02:09:17.177 12182 12182 E ActivityThread: 	at android.app.LoadedApk.getServiceDispatcher(LoadedApk.java:986)
06-25 02:09:17.177 12182 12182 E ActivityThread: 	at android.app.ContextImpl.bindServiceCommon(ContextImpl.java:1303)
06-25 02:09:17.177 12182 12182 E ActivityThread: 	at android.app.ContextImpl.bindService(ContextImpl.java:1286)
06-25 02:09:17.177 12182 12182 E ActivityThread: 	at android.content.ContextWrapper.bindService(ContextWrapper.java:604)
06-25 02:09:17.177 12182 12182 E ActivityThread: 	at jvs.a(SourceFile:127)
06-25 02:09:17.177 12182 12182 E ActivityThread: 	at jvs.a(SourceFile:144)
06-25 02:09:17.177 12182 12182 E ActivityThread: 	at com.google.android.gms.car.CarCallService.onBind(SourceFile:1447)
06-25 02:09:17.177 12182 12182 E ActivityThread: 	at android.app.ActivityThread.handleBindService(ActivityThread.java:2904)
06-25 02:09:17.177 12182 12182 E ActivityThread: 	at android.app.ActivityThread.-wrap2(ActivityThread.java)
06-25 02:09:17.177 12182 12182 E ActivityThread: 	at android.app.ActivityThread$H.handleMessage(ActivityThread.java:1432)
06-25 02:09:17.177 12182 12182 E ActivityThread: 	at android.os.Handler.dispatchMessage(Handler.java:102)
06-25 02:09:17.177 12182 12182 E ActivityThread: 	at android.os.Looper.loop(Looper.java:148)
06-25 02:09:17.177 12182 12182 E ActivityThread: 	at android.app.ActivityThread.main(ActivityThread.java:5417)
06-25 02:09:17.177 12182 12182 E ActivityThread: 	at java.lang.reflect.Method.invoke(Native Method)
06-25 02:09:17.177 12182 12182 E ActivityThread: 	at com.android.internal.os.ZygoteInit$MethodAndArgsCaller.run(ZygoteInit.java:726)
06-25 02:09:17.177 12182 12182 E ActivityThread: 	at com.android.internal.os.ZygoteInit.main(ZygoteInit.java:616)
06-25 02:09:17.177   801  1205 I chatty  : uid=1000(system) Binder_3 expire 6 lines
06-25 02:12:59.689 10594 12322 W ActivityThread: ClassLoader.loadClass: The class loader returned by Thread.getContextClassLoader() may fail for processes that host multiple applications. You should explicitly specify a context class loader. For example: Thread.setContextClassLoader(getClass().getClassLoader());
06-25 02:13:00.390   801  1206 I chatty  : uid=1000(system) Binder_4 expire 6 lines
06-25 02:13:02.781   801   825 I chatty  : uid=1000(system) PackageManager expire 12 lines
06-25 02:13:09.981   801  1168 I chatty  : uid=1000(system) ConnectivitySer expire 40 lines
06-25 02:13:10.209   801   811 I chatty  : uid=1000(system) Binder_1 expire 9 lines
06-25 02:13:11.468 12460 12460 I chatty  : uid=1000(system) expire 1 line
06-25 02:13:13.694   801  1276 I chatty  : uid=1000(system) Binder_6 expire 5 lines
06-25 02:13:14.211   801   812 I chatty  : uid=1000(system) Binder_2 expire 5 lines
06-25 02:13:14.526   801 25508 I chatty  : uid=1000(system) Binder_E expire 4 lines
06-25 02:13:14.725   801  1984 I chatty  : uid=1000(system) Binder_A expire 1 line
06-25 02:13:27.383 12872 12872 I chatty  : uid=1000(system) RefQueueWorker@ expire 1 line
06-25 02:13:34.714   801  3333 I chatty  : uid=1000(system) Binder_C expire 7 lines
06-25 03:23:39.967   801   895 I chatty  : uid=1000(system) MountService expire 3 lines
06-25 03:23:39.973   801   896 I chatty  : uid=1000(system) VoldConnector expire 3 lines
06-25 03:23:39.975   148 13757 D vold    : Starting trim of /data
06-25 03:23:46.747   148 13757 I vold    : Trimmed 3704524800 bytes on /data in 6770ms
06-25 03:23:46.748   148 13757 D vold    : Starting trim of /cache
06-25 03:23:46.755   148 13757 I vold    : Trimmed 0 bytes on /cache in 7ms
06-25 03:25:46.013   801   814 I chatty  : uid=1000(system) ActivityManager expire 24 lines
06-25 04:23:40.783   801  1886 I chatty  : uid=1000(system) FLP Service Cal expire 2 lines
06-25 07:33:08.944   801  1187 I chatty  : uid=1000(system) backup expire 1 line
06-25 07:42:39.220   801  1985 I chatty  : uid=1000(system) Binder_B expire 3 lines
06-25 09:24:11.739   801  1168 I chatty  : uid=1000(system) ConnectivitySer expire 36 lines
06-25 09:24:30.673   801   814 I chatty  : uid=1000(system) ActivityManager expire 17 lines
06-25 09:24:31.204   801 25508 I chatty  : uid=1000(system) Binder_E expire 7 lines
06-25 09:24:36.630   801  1982 I chatty  : uid=1000(system) Binder_9 expire 11 lines
06-25 09:24:58.642   801 25507 I chatty  : uid=1000(system) Binder_D expire 12 lines
06-25 09:44:30.882   801   813 I chatty  : uid=1000(system) android.bg expire 8 lines
06-25 10:03:29.822   801  1886 I chatty  : uid=1000(system) FLP Service Cal expire 2 lines
06-25 10:03:30.460   801  1275 I chatty  : uid=1000(system) Binder_5 expire 6 lines
06-25 10:03:30.461   801  1205 I chatty  : uid=1000(system) Binder_3 expire 10 lines
06-25 10:03:44.750   801  1984 I chatty  : uid=1000(system) Binder_A expire 9 lines
06-25 10:39:03.295   801  1276 I chatty  : uid=1000(system) Binder_6 expire 7 lines
06-25 10:39:18.995   801  3333 I chatty  : uid=1000(system) Binder_C expire 8 lines
06-25 10:52:05.389   801  1163 I chatty  : uid=1000(system) NetworkStats expire 1 line
06-25 10:52:06.296 19688 19723 E ActivityThread: Failed to find provider info for com.facebook.katana.provider.AttributionIdProvider
06-25 10:52:07.098   801 25510 I chatty  : uid=1000(system) Binder_10 expire 8 lines
06-25 10:52:07.099   801  1277 I chatty  : uid=1000(system) Binder_7 expire 9 lines
06-25 10:52:07.099   801  1168 I chatty  : uid=1000(system) ConnectivitySer expire 32 lines
06-25 11:40:37.650   801  1206 I chatty  : uid=1000(system) Binder_4 expire 5 lines
06-25 11:52:06.822   801   801 I chatty  : uid=1000 system_server expire 4 lines
06-25 11:52:07.230   801  1278 I chatty  : uid=1000(system) Binder_8 expire 4 lines
06-25 12:05:45.446   801   821 I chatty  : uid=1000(system) PowerManagerSer expire 10 lines
06-25 12:05:45.493   801   816 I chatty  : uid=1000(system) android.fg expire 1 line
06-25 12:05:45.665   801   819 I chatty  : uid=1000(system) android.display expire 5 lines
06-25 12:05:45.745   801   812 I chatty  : uid=1000(system) Binder_2 expire 8 lines
06-25 12:05:48.051   801   894 I chatty  : uid=1000(system) InputReader expire 5 lines
06-25 12:05:48.627   801  1167 I chatty  : uid=1000(system) WifiService expire 1 line
06-25 12:06:07.841   801  1187 I chatty  : uid=1000(system) backup expire 1 line
06-25 12:06:29.499   801   811 I chatty  : uid=1000(system) Binder_1 expire 6 lines
06-25 12:07:08.822   801   893 I chatty  : uid=1000(system) InputDispatcher expire 1 line
06-25 12:07:42.958 13970 21719 E ActivityThread: Failed to find provider info for com.google.android.wearable.settings
06-25 12:07:44.465   801 25509 I chatty  : uid=1000(system) Binder_F expire 12 lines
06-25 12:07:48.978   801   814 I chatty  : uid=1000(system) ActivityManager expire 1 line
06-25 12:07:48.991 13970 21719 E ActivityThread: Failed to find provider info for com.google.android.wearable.settings
06-25 12:10:45.622   801  1168 I chatty  : uid=1000(system) ConnectivitySer expire 95 lines
06-25 12:11:29.987   801   812 I chatty  : uid=1000(system) Binder_2 expire 10 lines
06-25 12:11:57.075   801  1982 I chatty  : uid=1000(system) Binder_9 expire 11 lines
06-25 12:12:06.547   801 25509 I chatty  : uid=1000(system) Binder_F expire 13 lines
06-25 12:12:10.659   801 25510 I chatty  : uid=1000(system) Binder_10 expire 10 lines
06-25 12:12:14.453   801 25508 I chatty  : uid=1000(system) Binder_E expire 6 lines
06-25 12:12:23.928   801  1278 I chatty  : uid=1000(system) Binder_8 expire 7 lines
06-25 12:12:39.300   801  1275 I chatty  : uid=1000(system) Binder_5 expire 17 lines
06-25 12:12:45.326   801   811 I chatty  : uid=1000(system) Binder_1 expire 6 lines
06-25 12:12:53.752   801  3333 I chatty  : uid=1000(system) Binder_C expire 8 lines
06-25 12:12:54.553   801  1985 I chatty  : uid=1000(system) Binder_B expire 5 lines
06-25 12:12:54.645   801  1277 I chatty  : uid=1000(system) Binder_7 expire 12 lines
06-25 12:13:18.852   801  1276 I chatty  : uid=1000(system) Binder_6 expire 10 lines
06-25 12:13:40.130   801  1206 I chatty  : uid=1000(system) Binder_4 expire 4 lines
06-25 12:14:44.269   801  1984 I chatty  : uid=1000(system) Binder_A expire 4 lines
06-25 12:16:05.353   801   801 I chatty  : uid=1000 system_server expire 8 lines
06-25 12:16:29.390   801  1205 I chatty  : uid=1000(system) Binder_3 expire 5 lines
06-25 12:17:24.474   801 25507 I chatty  : uid=1000(system) Binder_D expire 3 lines
06-25 12:17:52.680   801   894 I chatty  : uid=1000(system) InputReader expire 4 lines
06-25 12:17:52.682   801   821 I chatty  : uid=1000(system) PowerManagerSer expire 6 lines
06-25 12:17:53.365   801   819 I chatty  : uid=1000(system) android.display expire 4 lines
06-25 12:26:56.972   801   814 I chatty  : uid=1000(system) ActivityManager expire 2 lines
06-25 12:33:29.963   801   891 I chatty  : uid=1000(system) AlarmManager expire 1 line
06-25 12:34:06.436   801  1167 I chatty  : uid=1000(system) WifiService expire 1 line
06-25 13:46:40.186   801  1886 I chatty  : uid=1000(system) FLP Service Cal expire 3 lines
06-25 13:46:41.049   801   813 I chatty  : uid=1000(system) android.bg expire 8 lines
06-25 16:00:14.707   801 25508 I chatty  : uid=1000(system) Binder_E expire 11 lines
06-25 16:00:14.813   801  1275 I chatty  : uid=1000(system) Binder_5 expire 8 lines
06-25 16:00:16.031   801  1168 I chatty  : uid=1000(system) ConnectivitySer expire 51 lines
06-25 16:00:22.272   801  1277 I chatty  : uid=1000(system) Binder_7 expire 18 lines
06-25 16:00:22.318   801  1205 I chatty  : uid=1000(system) Binder_3 expire 14 lines
06-25 16:00:25.438   801  1278 I chatty  : uid=1000(system) Binder_8 expire 12 lines
06-25 16:00:28.514   801  1985 I chatty  : uid=1000(system) Binder_B expire 9 lines
06-25 16:00:35.994   801  1982 I chatty  : uid=1000(system) Binder_9 expire 8 lines
06-25 16:00:42.847   801 25510 I chatty  : uid=1000(system) Binder_10 expire 12 lines
06-25 16:00:50.355   801  3333 I chatty  : uid=1000(system) Binder_C expire 18 lines
06-25 16:01:14.468   801 25507 I chatty  : uid=1000(system) Binder_D expire 17 lines
06-25 16:02:32.617   801   811 I chatty  : uid=1000(system) Binder_1 expire 8 lines
06-25 16:03:27.368   801 25509 I chatty  : uid=1000(system) Binder_F expire 13 lines
06-25 16:03:42.856   801   815 I chatty  : uid=1000(system) android.ui expire 4 lines
06-25 16:03:43.003   801   814 I chatty  : uid=1000(system) ActivityManager expire 2 lines
06-25 16:03:43.122   801   819 I chatty  : uid=1000(system) android.display expire 9 lines
06-25 16:03:52.009   801  1206 I chatty  : uid=1000(system) Binder_4 expire 10 lines
06-25 16:03:54.143   801   812 I chatty  : uid=1000(system) Binder_2 expire 12 lines
06-25 16:06:05.368   801  1984 I chatty  : uid=1000(system) Binder_A expire 4 lines
06-25 16:08:06.367   801   821 I chatty  : uid=1000(system) PowerManagerSer expire 7 lines
06-25 16:10:52.957   801   894 I chatty  : uid=1000(system) InputReader expire 3 lines
06-25 16:15:53.956   801  1276 I chatty  : uid=1000(system) Binder_6 expire 10 lines
06-25 16:38:02.603   801  1168 I chatty  : uid=1000(system) ConnectivitySer expire 27 lines
06-25 16:38:02.809   801 25508 I chatty  : uid=1000(system) Binder_E expire 4 lines
06-25 16:38:03.650   801 25509 I chatty  : uid=1000(system) Binder_F expire 7 lines
06-25 16:38:04.618   801  3333 I chatty  : uid=1000(system) Binder_C expire 13 lines
06-25 16:38:05.873   801 25510 I chatty  : uid=1000(system) Binder_10 expire 13 lines
06-25 16:38:09.396   801  1206 I chatty  : uid=1000(system) Binder_4 expire 8 lines
06-25 16:38:12.627   801   811 I chatty  : uid=1000(system) Binder_1 expire 8 lines
06-25 16:38:13.861   801  1277 I chatty  : uid=1000(system) Binder_7 expire 9 lines
06-25 16:39:01.013   801  1278 I chatty  : uid=1000(system) Binder_8 expire 11 lines
06-25 16:39:01.223   801  1984 I chatty  : uid=1000(system) Binder_A expire 8 lines
06-25 16:39:07.822   801  1275 I chatty  : uid=1000(system) Binder_5 expire 12 lines
06-25 16:39:13.668   801   812 I chatty  : uid=1000(system) Binder_2 expire 14 lines
06-25 16:39:59.375   801  1205 I chatty  : uid=1000(system) Binder_3 expire 10 lines
06-25 16:40:00.001   801   801 I chatty  : uid=1000 system_server expire 1 line
06-25 16:40:03.911   801  1985 I chatty  : uid=1000(system) Binder_B expire 13 lines
06-25 16:42:28.388   801   894 I chatty  : uid=1000(system) InputReader expire 6 lines
06-25 16:42:28.389   801   821 I chatty  : uid=1000(system) PowerManagerSer expire 11 lines
06-25 16:42:28.972   801   819 I chatty  : uid=1000(system) android.display expire 8 lines
06-25 17:20:24.262   801 25507 I chatty  : uid=1000(system) Binder_D expire 6 lines
06-25 17:29:35.329   801   893 I chatty  : uid=1000(system) InputDispatcher expire 3 lines
06-25 17:30:54.651  1294  1294 V DeadZone: consuming errant click: (270.0,16.0)
06-25 17:30:58.761   801  1168 I chatty  : uid=1000(system) ConnectivitySer expire 13 lines
06-25 17:31:30.632   801   814 I chatty  : uid=1000(system) ActivityManager expire 6 lines
06-25 17:40:08.017   801  1982 I chatty  : uid=1000(system) Binder_9 expire 3 lines
06-25 17:40:18.938 29635 29678 E ActivityThread: Failed to find provider info for com.facebook.katana.provider.AttributionIdProvider
06-25 17:40:19.392   801  1276 I chatty  : uid=1000(system) Binder_6 expire 5 lines
06-25 17:40:43.746   801  1168 I chatty  : uid=1000(system) ConnectivitySer expire 23 lines
06-25 17:41:01.601   801  1167 I chatty  : uid=1000(system) WifiService expire 2 lines
06-25 17:41:33.820   801   813 I chatty  : uid=1000(system) android.bg expire 1 line
06-25 17:45:28.600   801   821 I chatty  : uid=1000(system) PowerManagerSer expire 10 lines
06-25 17:47:28.581   801  1205 I chatty  : uid=1000(system) Binder_3 expire 9 lines
06-25 17:47:29.064   801  1168 I chatty  : uid=1000(system) ConnectivitySer expire 34 lines
06-25 17:47:29.536   801 25510 I chatty  : uid=1000(system) Binder_10 expire 18 lines
06-25 17:47:30.965   801  1985 I chatty  : uid=1000(system) Binder_B expire 10 lines
06-25 17:47:56.007   801 25507 I chatty  : uid=1000(system) Binder_D expire 17 lines
06-25 17:48:31.840   801  1984 I chatty  : uid=1000(system) Binder_A expire 10 lines
06-25 17:48:34.981   801   811 I chatty  : uid=1000(system) Binder_1 expire 25 lines
06-25 17:48:39.108   801 25509 I chatty  : uid=1000(system) Binder_F expire 16 lines
06-25 17:48:46.194   801  1275 I chatty  : uid=1000(system) Binder_5 expire 14 lines
06-25 17:48:47.440   801  1206 I chatty  : uid=1000(system) Binder_4 expire 13 lines
06-25 17:48:47.732   801   812 I chatty  : uid=1000(system) Binder_2 expire 14 lines
06-25 17:49:09.086   801  3333 I chatty  : uid=1000(system) Binder_C expire 8 lines
06-25 17:49:27.669   801   815 I chatty  : uid=1000(system) android.ui expire 4 lines
06-25 17:49:28.051   801   819 I chatty  : uid=1000(system) android.display expire 7 lines
06-25 17:49:28.192   801  1982 I chatty  : uid=1000(system) Binder_9 expire 3 lines
06-25 17:49:57.736   801  1278 I chatty  : uid=1000(system) Binder_8 expire 8 lines
06-25 17:50:08.615   801  1276 I chatty  : uid=1000(system) Binder_6 expire 10 lines
06-25 17:51:37.753   801  1277 I chatty  : uid=1000(system) Binder_7 expire 12 lines
06-25 17:52:23.873   801 25508 I chatty  : uid=1000(system) Binder_E expire 3 lines
06-25 17:53:00.072   801   814 I chatty  : uid=1000(system) ActivityManager expire 7 lines
06-25 17:56:41.729   801   894 I chatty  : uid=1000(system) InputReader expire 3 lines
06-25 18:07:17.968   801  1163 I chatty  : uid=1000(system) NetworkStats expire 1 line
06-25 18:26:39.511   801   891 I chatty  : uid=1000(system) AlarmManager expire 1 line
06-25 18:26:40.400   801  1167 I chatty  : uid=1000(system) WifiService expire 1 line
06-25 18:28:10.990   801  1168 I chatty  : uid=1000(system) ConnectivitySer expire 54 lines
06-25 18:28:13.482   801  1276 I chatty  : uid=1000(system) Binder_6 expire 13 lines
06-25 18:28:19.617   801 25509 I chatty  : uid=1000(system) Binder_F expire 8 lines
06-25 18:28:20.557   801  1278 I chatty  : uid=1000(system) Binder_8 expire 13 lines
06-25 18:28:21.307   801  3333 I chatty  : uid=1000(system) Binder_C expire 11 lines
06-25 18:28:24.528   801 25508 I chatty  : uid=1000(system) Binder_E expire 10 lines
06-25 18:28:24.776   801  1171 I chatty  : uid=1000(system) ranker expire 1 line
06-25 18:28:28.959   801  1984 I chatty  : uid=1000(system) Binder_A expire 7 lines
06-25 18:28:52.712   801  1206 I chatty  : uid=1000(system) Binder_4 expire 10 lines
06-25 18:29:00.156   801  1277 I chatty  : uid=1000(system) Binder_7 expire 10 lines
06-25 18:29:03.356   801  1982 I chatty  : uid=1000(system) Binder_9 expire 9 lines
06-25 18:29:06.408   801   813 I chatty  : uid=1000(system) android.bg expire 1 line
06-25 18:29:13.550   801  1275 I chatty  : uid=1000(system) Binder_5 expire 12 lines
06-25 18:30:15.048   801   815 I chatty  : uid=1000(system) android.ui expire 5 lines
06-25 18:30:15.185   801   819 I chatty  : uid=1000(system) android.display expire 8 lines
06-25 18:30:41.390   801  1205 I chatty  : uid=1000(system) Binder_3 expire 12 lines
06-25 18:30:53.232   801 25507 I chatty  : uid=1000(system) Binder_D expire 14 lines
06-25 18:30:54.435   801 25510 I chatty  : uid=1000(system) Binder_10 expire 11 lines
06-25 18:31:03.080   801  1985 I chatty  : uid=1000(system) Binder_B expire 17 lines
06-25 18:31:05.331   801   811 I chatty  : uid=1000(system) Binder_1 expire 19 lines
06-25 18:31:09.294   801   812 I chatty  : uid=1000(system) Binder_2 expire 15 lines
06-25 18:40:43.161   801  1984 I chatty  : uid=1000(system) Binder_A expire 10 lines
06-25 18:41:02.727   801   815 I chatty  : uid=1000(system) android.ui expire 5 lines
06-25 18:41:02.929   801   819 I chatty  : uid=1000(system) android.display expire 11 lines
06-25 18:41:03.627   801  1168 I chatty  : uid=1000(system) ConnectivitySer expire 93 lines
06-25 18:42:20.021   801  1277 I chatty  : uid=1000(system) Binder_7 expire 11 lines
06-25 18:42:21.384   801 25508 I chatty  : uid=1000(system) Binder_E expire 7 lines
06-25 18:42:22.104   801   893 I chatty  : uid=1000(system) InputDispatcher expire 1 line
06-25 18:42:22.116   801 25509 I chatty  : uid=1000(system) Binder_F expire 9 lines
06-25 18:42:23.477   801  3333 I chatty  : uid=1000(system) Binder_C expire 11 lines
06-25 18:42:26.197   801 25510 I chatty  : uid=1000(system) Binder_10 expire 12 lines
06-25 18:42:40.856   801  1985 I chatty  : uid=1000(system) Binder_B expire 5 lines
06-25 18:42:56.765   801   894 I chatty  : uid=1000(system) InputReader expire 3 lines
06-25 18:42:56.766   801   821 I chatty  : uid=1000(system) PowerManagerSer expire 7 lines
06-25 18:43:29.178   801  1205 I chatty  : uid=1000(system) Binder_3 expire 8 lines
06-25 18:47:27.154   801   811 I chatty  : uid=1000(system) Binder_1 expire 10 lines
06-25 18:51:27.966   801 25507 I chatty  : uid=1000(system) Binder_D expire 6 lines
06-25 18:51:28.127   801  1886 I chatty  : uid=1000(system) FLP Service Cal expire 2 lines
06-25 18:51:29.214   801   813 I chatty  : uid=1000(system) android.bg expire 5 lines
06-25 18:51:46.993   801  1982 I chatty  : uid=1000(system) Binder_9 expire 5 lines
06-25 18:53:59.685   801  1275 I chatty  : uid=1000(system) Binder_5 expire 6 lines
06-25 18:56:59.259   801  1276 I chatty  : uid=1000(system) Binder_6 expire 4 lines
06-25 19:03:14.009   801  1206 I chatty  : uid=1000(system) Binder_4 expire 9 lines
06-25 19:03:17.797   801  1278 I chatty  : uid=1000(system) Binder_8 expire 3 lines
06-25 19:03:17.928   801   814 I chatty  : uid=1000(system) ActivityManager expire 4 lines
06-25 19:04:35.509   801  1167 I chatty  : uid=1000(system) WifiService expire 4 lines
06-25 19:06:38.707   801  1275 I chatty  : uid=1000(system) Binder_5 expire 5 lines
06-25 19:06:41.484  5245  6161 W ActivityThread: ClassLoader.loadClass: The class loader returned by Thread.getContextClassLoader() may fail for processes that host multiple applications. You should explicitly specify a context class loader. For example: Thread.setContextClassLoader(getClass().getClassLoader());
06-25 19:06:42.774   801  1984 I chatty  : uid=1000(system) Binder_A expire 16 lines
06-25 19:06:43.326   801  1276 I chatty  : uid=1000(system) Binder_6 expire 16 lines
06-25 19:06:47.803   801 25510 I chatty  : uid=1000(system) Binder_10 expire 16 lines
06-25 19:06:48.462   801  1205 I chatty  : uid=1000(system) Binder_3 expire 11 lines
06-25 19:06:54.563   801  1168 I chatty  : uid=1000(system) ConnectivitySer expire 40 lines
06-25 19:06:55.727   801   893 I chatty  : uid=1000(system) InputDispatcher expire 3 lines
06-25 19:07:00.313   801  1985 I chatty  : uid=1000(system) Binder_B expire 14 lines
06-25 19:07:00.888   801 25508 I chatty  : uid=1000(system) Binder_E expire 17 lines
06-25 19:07:05.885   801  1206 I chatty  : uid=1000(system) Binder_4 expire 10 lines
06-25 19:07:10.888   801  1277 I chatty  : uid=1000(system) Binder_7 expire 10 lines
06-25 19:07:10.946   801   813 I chatty  : uid=1000(system) android.bg expire 3 lines
06-25 19:07:11.478   801 25509 I chatty  : uid=1000(system) Binder_F expire 12 lines
06-25 19:07:12.026   801   812 I chatty  : uid=1000(system) Binder_2 expire 8 lines
06-25 19:07:17.063   801  3333 I chatty  : uid=1000(system) Binder_C expire 11 lines
06-25 19:07:24.823   801 25507 I chatty  : uid=1000(system) Binder_D expire 9 lines
06-25 19:07:44.223   801  1982 I chatty  : uid=1000(system) Binder_9 expire 18 lines
06-25 19:07:59.889   801   811 I chatty  : uid=1000(system) Binder_1 expire 7 lines
06-25 19:08:10.492   801  1278 I chatty  : uid=1000(system) Binder_8 expire 13 lines
06-25 19:08:24.988   801  1886 I chatty  : uid=1000(system) FLP Service Cal expire 1 line
06-25 19:11:47.609   801   814 I chatty  : uid=1000(system) ActivityManager expire 1 line
06-25 19:11:48.026  8062  8062 D ActivityThread: Loading provider com.google.android.gmail.provider;com.android.mail.notifier;com.google.android.gm.email.provider;com.google.android.gm.email.notifier: com.android.email.provider.EmailProvider
06-25 19:11:58.648   801 25509 I chatty  : uid=1000(system) Binder_F expire 6 lines
06-25 19:11:59.772   801  1168 I chatty  : uid=1000(system) ConnectivitySer expire 4 lines
06-25 19:12:25.293   801  1984 I chatty  : uid=1000(system) Binder_A expire 1 line
06-25 19:12:49.855   801  1206 I chatty  : uid=1000(system) Binder_4 expire 12 lines
06-25 19:13:12.125   801  1982 I chatty  : uid=1000(system) Binder_9 expire 6 lines
06-25 19:13:12.600   801  1277 I chatty  : uid=1000(system) Binder_7 expire 22 lines
06-25 19:13:12.720   801 25510 I chatty  : uid=1000(system) Binder_10 expire 3 lines
06-25 19:13:13.748   801 25508 I chatty  : uid=1000(system) Binder_E expire 7 lines
06-25 19:13:16.134   801  1984 I chatty  : uid=1000(system) Binder_A expire 5 lines
06-25 19:13:18.281   801   894 I chatty  : uid=1000(system) InputReader expire 4 lines
06-25 19:13:18.285   801   821 I chatty  : uid=1000(system) PowerManagerSer expire 7 lines
06-25 19:13:18.299   801  1168 I chatty  : uid=1000(system) ConnectivitySer expire 60 lines
06-25 19:13:19.042   801   819 I chatty  : uid=1000(system) android.display expire 6 lines
06-25 19:13:19.573   801   812 I chatty  : uid=1000(system) Binder_2 expire 6 lines
06-25 19:16:52.967   801  1985 I chatty  : uid=1000(system) Binder_B expire 3 lines
06-25 19:43:19.961   801   891 I chatty  : uid=1000(system) AlarmManager expire 1 line
06-25 19:43:20.115   801   801 I chatty  : uid=1000 system_server expire 30 lines
06-25 19:43:21.036   801  1167 I chatty  : uid=1000(system) WifiService expire 2 lines
06-25 19:43:21.541   801  1278 I chatty  : uid=1000(system) Binder_8 expire 6 lines
06-25 19:43:21.727   801  1886 I chatty  : uid=1000(system) FLP Service Cal expire 2 lines
06-25 19:43:21.769   801   811 I chatty  : uid=1000(system) Binder_1 expire 9 lines
06-25 19:43:22.504   801  1276 I chatty  : uid=1000(system) Binder_6 expire 25 lines
06-25 19:43:22.601   801   813 I chatty  : uid=1000(system) android.bg expire 8 lines
06-25 19:43:36.430   801 25509 I chatty  : uid=1000(system) Binder_F expire 3 lines
06-25 19:43:36.456   801   814 I chatty  : uid=1000(system) ActivityManager expire 12 lines
06-25 19:43:51.597   801  1205 I chatty  : uid=1000(system) Binder_3 expire 3 lines
06-25 20:27:24.695   801 25507 I chatty  : uid=1000(system) Binder_D expire 5 lines
06-25 21:25:59.820   801  1275 I chatty  : uid=1000(system) Binder_5 expire 6 lines
06-25 21:25:59.893   801  1310 I chatty  : uid=1000(system) AsyncQueryWorke expire 1 line
06-25 21:26:00.032   801 10422 I chatty  : uid=1000(system) AsyncTask #1 expire 3 lines
06-25 21:28:08.975   801  1277 I chatty  : uid=1000(system) Binder_7 expire 12 lines
06-25 21:28:09.086   801 25508 I chatty  : uid=1000(system) Binder_E expire 23 lines
06-25 21:28:09.087   801   814 I chatty  : uid=1000(system) ActivityManager expire 7 lines
06-25 21:28:09.124   801   801 I chatty  : uid=1000 system_server expire 4 lines
06-25 21:28:09.401   801  1167 I chatty  : uid=1000(system) WifiService expire 1 line
06-25 21:28:11.390   801  1168 I chatty  : uid=1000(system) ConnectivitySer expire 44 lines
06-25 21:28:12.232   801   894 I chatty  : uid=1000(system) InputReader expire 2 lines
06-25 21:28:12.241   801   821 I chatty  : uid=1000(system) PowerManagerSer expire 6 lines
06-25 21:28:12.341   801   819 I chatty  : uid=1000(system) android.display expire 5 lines
06-25 21:28:29.618   801  1982 I chatty  : uid=1000(system) Binder_9 expire 7 lines
06-25 21:28:29.844   801 25509 I chatty  : uid=1000(system) Binder_F expire 18 lines
06-25 21:28:29.944   801  1278 I chatty  : uid=1000(system) Binder_8 expire 7 lines
06-25 21:28:29.994   801 25510 I chatty  : uid=1000(system) Binder_10 expire 15 lines
06-25 21:28:30.094   801  1984 I chatty  : uid=1000(system) Binder_A expire 12 lines
06-25 21:28:35.844   801   812 I chatty  : uid=1000(system) Binder_2 expire 9 lines
06-25 21:28:36.881   801  1985 I chatty  : uid=1000(system) Binder_B expire 10 lines
06-25 21:29:07.994   801  1276 I chatty  : uid=1000(system) Binder_6 expire 12 lines
06-25 21:29:52.086   801  1275 I chatty  : uid=1000(system) Binder_5 expire 4 lines
06-25 21:29:56.083   801  1206 I chatty  : uid=1000(system) Binder_4 expire 12 lines
06-25 21:29:58.486   801 25507 I chatty  : uid=1000(system) Binder_D expire 13 lines
06-25 21:29:59.957   801  1205 I chatty  : uid=1000(system) Binder_3 expire 9 lines
06-25 21:30:06.404   801  3333 I chatty  : uid=1000(system) Binder_C expire 12 lines
06-25 21:30:33.524   801   811 I chatty  : uid=1000(system) Binder_1 expire 7 lines
06-25 21:35:01.920   801   893 I chatty  : uid=1000(system) InputDispatcher expire 2 lines
06-25 21:35:28.801   801   815 I chatty  : uid=1000(system) android.ui expire 3 lines
06-25 21:36:46.284   801   813 I chatty  : uid=1000(system) android.bg expire 9 lines
06-25 21:36:47.012   801 25510 I chatty  : uid=1000(system) Binder_10 expire 10 lines
06-25 21:36:48.920   801  1205 I chatty  : uid=1000(system) Binder_3 expire 15 lines
06-25 21:36:50.091   801  1275 I chatty  : uid=1000(system) Binder_5 expire 13 lines
06-25 21:36:51.192   801 25507 I chatty  : uid=1000(system) Binder_D expire 9 lines
06-25 21:36:52.270   801  1984 I chatty  : uid=1000(system) Binder_A expire 8 lines
06-25 21:36:55.618   801  1985 I chatty  : uid=1000(system) Binder_B expire 7 lines
06-25 21:36:59.291   801  1278 I chatty  : uid=1000(system) Binder_8 expire 7 lines
06-25 21:37:00.384   801  1276 I chatty  : uid=1000(system) Binder_6 expire 6 lines
06-25 21:37:01.436   801  1277 I chatty  : uid=1000(system) Binder_7 expire 8 lines
06-25 21:37:06.762   801  3333 I chatty  : uid=1000(system) Binder_C expire 10 lines
06-25 21:37:09.219   801   812 I chatty  : uid=1000(system) Binder_2 expire 11 lines
06-25 21:37:14.168   801  1206 I chatty  : uid=1000(system) Binder_4 expire 10 lines
06-25 21:37:16.053   801 25509 I chatty  : uid=1000(system) Binder_F expire 15 lines
06-25 21:37:26.093   801 25508 I chatty  : uid=1000(system) Binder_E expire 10 lines
06-25 21:37:31.712   801  1982 I chatty  : uid=1000(system) Binder_9 expire 6 lines
06-25 21:37:33.235   801   811 I chatty  : uid=1000(system) Binder_1 expire 6 lines
06-25 21:37:43.753   801   894 I chatty  : uid=1000(system) InputReader expire 4 lines
06-25 21:37:43.764   801   821 I chatty  : uid=1000(system) PowerManagerSer expire 16 lines
06-25 21:37:43.856   801  1168 I chatty  : uid=1000(system) ConnectivitySer expire 26 lines
06-25 21:37:44.431   801   819 I chatty  : uid=1000(system) android.display expire 8 lines
06-25 21:40:06.964   801   801 I chatty  : uid=1000 system_server expire 5 lines
06-25 21:40:28.361   801   814 I chatty  : uid=1000(system) ActivityManager expire 13 lines
06-25 22:15:29.597 14197 14197 W ActivityThread: ClassLoader.loadClass: The class loader returned by Thread.getContextClassLoader() may fail for processes that host multiple applications. You should explicitly specify a context class loader. For example: Thread.setContextClassLoader(getClass().getClassLoader());
06-25 22:15:30.245   801   814 I chatty  : uid=1000(system) ActivityManager expire 5 lines
06-25 22:15:31.539   801  3333 I chatty  : uid=1000(system) Binder_C expire 7 lines
06-25 22:15:32.511   801  1167 I chatty  : uid=1000(system) WifiService expire 4 lines
06-25 22:18:42.025   801   891 I chatty  : uid=1000(system) AlarmManager expire 1 line
06-25 22:18:42.118   801  1163 I chatty  : uid=1000(system) NetworkStats expire 1 line
06-25 22:48:44.853   801  1275 I chatty  : uid=1000(system) Binder_5 expire 2 lines
06-25 23:14:46.658   801   893 I chatty  : uid=1000(system) InputDispatcher expire 1 line
06-25 23:15:03.191   801  1886 I chatty  : uid=1000(system) FLP Service Cal expire 2 lines
06-25 23:15:04.958   801  1168 I chatty  : uid=1000(system) ConnectivitySer expire 58 lines
06-25 23:15:05.538   801  1982 I chatty  : uid=1000(system) Binder_9 expire 12 lines
06-25 23:15:06.096   801   812 I chatty  : uid=1000(system) Binder_2 expire 8 lines
06-25 23:15:08.009   801  1277 I chatty  : uid=1000(system) Binder_7 expire 15 lines
06-25 23:15:08.597   801  1278 I chatty  : uid=1000(system) Binder_8 expire 6 lines
06-25 23:15:11.359   801  1187 I chatty  : uid=1000(system) backup expire 1 line
06-25 23:15:13.485   801 25509 I chatty  : uid=1000(system) Binder_F expire 13 lines
06-25 23:15:13.614   801   814 I chatty  : uid=1000(system) ActivityManager expire 10 lines
06-25 23:15:14.742   801  1275 I chatty  : uid=1000(system) Binder_5 expire 11 lines
06-25 23:15:17.141   801   894 I chatty  : uid=1000(system) InputReader expire 8 lines
06-25 23:15:17.147   801   821 I chatty  : uid=1000(system) PowerManagerSer expire 14 lines
06-25 23:15:17.352   801  1276 I chatty  : uid=1000(system) Binder_6 expire 6 lines
06-25 23:15:17.392   801  1205 I chatty  : uid=1000(system) Binder_3 expire 11 lines
06-25 23:15:17.760   801   819 I chatty  : uid=1000(system) android.display expire 9 lines
06-25 23:15:29.312   801  1984 I chatty  : uid=1000(system) Binder_A expire 9 lines
06-25 23:15:34.282   801 25510 I chatty  : uid=1000(system) Binder_10 expire 7 lines
06-25 23:15:35.332   801  3333 I chatty  : uid=1000(system) Binder_C expire 12 lines
06-25 23:15:39.526   801  1206 I chatty  : uid=1000(system) Binder_4 expire 9 lines
06-25 23:15:49.626   801  1985 I chatty  : uid=1000(system) Binder_B expire 7 lines
06-25 23:19:33.716   801  1164 I chatty  : uid=1000(system) NetworkPolicy expire 1 line
06-25 23:19:34.279   801  1167 I chatty  : uid=1000(system) WifiService expire 1 line
06-25 23:19:36.162   801 25507 I chatty  : uid=1000(system) Binder_D expire 6 lines
06-25 23:19:37.098   801 25508 I chatty  : uid=1000(system) Binder_E expire 8 lines
06-25 23:19:37.752   801   811 I chatty  : uid=1000(system) Binder_1 expire 5 lines
06-25 23:25:52.819   801   816 I chatty  : uid=1000(system) android.fg expire 5 lines
06-25 23:41:33.669   801   813 I chatty  : uid=1000(system) android.bg expire 5 lines
06-25 23:43:08.792   801   812 I chatty  : uid=1000(system) Binder_2 expire 7 lines
06-25 23:43:08.805   801 25509 I chatty  : uid=1000(system) Binder_F expire 5 lines
06-25 23:43:31.897   801  1277 I chatty  : uid=1000(system) Binder_7 expire 15 lines
06-25 23:44:35.803   801  1982 I chatty  : uid=1000(system) Binder_9 expire 5 lines
06-25 23:44:36.214   801   811 I chatty  : uid=1000(system) Binder_1 expire 5 lines
06-25 23:45:20.842   801  1168 I chatty  : uid=1000(system) ConnectivitySer expire 18 lines
06-25 23:45:20.865   801   814 I chatty  : uid=1000(system) ActivityManager expire 13 lines
06-25 23:45:35.798   801   894 I chatty  : uid=1000(system) InputReader expire 9 lines
06-25 23:45:35.808   801   821 I chatty  : uid=1000(system) PowerManagerSer expire 21 lines
06-25 23:45:35.953   801   819 I chatty  : uid=1000(system) android.display expire 15 lines
06-25 23:45:36.425   801   815 I chatty  : uid=1000(system) android.ui expire 1 line
06-25 23:45:36.624   801  1985 I chatty  : uid=1000(system) Binder_B expire 5 lines
06-25 23:45:37.665   801 25508 I chatty  : uid=1000(system) Binder_E expire 9 lines
06-25 23:45:42.608   801  1276 I chatty  : uid=1000(system) Binder_6 expire 5 lines
06-25 23:45:43.062   801  1205 I chatty  : uid=1000(system) Binder_3 expire 6 lines
06-25 23:45:46.297   801 25507 I chatty  : uid=1000(system) Binder_D expire 7 lines
06-25 23:45:48.696   801  1984 I chatty  : uid=1000(system) Binder_A expire 9 lines
06-25 23:45:53.882   801 25510 I chatty  : uid=1000(system) Binder_10 expire 7 lines
06-25 23:45:58.952   801  1278 I chatty  : uid=1000(system) Binder_8 expire 2 lines
06-25 23:46:07.309   801  1275 I chatty  : uid=1000(system) Binder_5 expire 2 lines
06-25 23:55:01.328 30447 21574 E ActivityThread: Failed to find provider info for com.google.android.wearable.settings
06-25 23:55:10.214 30447 21574 E ActivityThread: Failed to find provider info for com.google.android.wearable.settings
06-26 00:00:00.801   801   801 I chatty  : uid=1000 system_server expire 6 lines
06-26 00:01:55.816   801   816 I chatty  : uid=1000(system) android.fg expire 66 lines
06-26 00:57:37.092   801  1886 I chatty  : uid=1000(system) FLP Service Cal expire 1 line
06-26 00:57:40.423   801  3333 I chatty  : uid=1000(system) Binder_C expire 5 lines
06-26 01:35:54.383   801  1206 I chatty  : uid=1000(system) Binder_4 expire 7 lines
06-26 03:49:25.803   801   891 I chatty  : uid=1000(system) AlarmManager expire 2 lines
06-26 03:49:33.306 24267 24267 E ActivityThread: Service com.google.android.gms.car.CarCallService has leaked ServiceConnection glq@5d249b5 that was originally bound here
06-26 03:49:33.306 24267 24267 E ActivityThread: android.app.ServiceConnectionLeaked: Service com.google.android.gms.car.CarCallService has leaked ServiceConnection glq@5d249b5 that was originally bound here
06-26 03:49:33.306 24267 24267 E ActivityThread: 	at android.app.LoadedApk$ServiceDispatcher.<init>(LoadedApk.java:1092)
06-26 03:49:33.306 24267 24267 E ActivityThread: 	at android.app.LoadedApk.getServiceDispatcher(LoadedApk.java:986)
06-26 03:49:33.306 24267 24267 E ActivityThread: 	at android.app.ContextImpl.bindServiceCommon(ContextImpl.java:1303)
06-26 03:49:33.306 24267 24267 E ActivityThread: 	at android.app.ContextImpl.bindService(ContextImpl.java:1286)
06-26 03:49:33.306 24267 24267 E ActivityThread: 	at android.content.ContextWrapper.bindService(ContextWrapper.java:604)
06-26 03:49:33.306 24267 24267 E ActivityThread: 	at jvs.a(SourceFile:127)
06-26 03:49:33.306 24267 24267 E ActivityThread: 	at jvs.a(SourceFile:144)
06-26 03:49:33.306 24267 24267 E ActivityThread: 	at com.google.android.gms.car.CarCallService.onBind(SourceFile:1447)
06-26 03:49:33.306 24267 24267 E ActivityThread: 	at android.app.ActivityThread.handleBindService(ActivityThread.java:2904)
06-26 03:49:33.306 24267 24267 E ActivityThread: 	at android.app.ActivityThread.-wrap2(ActivityThread.java)
06-26 03:49:33.306 24267 24267 E ActivityThread: 	at android.app.ActivityThread$H.handleMessage(ActivityThread.java:1432)
06-26 03:49:33.306 24267 24267 E ActivityThread: 	at android.os.Handler.dispatchMessage(Handler.java:102)
06-26 03:49:33.306 24267 24267 E ActivityThread: 	at android.os.Looper.loop(Looper.java:148)
06-26 03:49:33.306 24267 24267 E ActivityThread: 	at android.app.ActivityThread.main(ActivityThread.java:5417)
06-26 03:49:33.306 24267 24267 E ActivityThread: 	at java.lang.reflect.Method.invoke(Native Method)
06-26 03:49:33.306 24267 24267 E ActivityThread: 	at com.android.internal.os.ZygoteInit$MethodAndArgsCaller.run(ZygoteInit.java:726)
06-26 03:49:33.306 24267 24267 E ActivityThread: 	at com.android.internal.os.ZygoteInit.main(ZygoteInit.java:616)
06-26 03:53:29.511   801  1982 I chatty  : uid=1000(system) Binder_9 expire 4 lines
06-26 03:53:29.523   801 25509 I chatty  : uid=1000(system) Binder_F expire 2 lines
06-26 03:53:29.548   801   814 I chatty  : uid=1000(system) ActivityManager expire 19 lines
06-26 03:55:52.801   801   816 I chatty  : uid=1000(system) android.fg expire 19 lines
06-26 03:57:41.795   801   894 I chatty  : uid=1000(system) InputReader expire 4 lines
06-26 03:57:41.805   801   821 I chatty  : uid=1000(system) PowerManagerSer expire 11 lines
06-26 03:57:41.883   801  1984 I chatty  : uid=1000(system) Binder_A expire 6 lines
06-26 03:57:41.894   801   819 I chatty  : uid=1000(system) android.display expire 6 lines
06-26 03:57:44.924   801  1205 I chatty  : uid=1000(system) Binder_3 expire 6 lines
06-26 03:57:51.863   801  1275 I chatty  : uid=1000(system) Binder_5 expire 3 lines
06-26 04:03:52.818   801  1206 I chatty  : uid=1000(system) Binder_4 expire 4 lines
06-26 04:05:52.816   801   812 I chatty  : uid=1000(system) Binder_2 expire 4 lines
06-26 04:33:26.890   801  1168 I chatty  : uid=1000(system) ConnectivitySer expire 101 lines
06-26 04:33:26.906   801   811 I chatty  : uid=1000(system) Binder_1 expire 3 lines
06-26 04:33:28.177   801 25507 I chatty  : uid=1000(system) Binder_D expire 5 lines
06-26 05:01:46.990   801 25508 I chatty  : uid=1000(system) Binder_E expire 8 lines
06-26 05:01:47.005   801  1985 I chatty  : uid=1000(system) Binder_B expire 8 lines
06-26 05:06:02.558   801  1166 I chatty  : uid=1000(system) WifiStateMachin expire 1 line
06-26 05:06:04.393   801  1278 I chatty  : uid=1000(system) Binder_8 expire 3 lines
06-26 05:06:05.270   801  3333 I chatty  : uid=1000(system) Binder_C expire 5 lines
06-26 05:06:05.344   801  1276 I chatty  : uid=1000(system) Binder_6 expire 7 lines
06-26 05:06:06.114   801  1277 I chatty  : uid=1000(system) Binder_7 expire 3 lines
06-26 05:44:26.131   801  1886 I chatty  : uid=1000(system) FLP Service Cal expire 2 lines
06-26 05:44:26.219   801 25510 I chatty  : uid=1000(system) Binder_10 expire 2 lines
06-26 05:44:26.976   801   813 I chatty  : uid=1000(system) android.bg expire 8 lines
06-26 05:44:30.549   801   801 I chatty  : uid=1000 system_server expire 8 lines
06-26 06:30:49.376   801  1167 I chatty  : uid=1000(system) WifiService expire 1 line
06-26 12:23:12.059 30447 27742 E ActivityThread: Failed to find provider info for com.google.android.wearable.settings
06-26 12:23:15.713 30447 27742 E ActivityThread: Failed to find provider info for com.google.android.wearable.settings
06-26 12:26:39.918   801  1168 I chatty  : uid=1000(system) ConnectivitySer expire 72 lines
06-26 12:26:43.362   801   821 I chatty  : uid=1000(system) PowerManagerSer expire 6 lines
06-26 12:26:43.470   801   801 I chatty  : uid=1000 system_server expire 4 lines
06-26 12:26:43.589   801   819 I chatty  : uid=1000(system) android.display expire 5 lines
06-26 12:26:43.645   801   811 I chatty  : uid=1000(system) Binder_1 expire 13 lines
06-26 12:26:43.662   801  1205 I chatty  : uid=1000(system) Binder_3 expire 12 lines
06-26 12:26:43.875   801  1277 I chatty  : uid=1000(system) Binder_7 expire 9 lines
06-26 12:26:44.806   801  1985 I chatty  : uid=1000(system) Binder_B expire 13 lines
06-26 12:26:44.886   801 25507 I chatty  : uid=1000(system) Binder_D expire 11 lines
06-26 12:26:45.024   801  3333 I chatty  : uid=1000(system) Binder_C expire 10 lines
06-26 12:26:45.044   801 25509 I chatty  : uid=1000(system) Binder_F expire 7 lines
06-26 12:26:45.848   801  1984 I chatty  : uid=1000(system) Binder_A expire 10 lines
06-26 12:26:46.994   801  1278 I chatty  : uid=1000(system) Binder_8 expire 5 lines
06-26 12:26:47.364   801 25508 I chatty  : uid=1000(system) Binder_E expire 7 lines
06-26 12:26:47.900   801  1206 I chatty  : uid=1000(system) Binder_4 expire 8 lines
06-26 12:26:48.672   801  1275 I chatty  : uid=1000(system) Binder_5 expire 13 lines
06-26 12:26:48.834   801   812 I chatty  : uid=1000(system) Binder_2 expire 6 lines
06-26 12:26:51.759   801  1982 I chatty  : uid=1000(system) Binder_9 expire 7 lines
06-26 12:26:53.635   801   814 I chatty  : uid=1000(system) ActivityManager expire 8 lines
06-26 12:26:54.893   801  1886 I chatty  : uid=1000(system) FLP Service Cal expire 2 lines
06-26 12:26:56.124   801   813 I chatty  : uid=1000(system) android.bg expire 10 lines
06-26 12:27:09.612   801   893 I chatty  : uid=1000(system) InputDispatcher expire 1 line
06-26 12:27:10.337   801  1276 I chatty  : uid=1000(system) Binder_6 expire 12 lines
06-26 12:27:35.998   801   894 I chatty  : uid=1000(system) InputReader expire 2 lines
06-26 13:33:53.231   801   815 I chatty  : uid=1000(system) android.ui expire 2 lines
06-26 13:33:54.695   801 25510 I chatty  : uid=1000(system) Binder_10 expire 16 lines
06-26 13:37:12.229   801  1168 I chatty  : uid=1000(system) ConnectivitySer expire 44 lines
06-26 13:37:12.273   801 25508 I chatty  : uid=1000(system) Binder_E expire 19 lines
06-26 13:37:12.673   801  1982 I chatty  : uid=1000(system) Binder_9 expire 12 lines
06-26 13:37:12.813   801  1984 I chatty  : uid=1000(system) Binder_A expire 9 lines
06-26 13:37:25.523   801  1985 I chatty  : uid=1000(system) Binder_B expire 9 lines
06-26 13:37:28.189   801  1276 I chatty  : uid=1000(system) Binder_6 expire 18 lines
06-26 13:37:43.582   801   811 I chatty  : uid=1000(system) Binder_1 expire 16 lines
06-26 13:37:44.221   801  1205 I chatty  : uid=1000(system) Binder_3 expire 16 lines
06-26 13:37:47.259   801 25509 I chatty  : uid=1000(system) Binder_F expire 6 lines
06-26 13:38:15.531   801 25507 I chatty  : uid=1000(system) Binder_D expire 10 lines
06-26 13:38:20.388   801   814 I chatty  : uid=1000(system) ActivityManager expire 2 lines
06-26 13:38:21.672   801  1277 I chatty  : uid=1000(system) Binder_7 expire 13 lines
06-26 13:38:36.543   801  1275 I chatty  : uid=1000(system) Binder_5 expire 12 lines
06-26 13:38:41.744   801  1278 I chatty  : uid=1000(system) Binder_8 expire 14 lines
06-26 13:38:45.537   801   812 I chatty  : uid=1000(system) Binder_2 expire 10 lines
06-26 13:38:58.278   801  3333 I chatty  : uid=1000(system) Binder_C expire 8 lines
06-26 13:39:00.161   801  1206 I chatty  : uid=1000(system) Binder_4 expire 10 lines
06-26 13:42:20.173   801   894 I chatty  : uid=1000(system) InputReader expire 3 lines
06-26 13:42:20.179   801   821 I chatty  : uid=1000(system) PowerManagerSer expire 4 lines
06-26 13:42:20.846   801   819 I chatty  : uid=1000(system) android.display expire 3 lines
06-26 13:47:55.924   801   801 I chatty  : uid=1000 system_server expire 8 lines
06-26 13:57:10.940   801  1982 I chatty  : uid=1000(system) Binder_9 expire 17 lines
06-26 13:57:11.012   801  1275 I chatty  : uid=1000(system) Binder_5 expire 12 lines
06-26 13:58:03.794   801   894 I chatty  : uid=1000(system) InputReader expire 5 lines
06-26 13:58:03.796   801   821 I chatty  : uid=1000(system) PowerManagerSer expire 8 lines
06-26 13:58:03.882   801   819 I chatty  : uid=1000(system) android.display expire 6 lines
06-26 13:58:06.843   801  1168 I chatty  : uid=1000(system) ConnectivitySer expire 15 lines
06-26 13:58:14.378   801  3333 I chatty  : uid=1000(system) Binder_C expire 13 lines
06-26 13:58:14.456   801 25509 I chatty  : uid=1000(system) Binder_F expire 9 lines
06-26 13:58:23.801   801 25510 I chatty  : uid=1000(system) Binder_10 expire 17 lines
06-26 13:58:23.878   801  1276 I chatty  : uid=1000(system) Binder_6 expire 10 lines
06-26 13:58:28.102   801  1278 I chatty  : uid=1000(system) Binder_8 expire 11 lines
06-26 13:58:33.185   801  1205 I chatty  : uid=1000(system) Binder_3 expire 16 lines
06-26 13:58:33.413   801 25508 I chatty  : uid=1000(system) Binder_E expire 10 lines
06-26 13:58:40.137   801  1985 I chatty  : uid=1000(system) Binder_B expire 9 lines
06-26 13:58:43.804   801   811 I chatty  : uid=1000(system) Binder_1 expire 14 lines
06-26 13:58:43.876   801  1984 I chatty  : uid=1000(system) Binder_A expire 11 lines
06-26 13:58:44.953   801  1206 I chatty  : uid=1000(system) Binder_4 expire 16 lines
06-26 13:58:50.079   801   812 I chatty  : uid=1000(system) Binder_2 expire 16 lines
06-26 13:58:54.124   801 25507 I chatty  : uid=1000(system) Binder_D expire 14 lines
06-26 13:59:08.458   801  1277 I chatty  : uid=1000(system) Binder_7 expire 12 lines
06-26 14:01:29.315   801   815 I chatty  : uid=1000(system) android.ui expire 2 lines
06-26 14:11:47.890   801   813 I chatty  : uid=1000(system) android.bg expire 2 lines
06-26 14:26:39.067   801   814 I chatty  : uid=1000(system) ActivityManager expire 13 lines
06-26 14:31:15.522   801 25508 I chatty  : uid=1000(system) Binder_E expire 5 lines
06-26 14:31:15.577   801  1275 I chatty  : uid=1000(system) Binder_5 expire 5 lines
06-26 14:31:17.838   801  1168 I chatty  : uid=1000(system) ConnectivitySer expire 36 lines
06-26 14:31:22.300   801  1278 I chatty  : uid=1000(system) Binder_8 expire 8 lines
06-26 14:31:23.659   801  1206 I chatty  : uid=1000(system) Binder_4 expire 10 lines
06-26 14:31:26.917   801   894 I chatty  : uid=1000(system) InputReader expire 14 lines
06-26 14:31:26.918   801   821 I chatty  : uid=1000(system) PowerManagerSer expire 41 lines
06-26 14:31:27.432   801   819 I chatty  : uid=1000(system) android.display expire 22 lines
06-26 14:31:27.873   801  1277 I chatty  : uid=1000(system) Binder_7 expire 7 lines
06-26 14:38:21.799   801 25510 I chatty  : uid=1000(system) Binder_10 expire 5 lines
06-26 14:38:21.815   801  1985 I chatty  : uid=1000(system) Binder_B expire 5 lines
06-26 14:38:23.563   801   812 I chatty  : uid=1000(system) Binder_2 expire 5 lines
06-26 14:45:17.966  3200  3200 W ActivityThread: ClassLoader.loadClass: The class loader returned by Thread.getContextClassLoader() may fail for processes that host multiple applications. You should explicitly specify a context class loader. For example: Thread.setContextClassLoader(getClass().getClassLoader());
06-26 15:31:16.149   801 25509 I chatty  : uid=1000(system) Binder_F expire 3 lines
06-26 15:45:05.826   801  1982 I chatty  : uid=1000(system) Binder_9 expire 5 lines
06-26 15:45:05.960   801   801 I chatty  : uid=1000 system_server expire 32 lines
06-26 15:45:05.964   801   895 I chatty  : uid=1000(system) MountService expire 3 lines
06-26 15:45:05.982   148  3969 D vold    : Starting trim of /data
06-26 15:45:05.982   801   896 I chatty  : uid=1000(system) VoldConnector expire 3 lines
06-26 15:45:06.012  3057  3967 D DownloadManager: Removed 0 stale downloads
06-26 15:45:06.064  3057  3967 D DownloadManager: Found 6 files in database
06-26 15:45:06.064  3057  3967 D DownloadManager: Found 0 files on disk
06-26 15:45:14.442   148  3969 I vold    : Trimmed 3347988480 bytes on /data in 8458ms
06-26 15:45:14.442   148  3969 D vold    : Starting trim of /cache
06-26 15:45:14.451   148  3969 I vold    : Trimmed 0 bytes on /cache in 8ms
06-26 15:51:54.512   801  1205 I chatty  : uid=1000(system) Binder_3 expire 3 lines
06-26 15:55:29.634   801  1276 I chatty  : uid=1000(system) Binder_6 expire 4 lines
06-26 15:56:12.623   801   820 I chatty  : uid=1000(system) CpuTracker expire 4 lines
06-26 15:57:48.335   801   811 I chatty  : uid=1000(system) Binder_1 expire 3 lines
06-26 15:58:44.315   801 25507 I chatty  : uid=1000(system) Binder_D expire 8 lines
06-26 15:59:13.584   801  1984 I chatty  : uid=1000(system) Binder_A expire 7 lines
06-26 16:03:48.112   801  3333 I chatty  : uid=1000(system) Binder_C expire 3 lines
06-26 16:04:24.889   801   813 I chatty  : uid=1000(system) android.bg expire 1 line
06-26 16:08:36.171   801   816 I chatty  : uid=1000(system) android.fg expire 3 lines
06-26 17:16:26.022   801   893 I chatty  : uid=1000(system) InputDispatcher expire 1 line
06-26 17:16:43.716   801  1276 I chatty  : uid=1000(system) Binder_6 expire 21 lines
06-26 17:16:43.757   801   814 I chatty  : uid=1000(system) ActivityManager expire 15 lines
06-26 17:16:43.773   801  1275 I chatty  : uid=1000(system) Binder_5 expire 6 lines
06-26 17:16:44.822   801 25509 I chatty  : uid=1000(system) Binder_F expire 1 line
06-26 17:16:44.939   801  1985 I chatty  : uid=1000(system) Binder_B expire 3 lines
06-26 17:16:45.849   801   894 I chatty  : uid=1000(system) InputReader expire 6 lines
06-26 17:16:45.851   801   821 I chatty  : uid=1000(system) PowerManagerSer expire 11 lines
06-26 17:16:46.442   801   819 I chatty  : uid=1000(system) android.display expire 7 lines
06-26 17:16:46.886   801 25508 I chatty  : uid=1000(system) Binder_E expire 52 lines
06-26 17:16:49.098   801 25507 I chatty  : uid=1000(system) Binder_D expire 2 lines
06-26 17:16:59.741   801  1982 I chatty  : uid=1000(system) Binder_9 expire 3 lines
06-26 17:16:59.744   801  1278 I chatty  : uid=1000(system) Binder_8 expire 25 lines
06-26 17:17:51.553   801   811 I chatty  : uid=1000(system) Binder_1 expire 2 lines
06-26 17:18:13.553   801  1168 I chatty  : uid=1000(system) ConnectivitySer expire 37 lines
06-26 17:18:20.278   801   812 I chatty  : uid=1000(system) Binder_2 expire 18 lines
06-26 17:18:20.280   801   801 I chatty  : uid=1000 system_server expire 35 lines
06-26 17:18:27.208   801  1277 I chatty  : uid=1000(system) Binder_7 expire 1 line
06-26 17:18:27.695   801  1205 I chatty  : uid=1000(system) Binder_3 expire 2 lines
