--------- beginning of system
06-22 12:31:22.239 28239 28711 E ActivityThread: Failed to find provider info for com.google.android.wearable.settings
06-22 12:31:30.923 28239 28711 E ActivityThread: Failed to find provider info for com.google.android.wearable.settings
06-22 12:34:30.985   801   821 I chatty  : uid=1000(system) PowerManagerSer expire 4 lines
06-22 12:35:22.958   801   816 I chatty  : uid=1000(system) android.fg expire 10 lines
06-22 13:03:55.207  1926  1926 D MccTable: updateMccMncConfiguration mccmnc='null' fromServiceState=true
06-22 13:03:55.208  1926  1926 D MccTable: WIFI_COUNTRY_CODE set to 
06-22 13:04:36.623   801  1168 I chatty  : uid=1000(system) ConnectivitySer expire 22 lines
06-22 13:30:07.741   801   819 I chatty  : uid=1000(system) android.display expire 10 lines
06-22 13:30:07.897   801   821 I chatty  : uid=1000(system) PowerManagerSer expire 16 lines
06-22 13:30:11.054   801   894 I chatty  : uid=1000(system) InputReader expire 7 lines
06-22 13:30:25.023  1926  1926 D MccTable: updateMccMncConfiguration mccmnc='26201' fromServiceState=true
06-22 13:30:25.025  1926  1926 D MccTable: updateMccMncConfiguration defaultMccMnc=26201
06-22 13:30:25.025  1926  1926 D MccTable: updateMccMncConfiguration: mcc=262, mnc=1
06-22 13:30:25.025  1926  1926 D MccTable: WIFI_COUNTRY_CODE set to de
06-22 13:30:25.025   801 25507 I chatty  : uid=1000(system) Binder_D expire 7 lines
06-22 13:30:25.045   801  1168 I chatty  : uid=1000(system) ConnectivitySer expire 16 lines
06-22 13:30:25.104   801  1278 I chatty  : uid=1000(system) Binder_8 expire 12 lines
06-22 13:30:25.121   801  1206 I chatty  : uid=1000(system) Binder_4 expire 7 lines
06-22 13:30:25.151   801  1985 I chatty  : uid=1000(system) Binder_B expire 9 lines
06-22 13:30:25.337   801 25510 I chatty  : uid=1000(system) Binder_10 expire 12 lines
06-22 13:30:25.348   801  1982 I chatty  : uid=1000(system) Binder_9 expire 7 lines
06-22 13:30:26.962   801 25508 I chatty  : uid=1000(system) Binder_E expire 8 lines
06-22 13:30:40.462   801   814 I chatty  : uid=1000(system) ActivityManager expire 17 lines
06-22 13:33:32.976   801   816 I chatty  : uid=1000(system) android.fg expire 74 lines
06-22 13:34:38.071   801  1167 I chatty  : uid=1000(system) WifiService expire 1 line
06-22 13:39:37.993   801  1277 I chatty  : uid=1000(system) Binder_7 expire 5 lines
06-22 13:44:37.997   801  3333 I chatty  : uid=1000(system) Binder_C expire 7 lines
06-22 13:49:38.958   801   811 I chatty  : uid=1000(system) Binder_1 expire 5 lines
06-22 13:54:38.961   801  1205 I chatty  : uid=1000(system) Binder_3 expire 6 lines
06-22 13:59:39.613   801  1275 I chatty  : uid=1000(system) Binder_5 expire 10 lines
06-22 14:04:55.075   801  1984 I chatty  : uid=1000(system) Binder_A expire 5 lines
06-22 14:39:59.969   801 25509 I chatty  : uid=1000(system) Binder_F expire 4 lines
06-22 14:40:14.982   801   812 I chatty  : uid=1000(system) Binder_2 expire 5 lines
06-22 15:33:45.146   801  1276 I chatty  : uid=1000(system) Binder_6 expire 11 lines
06-22 17:05:14.001   801   812 I chatty  : uid=1000(system) Binder_2 expire 7 lines
06-22 17:05:14.711   801  1275 I chatty  : uid=1000(system) Binder_5 expire 7 lines
06-22 17:09:31.966   801   816 I chatty  : uid=1000(system) android.fg expire 22 lines
06-22 17:10:14.028   801   811 I chatty  : uid=1000(system) Binder_1 expire 6 lines
06-22 17:10:14.740   801  1206 I chatty  : uid=1000(system) Binder_4 expire 9 lines
06-22 17:15:15.048   801 25510 I chatty  : uid=1000(system) Binder_10 expire 7 lines
06-22 17:15:15.771   801  1277 I chatty  : uid=1000(system) Binder_7 expire 8 lines
06-22 17:19:35.987   801   801 I chatty  : uid=1000 system_server expire 8 lines
06-22 17:20:15.774   801 25509 I chatty  : uid=1000(system) Binder_F expire 10 lines
06-22 17:22:10.098   801  1886 I chatty  : uid=1000(system) FLP Service Cal expire 3 lines
06-22 17:22:10.099   801  1168 I chatty  : uid=1000(system) ConnectivitySer expire 43 lines
06-22 17:22:10.108   801   813 I chatty  : uid=1000(system) android.bg expire 7 lines
06-22 17:22:10.324   801  1205 I chatty  : uid=1000(system) Binder_3 expire 6 lines
06-22 17:22:32.077   801   814 I chatty  : uid=1000(system) ActivityManager expire 10 lines
06-22 17:22:39.972   801  1982 I chatty  : uid=1000(system) Binder_9 expire 7 lines
06-22 17:22:40.290   801  1985 I chatty  : uid=1000(system) Binder_B expire 7 lines
06-22 17:28:24.313   801  3333 I chatty  : uid=1000(system) Binder_C expire 4 lines
06-22 17:28:24.318   801 25508 I chatty  : uid=1000(system) Binder_E expire 7 lines
06-22 17:33:45.487   801  1278 I chatty  : uid=1000(system) Binder_8 expire 7 lines
06-22 17:51:20.951   801   894 I chatty  : uid=1000(system) InputReader expire 11 lines
06-22 17:51:20.961   801   821 I chatty  : uid=1000(system) PowerManagerSer expire 19 lines
06-22 17:51:21.063   801   819 I chatty  : uid=1000(system) android.display expire 12 lines
06-22 17:51:24.701   801 25507 I chatty  : uid=1000(system) Binder_D expire 11 lines
06-22 17:53:02.702   801  1167 I chatty  : uid=1000(system) WifiService expire 3 lines
06-22 17:58:14.734   801  1984 I chatty  : uid=1000(system) Binder_A expire 7 lines
06-22 18:23:05.625   801   893 I chatty  : uid=1000(system) InputDispatcher expire 2 lines
06-22 18:36:11.522   801   812 I chatty  : uid=1000(system) Binder_2 expire 4 lines
06-22 18:37:32.969   801   816 I chatty  : uid=1000(system) android.fg expire 17 lines
06-22 18:40:49.953   801  1206 I chatty  : uid=1000(system) Binder_4 expire 2 lines
06-22 18:40:49.960   801  1984 I chatty  : uid=1000(system) Binder_A expire 3 lines
06-22 18:40:51.269   801   811 I chatty  : uid=1000(system) Binder_1 expire 5 lines
06-22 18:41:12.957   801   894 I chatty  : uid=1000(system) InputReader expire 6 lines
06-22 18:41:12.975   801   821 I chatty  : uid=1000(system) PowerManagerSer expire 9 lines
06-22 18:41:13.062   801   819 I chatty  : uid=1000(system) android.display expire 6 lines
06-22 18:41:15.105   801   815 I chatty  : uid=1000(system) android.ui expire 1 line
06-22 18:41:18.052   801   814 I chatty  : uid=1000(system) ActivityManager expire 27 lines
06-22 18:41:18.093   801  1985 I chatty  : uid=1000(system) Binder_B expire 5 lines
06-22 18:41:21.852   801  1278 I chatty  : uid=1000(system) Binder_8 expire 4 lines
06-22 18:41:21.929   801  1982 I chatty  : uid=1000(system) Binder_9 expire 3 lines
06-22 18:41:22.777   801  1277 I chatty  : uid=1000(system) Binder_7 expire 4 lines
06-22 18:41:25.054   801   801 I chatty  : uid=1000 system_server expire 35 lines
06-22 18:41:25.105   801 25507 I chatty  : uid=1000(system) Binder_D expire 4 lines
06-22 18:41:25.616   801 25508 I chatty  : uid=1000(system) Binder_E expire 24 lines
06-22 18:41:26.824   801  1205 I chatty  : uid=1000(system) Binder_3 expire 5 lines
06-22 18:41:27.973   801  1168 I chatty  : uid=1000(system) ConnectivitySer expire 42 lines
06-22 18:41:41.649   801  3333 I chatty  : uid=1000(system) Binder_C expire 24 lines
06-22 18:41:43.082   801 25509 I chatty  : uid=1000(system) Binder_F expire 16 lines
06-22 18:41:47.247   801 25510 I chatty  : uid=1000(system) Binder_10 expire 3 lines
06-22 18:43:33.397   801  1276 I chatty  : uid=1000(system) Binder_6 expire 1 line
06-22 18:45:49.971   801   891 I chatty  : uid=1000(system) AlarmManager expire 1 line
06-22 18:45:50.899   801  1167 I chatty  : uid=1000(system) WifiService expire 2 lines
06-22 19:03:39.082   801   813 I chatty  : uid=1000(system) android.bg expire 2 lines
06-22 19:17:16.964   801  1205 I chatty  : uid=1000(system) Binder_3 expire 12 lines
06-22 19:17:16.969   801   801 I chatty  : uid=1000 system_server expire 48 lines
06-22 19:17:16.990   801  1206 I chatty  : uid=1000(system) Binder_4 expire 3 lines
06-22 19:17:16.995   801   811 I chatty  : uid=1000(system) Binder_1 expire 28 lines
06-22 19:17:17.589   801   814 I chatty  : uid=1000(system) ActivityManager expire 15 lines
06-22 19:17:17.671   801  5771 I chatty  : uid=1000 system_server expire 3 lines
06-22 19:17:17.706   801  5768 I chatty  : uid=1000 system_server expire 2 lines
06-22 19:17:17.865   801  1278 I chatty  : uid=1000(system) Binder_8 expire 5 lines
06-22 19:17:18.294   801   819 I chatty  : uid=1000(system) android.display expire 13 lines
06-22 19:17:18.306   801   821 I chatty  : uid=1000(system) PowerManagerSer expire 20 lines
06-22 19:17:34.059   801  1168 I chatty  : uid=1000(system) ConnectivitySer expire 56 lines
06-22 19:17:40.670   801 25508 I chatty  : uid=1000(system) Binder_E expire 3 lines
06-22 19:17:42.936   801   812 I chatty  : uid=1000(system) Binder_2 expire 3 lines
06-22 19:17:46.561   801  1166 I chatty  : uid=1000(system) WifiStateMachin expire 1 line
06-22 19:17:48.571   801  1985 I chatty  : uid=1000(system) Binder_B expire 3 lines
06-22 19:17:49.715   801 25507 I chatty  : uid=1000(system) Binder_D expire 3 lines
06-22 19:17:51.374   801  1275 I chatty  : uid=1000(system) Binder_5 expire 2 lines
06-22 19:17:51.496   801 25509 I chatty  : uid=1000(system) Binder_F expire 1 line
06-22 19:20:53.081   801  1277 I chatty  : uid=1000(system) Binder_7 expire 4 lines
06-22 19:20:53.663   801 25510 I chatty  : uid=1000(system) Binder_10 expire 4 lines
06-22 19:21:13.963   801   894 I chatty  : uid=1000(system) InputReader expire 7 lines
06-22 19:21:24.441   801  1167 I chatty  : uid=1000(system) WifiService expire 2 lines
06-22 19:22:53.302   801  1982 I chatty  : uid=1000(system) Binder_9 expire 2 lines
06-22 19:23:09.198   801   893 I chatty  : uid=1000(system) InputDispatcher expire 1 line
06-22 19:23:11.596   801  3333 I chatty  : uid=1000(system) Binder_C expire 1 line
06-22 19:24:02.492   801  1984 I chatty  : uid=1000(system) Binder_A expire 4 lines
06-22 19:25:32.903   801  1276 I chatty  : uid=1000(system) Binder_6 expire 5 lines
06-22 19:28:29.667   801  7418 I chatty  : uid=1000 system_server expire 4 lines
06-22 19:28:32.747   801  3333 I chatty  : uid=1000(system) Binder_C expire 7 lines
06-22 19:28:32.992   801  1982 I chatty  : uid=1000(system) Binder_9 expire 24 lines
06-22 19:28:33.001   801   814 I chatty  : uid=1000(system) ActivityManager expire 12 lines
06-22 19:28:34.006   801   894 I chatty  : uid=1000(system) InputReader expire 9 lines
06-22 19:28:34.007   801   821 I chatty  : uid=1000(system) PowerManagerSer expire 4 lines
06-22 19:28:34.132   801 25507 I chatty  : uid=1000(system) Binder_D expire 10 lines
06-22 19:28:34.492   801  1984 I chatty  : uid=1000(system) Binder_A expire 6 lines
06-22 19:28:34.602   801   819 I chatty  : uid=1000(system) android.display expire 3 lines
06-22 19:33:31.955   801 25509 I chatty  : uid=1000(system) Binder_F expire 8 lines
06-22 19:33:32.582   801  1276 I chatty  : uid=1000(system) Binder_6 expire 7 lines
06-22 19:38:45.970   801  1277 I chatty  : uid=1000(system) Binder_7 expire 9 lines
06-22 19:38:46.052   801 25510 I chatty  : uid=1000(system) Binder_10 expire 4 lines
06-22 19:38:46.614   801  1275 I chatty  : uid=1000(system) Binder_5 expire 24 lines
06-22 19:38:47.066   801  1205 I chatty  : uid=1000(system) Binder_3 expire 3 lines
06-22 19:43:46.617   801  1985 I chatty  : uid=1000(system) Binder_B expire 5 lines
06-22 19:48:46.065   801   891 I chatty  : uid=1000(system) AlarmManager expire 1 line
06-22 19:48:46.122   801  1278 I chatty  : uid=1000(system) Binder_8 expire 5 lines
06-22 19:48:46.686   801   811 I chatty  : uid=1000(system) Binder_1 expire 4 lines
06-22 19:48:46.907   801  1167 I chatty  : uid=1000(system) WifiService expire 3 lines
06-22 19:52:43.265   801   812 I chatty  : uid=1000(system) Binder_2 expire 3 lines
06-22 19:52:43.330   801   801 I chatty  : uid=1000 system_server expire 11 lines
06-22 20:13:49.714   801  1886 I chatty  : uid=1000(system) FLP Service Cal expire 2 lines
06-22 20:13:50.437   801  1206 I chatty  : uid=1000(system) Binder_4 expire 2 lines
06-22 20:13:50.442   801  1168 I chatty  : uid=1000(system) ConnectivitySer expire 82 lines
06-22 20:13:50.555   801   813 I chatty  : uid=1000(system) android.bg expire 4 lines
06-22 20:29:58.019   801 25508 I chatty  : uid=1000(system) Binder_E expire 9 lines
06-22 21:11:44.556   801  1276 I chatty  : uid=1000(system) Binder_6 expire 6 lines
06-22 21:11:44.642   801  1275 I chatty  : uid=1000(system) Binder_5 expire 7 lines
06-22 21:11:44.734   801   811 I chatty  : uid=1000(system) Binder_1 expire 7 lines
06-22 21:11:49.206   801  1168 I chatty  : uid=1000(system) ConnectivitySer expire 121 lines
06-22 21:11:54.264   801   812 I chatty  : uid=1000(system) Binder_2 expire 10 lines
06-22 21:11:56.210   801   814 I chatty  : uid=1000(system) ActivityManager expire 9 lines
06-22 21:12:02.495   801  1277 I chatty  : uid=1000(system) Binder_7 expire 7 lines
06-22 21:12:13.682   801  1166 I chatty  : uid=1000(system) WifiStateMachin expire 3 lines
06-22 21:16:05.977   801 25509 I chatty  : uid=1000(system) Binder_F expire 7 lines
06-22 21:16:06.769   801  1984 I chatty  : uid=1000(system) Binder_A expire 5 lines
06-22 21:17:08.679   801  1206 I chatty  : uid=1000(system) Binder_4 expire 4 lines
06-22 21:22:07.976   801  1205 I chatty  : uid=1000(system) Binder_3 expire 4 lines
06-22 21:22:09.290   801  1982 I chatty  : uid=1000(system) Binder_9 expire 4 lines
06-22 21:25:15.963   801   816 I chatty  : uid=1000(system) android.fg expire 13 lines
06-22 21:27:10.815   801  3333 I chatty  : uid=1000(system) Binder_C expire 3 lines
06-22 21:27:10.965   801  1278 I chatty  : uid=1000(system) Binder_8 expire 4 lines
06-22 21:31:08.973   801  1985 I chatty  : uid=1000(system) Binder_B expire 10 lines
06-22 21:32:07.986   801 25510 I chatty  : uid=1000(system) Binder_10 expire 6 lines
06-22 22:12:40.198   801  1167 I chatty  : uid=1000(system) WifiService expire 3 lines
06-22 22:23:34.565   801   819 I chatty  : uid=1000(system) android.display expire 4 lines
06-22 22:23:34.586   801   821 I chatty  : uid=1000(system) PowerManagerSer expire 6 lines
06-22 22:23:40.469   801 25507 I chatty  : uid=1000(system) Binder_D expire 3 lines
06-22 23:01:44.964   801   894 I chatty  : uid=1000(system) InputReader expire 5 lines
06-22 23:01:54.628   801   821 I chatty  : uid=1000(system) PowerManagerSer expire 11 lines
06-22 23:01:55.159   801   819 I chatty  : uid=1000(system) android.display expire 6 lines
06-22 23:02:40.022   801 25508 I chatty  : uid=1000(system) Binder_E expire 6 lines
06-22 23:02:40.059   801  1168 I chatty  : uid=1000(system) ConnectivitySer expire 10 lines
06-22 23:02:40.222   801  1984 I chatty  : uid=1000(system) Binder_A expire 3 lines
06-22 23:02:40.710   801 25510 I chatty  : uid=1000(system) Binder_10 expire 8 lines
06-22 23:02:40.775   801  1167 I chatty  : uid=1000(system) WifiService expire 4 lines
06-22 23:02:40.823   801  1278 I chatty  : uid=1000(system) Binder_8 expire 9 lines
06-22 23:02:41.612  1926  1926 D MccTable: updateMccMncConfiguration mccmnc='null' fromServiceState=true
06-22 23:02:41.612  1926  1926 D MccTable: WIFI_COUNTRY_CODE set to 
06-22 23:02:41.622   801   812 I chatty  : uid=1000(system) Binder_2 expire 7 lines
06-22 23:02:41.731   801  1277 I chatty  : uid=1000(system) Binder_7 expire 8 lines
06-22 23:02:41.909   801  1205 I chatty  : uid=1000(system) Binder_3 expire 7 lines
06-22 23:02:41.994   801  1985 I chatty  : uid=1000(system) Binder_B expire 7 lines
06-22 23:02:43.274   801  1206 I chatty  : uid=1000(system) Binder_4 expire 5 lines
06-22 23:02:55.765   801   814 I chatty  : uid=1000(system) ActivityManager expire 19 lines
06-22 23:03:00.437   801   811 I chatty  : uid=1000(system) Binder_1 expire 6 lines
06-22 23:03:18.521  1926  1926 D MccTable: updateMccMncConfiguration mccmnc='26201' fromServiceState=true
06-22 23:03:18.521  1926  1926 D MccTable: updateMccMncConfiguration defaultMccMnc=26201
06-22 23:03:18.521  1926  1926 D MccTable: updateMccMncConfiguration: mcc=262, mnc=1
06-22 23:03:18.521  1926  1926 D MccTable: WIFI_COUNTRY_CODE set to de
06-22 23:03:18.562   801  1276 I chatty  : uid=1000(system) Binder_6 expire 7 lines
06-22 23:03:18.580   801  3333 I chatty  : uid=1000(system) Binder_C expire 7 lines
06-22 23:03:18.842   801 25507 I chatty  : uid=1000(system) Binder_D expire 6 lines
06-22 23:03:19.367   801  1982 I chatty  : uid=1000(system) Binder_9 expire 2 lines
06-22 23:03:19.367   801  1168 I chatty  : uid=1000(system) ConnectivitySer expire 99 lines
06-22 23:05:16.480   801  1166 I chatty  : uid=1000(system) WifiStateMachin expire 1 line
06-22 23:06:46.577   801 25509 I chatty  : uid=1000(system) Binder_F expire 4 lines
06-22 23:16:47.962   801   891 I chatty  : uid=1000(system) AlarmManager expire 1 line
06-22 23:41:57.602   801  1275 I chatty  : uid=1000(system) Binder_5 expire 3 lines
06-22 23:52:23.999   801   801 I chatty  : uid=1000 system_server expire 5 lines
06-22 23:52:31.286   801   813 I chatty  : uid=1000(system) android.bg expire 3 lines
06-22 23:58:50.817   801  1168 I chatty  : uid=1000(system) ConnectivitySer expire 105 lines
06-22 23:59:53.924   801 25507 I chatty  : uid=1000(system) Binder_D expire 3 lines
06-23 00:00:00.070   801  3333 I chatty  : uid=1000(system) Binder_C expire 3 lines
06-23 00:00:00.260   801  1278 I chatty  : uid=1000(system) Binder_8 expire 5 lines
06-23 00:00:00.527   801   812 I chatty  : uid=1000(system) Binder_2 expire 6 lines
06-23 00:00:00.795   801  1205 I chatty  : uid=1000(system) Binder_3 expire 2 lines
06-23 00:00:26.375   801 25509 I chatty  : uid=1000(system) Binder_F expire 1 line
06-23 00:01:12.863   801  1277 I chatty  : uid=1000(system) Binder_7 expire 2 lines
06-23 00:01:48.047   801  1984 I chatty  : uid=1000(system) Binder_A expire 10 lines
06-23 00:02:50.627   801 25510 I chatty  : uid=1000(system) Binder_10 expire 5 lines
06-23 00:02:50.964   801  1275 I chatty  : uid=1000(system) Binder_5 expire 5 lines
06-23 00:02:51.318   801   814 I chatty  : uid=1000(system) ActivityManager expire 15 lines
06-23 00:02:52.043   801  1982 I chatty  : uid=1000(system) Binder_9 expire 8 lines
06-23 00:03:54.020   801   815 I chatty  : uid=1000(system) android.ui expire 4 lines
06-23 00:03:54.327   801   819 I chatty  : uid=1000(system) android.display expire 2 lines
06-23 00:12:52.024   801  1276 I chatty  : uid=1000(system) Binder_6 expire 4 lines
06-23 00:12:52.093   801  1985 I chatty  : uid=1000(system) Binder_B expire 3 lines
06-23 00:17:52.127   801   891 I chatty  : uid=1000(system) AlarmManager expire 1 line
06-23 00:17:53.230   801  1167 I chatty  : uid=1000(system) WifiService expire 2 lines
06-23 00:17:53.979   801  1206 I chatty  : uid=1000(system) Binder_4 expire 4 lines
06-23 00:17:54.283  3840 15714 E ActivityThread: Failed to find provider info for com.google.android.wearable.settings
06-23 00:17:57.786  3840 15714 E ActivityThread: Failed to find provider info for com.google.android.wearable.settings
06-23 00:17:57.861   801 15803 I chatty  : uid=1000 system_server expire 2 lines
06-23 00:18:41.289   801 25508 I chatty  : uid=1000(system) Binder_E expire 1 line
06-23 00:18:44.611   801  1168 I chatty  : uid=1000(system) ConnectivitySer expire 59 lines
06-23 00:22:33.320   801   811 I chatty  : uid=1000(system) Binder_1 expire 9 lines
06-23 00:27:58.587   801  1168 I chatty  : uid=1000(system) ConnectivitySer expire 25 lines
06-23 00:28:04.113   801 25509 I chatty  : uid=1000(system) Binder_F expire 11 lines
06-23 00:28:04.234   801  1277 I chatty  : uid=1000(system) Binder_7 expire 5 lines
06-23 00:28:06.797   801  1985 I chatty  : uid=1000(system) Binder_B expire 2 lines
06-23 00:28:06.828   801  1276 I chatty  : uid=1000(system) Binder_6 expire 12 lines
06-23 00:28:09.251   801  1206 I chatty  : uid=1000(system) Binder_4 expire 7 lines
06-23 00:28:09.354   801  1205 I chatty  : uid=1000(system) Binder_3 expire 7 lines
06-23 00:29:08.190   801  1275 I chatty  : uid=1000(system) Binder_5 expire 7 lines
06-23 00:29:08.227   801   812 I chatty  : uid=1000(system) Binder_2 expire 4 lines
06-23 00:29:51.297   801  1984 I chatty  : uid=1000(system) Binder_A expire 5 lines
06-23 00:29:52.038   801 25507 I chatty  : uid=1000(system) Binder_D expire 3 lines
06-23 00:29:52.519   801  1278 I chatty  : uid=1000(system) Binder_8 expire 6 lines
06-23 00:30:03.894   801  1982 I chatty  : uid=1000(system) Binder_9 expire 5 lines
06-23 00:30:04.906   801   814 I chatty  : uid=1000(system) ActivityManager expire 10 lines
06-23 00:30:10.720   801 25508 I chatty  : uid=1000(system) Binder_E expire 2 lines
06-23 00:31:58.127   801   815 I chatty  : uid=1000(system) android.ui expire 5 lines
06-23 00:31:58.311   801   819 I chatty  : uid=1000(system) android.display expire 6 lines
06-23 00:32:00.377  1294  1294 V DeadZone: consuming errant click: (257.0,20.0)
06-23 00:32:03.389   801  1168 I chatty  : uid=1000(system) ConnectivitySer expire 35 lines
06-23 00:35:32.724   801  3333 I chatty  : uid=1000(system) Binder_C expire 4 lines
06-23 00:35:50.378 19647 19647 D ActivityThread: Loading provider com.google.android.gmail.provider;com.android.mail.notifier;com.google.android.gm.email.provider;com.google.android.gm.email.notifier: com.android.email.provider.EmailProvider
06-23 00:36:02.627 19647 19647 E ActivityThread: Service com.android.email.service.AttachmentService has leaked ServiceConnection bgg@c2acc31 that was originally bound here
06-23 00:36:02.627 19647 19647 E ActivityThread: android.app.ServiceConnectionLeaked: Service com.android.email.service.AttachmentService has leaked ServiceConnection bgg@c2acc31 that was originally bound here
06-23 00:36:02.627 19647 19647 E ActivityThread: 	at android.app.LoadedApk$ServiceDispatcher.<init>(LoadedApk.java:1092)
06-23 00:36:02.627 19647 19647 E ActivityThread: 	at android.app.LoadedApk.getServiceDispatcher(LoadedApk.java:986)
06-23 00:36:02.627 19647 19647 E ActivityThread: 	at android.app.ContextImpl.bindServiceCommon(ContextImpl.java:1303)
06-23 00:36:02.627 19647 19647 E ActivityThread: 	at android.app.ContextImpl.bindService(ContextImpl.java:1286)
06-23 00:36:02.627 19647 19647 E ActivityThread: 	at android.content.ContextWrapper.bindService(ContextWrapper.java:604)
06-23 00:36:02.627 19647 19647 E ActivityThread: 	at bge.a(SourceFile:243)
06-23 00:36:02.627 19647 19647 E ActivityThread: 	at bfi.a(SourceFile:108)
06-23 00:36:02.627 19647 19647 E ActivityThread: 	at com.android.email.service.AttachmentService.b(SourceFile:6021)
06-23 00:36:02.627 19647 19647 E ActivityThread: 	at com.android.email.service.AttachmentService.a(SourceFile:961)
06-23 00:36:02.627 19647 19647 E ActivityThread: 	at com.android.email.service.AttachmentService.run(SourceFile:712)
06-23 00:36:02.627 19647 19647 E ActivityThread: 	at java.lang.Thread.run(Thread.java:818)
06-23 00:36:13.812   801  1168 I chatty  : uid=1000(system) ConnectivitySer expire 71 lines
06-23 00:37:29.865   801   801 I chatty  : uid=1000 system_server expire 3 lines
06-23 00:37:33.464 20138 20138 W ActivityThread: ClassLoader.loadClass: The class loader returned by Thread.getContextClassLoader() may fail for processes that host multiple applications. You should explicitly specify a context class loader. For example: Thread.setContextClassLoader(getClass().getClassLoader());
06-23 00:37:38.757   801 25510 I chatty  : uid=1000(system) Binder_10 expire 3 lines
06-23 00:37:53.997   801   813 I chatty  : uid=1000(system) android.bg expire 5 lines
06-23 00:39:30.884   801   821 I chatty  : uid=1000(system) PowerManagerSer expire 2 lines
06-23 00:39:33.120   801  1886 I chatty  : uid=1000(system) FLP Service Cal expire 1 line
06-23 00:51:45.747   801  1167 I chatty  : uid=1000(system) WifiService expire 7 lines
06-23 00:51:45.986   801   811 I chatty  : uid=1000(system) Binder_1 expire 5 lines
06-23 00:51:46.007   801 25510 I chatty  : uid=1000(system) Binder_10 expire 9 lines
06-23 00:51:46.217   801  1168 I chatty  : uid=1000(system) ConnectivitySer expire 93 lines
06-23 00:51:46.944   801  1275 I chatty  : uid=1000(system) Binder_5 expire 6 lines
06-23 00:51:47.575   801  1206 I chatty  : uid=1000(system) Binder_4 expire 9 lines
06-23 00:51:47.704   801 25509 I chatty  : uid=1000(system) Binder_F expire 5 lines
06-23 00:51:47.774   801  1985 I chatty  : uid=1000(system) Binder_B expire 6 lines
06-23 00:51:47.954   801 25507 I chatty  : uid=1000(system) Binder_D expire 10 lines
06-23 00:51:48.374   801  1205 I chatty  : uid=1000(system) Binder_3 expire 6 lines
06-23 00:51:48.423   801  1276 I chatty  : uid=1000(system) Binder_6 expire 5 lines
06-23 00:51:48.635   801  1278 I chatty  : uid=1000(system) Binder_8 expire 8 lines
06-23 00:51:48.824   801  1277 I chatty  : uid=1000(system) Binder_7 expire 7 lines
06-23 00:51:49.451   801  1982 I chatty  : uid=1000(system) Binder_9 expire 8 lines
06-23 00:52:20.047   801   814 I chatty  : uid=1000(system) ActivityManager expire 20 lines
06-23 00:52:46.574   801   812 I chatty  : uid=1000(system) Binder_2 expire 3 lines
06-23 00:52:46.609   801 25508 I chatty  : uid=1000(system) Binder_E expire 9 lines
06-23 00:53:09.976   801   894 I chatty  : uid=1000(system) InputReader expire 2 lines
06-23 00:53:09.977   801   821 I chatty  : uid=1000(system) PowerManagerSer expire 3 lines
06-23 00:53:10.097   801   819 I chatty  : uid=1000(system) android.display expire 2 lines
06-23 00:53:20.540   801  1984 I chatty  : uid=1000(system) Binder_A expire 8 lines
06-23 00:53:44.320   801  1166 I chatty  : uid=1000(system) WifiStateMachin expire 1 line
06-23 00:53:49.379   801  3333 I chatty  : uid=1000(system) Binder_C expire 6 lines
06-23 01:00:05.976 23926 23926 D ActivityThread: Loading provider com.google.android.gmail.provider;com.android.mail.notifier;com.google.android.gm.email.provider;com.google.android.gm.email.notifier: com.android.email.provider.EmailProvider
06-23 01:17:54.473   801   891 I chatty  : uid=1000(system) AlarmManager expire 1 line
06-23 01:30:25.048   801   813 I chatty  : uid=1000(system) android.bg expire 1 line
06-23 01:57:41.230   801  1168 I chatty  : uid=1000(system) ConnectivitySer expire 7 lines
06-23 02:11:05.109 24301 25023 D DownloadManager: Removed 0 stale downloads
06-23 02:11:05.128 24301 25023 D DownloadManager: Found 6 files in database
06-23 02:11:05.128 24301 25023 D DownloadManager: Found 0 files on disk
06-23 02:27:20.586   801   814 I chatty  : uid=1000(system) ActivityManager expire 2 lines
06-23 03:09:33.330   801   801 I chatty  : uid=1000 system_server expire 1 line
06-23 03:09:33.332   801   895 I chatty  : uid=1000(system) MountService expire 3 lines
06-23 03:09:33.337   801   896 I chatty  : uid=1000(system) VoldConnector expire 3 lines
06-23 03:09:33.338   148 25397 D vold    : Starting trim of /data
06-23 03:09:39.484   148 25397 I vold    : Trimmed 2648027136 bytes on /data in 6144ms
06-23 03:09:39.485   148 25397 D vold    : Starting trim of /cache
06-23 03:09:39.505   148 25397 I vold    : Trimmed 0 bytes on /cache in 19ms
06-23 03:26:07.155   801  1168 I chatty  : uid=1000(system) ConnectivitySer expire 74 lines
06-23 04:12:01.012   801   814 I chatty  : uid=1000(system) ActivityManager expire 21 lines
06-23 04:12:01.075   801   813 I chatty  : uid=1000(system) android.bg expire 4 lines
06-23 04:19:57.126   801 25508 I chatty  : uid=1000(system) Binder_E expire 8 lines
06-23 04:25:25.774   801   891 I chatty  : uid=1000(system) AlarmManager expire 2 lines
06-23 04:25:25.954   801  1985 I chatty  : uid=1000(system) Binder_B expire 4 lines
06-23 04:25:26.379   801  1187 I chatty  : uid=1000(system) backup expire 1 line
06-23 04:25:28.554   801  3333 I chatty  : uid=1000(system) Binder_C expire 11 lines
06-23 04:25:28.975   801  1277 I chatty  : uid=1000(system) Binder_7 expire 9 lines
06-23 04:25:29.061   801  1167 I chatty  : uid=1000(system) WifiService expire 6 lines
06-23 04:25:29.085   801  1276 I chatty  : uid=1000(system) Binder_6 expire 6 lines
06-23 04:25:29.129   801  1278 I chatty  : uid=1000(system) Binder_8 expire 12 lines
06-23 04:25:55.860 26045 26045 E ActivityThread: Service com.google.android.gms.car.CarCallService has leaked ServiceConnection glq@5d249b5 that was originally bound here
06-23 04:25:55.860 26045 26045 E ActivityThread: android.app.ServiceConnectionLeaked: Service com.google.android.gms.car.CarCallService has leaked ServiceConnection glq@5d249b5 that was originally bound here
06-23 04:25:55.860 26045 26045 E ActivityThread: 	at android.app.LoadedApk$ServiceDispatcher.<init>(LoadedApk.java:1092)
06-23 04:25:55.860 26045 26045 E ActivityThread: 	at android.app.LoadedApk.getServiceDispatcher(LoadedApk.java:986)
06-23 04:25:55.860 26045 26045 E ActivityThread: 	at android.app.ContextImpl.bindServiceCommon(ContextImpl.java:1303)
06-23 04:25:55.860 26045 26045 E ActivityThread: 	at android.app.ContextImpl.bindService(ContextImpl.java:1286)
06-23 04:25:55.860 26045 26045 E ActivityThread: 	at android.content.ContextWrapper.bindService(ContextWrapper.java:604)
06-23 04:25:55.860 26045 26045 E ActivityThread: 	at jvs.a(SourceFile:127)
06-23 04:25:55.860 26045 26045 E ActivityThread: 	at jvs.a(SourceFile:144)
06-23 04:25:55.860 26045 26045 E ActivityThread: 	at com.google.android.gms.car.CarCallService.onBind(SourceFile:1447)
06-23 04:25:55.860 26045 26045 E ActivityThread: 	at android.app.ActivityThread.handleBindService(ActivityThread.java:2904)
06-23 04:25:55.860 26045 26045 E ActivityThread: 	at android.app.ActivityThread.-wrap2(ActivityThread.java)
06-23 04:25:55.860 26045 26045 E ActivityThread: 	at android.app.ActivityThread$H.handleMessage(ActivityThread.java:1432)
06-23 04:25:55.860 26045 26045 E ActivityThread: 	at android.os.Handler.dispatchMessage(Handler.java:102)
06-23 04:25:55.860 26045 26045 E ActivityThread: 	at android.os.Looper.loop(Looper.java:148)
06-23 04:25:55.860 26045 26045 E ActivityThread: 	at android.app.ActivityThread.main(ActivityThread.java:5417)
06-23 04:25:55.860 26045 26045 E ActivityThread: 	at java.lang.reflect.Method.invoke(Native Method)
06-23 04:25:55.860 26045 26045 E ActivityThread: 	at com.android.internal.os.ZygoteInit$MethodAndArgsCaller.run(ZygoteInit.java:726)
06-23 04:25:55.860 26045 26045 E ActivityThread: 	at com.android.internal.os.ZygoteInit.main(ZygoteInit.java:616)
06-23 04:25:55.861   801 25509 I chatty  : uid=1000(system) Binder_F expire 3 lines
06-23 04:27:47.874   801   811 I chatty  : uid=1000(system) Binder_1 expire 4 lines
06-23 04:27:48.202 24301 26195 W ActivityThread: ClassLoader.loadClass: The class loader returned by Thread.getContextClassLoader() may fail for processes that host multiple applications. You should explicitly specify a context class loader. For example: Thread.setContextClassLoader(getClass().getClassLoader());
06-23 04:27:52.384   801  1984 I chatty  : uid=1000(system) Binder_A expire 6 lines
06-23 04:28:19.435   801   825 I chatty  : uid=1000(system) PackageManager expire 17 lines
06-23 04:28:22.099   801  1205 I chatty  : uid=1000(system) Binder_3 expire 7 lines
06-23 04:28:23.734   801   812 I chatty  : uid=1000(system) Binder_2 expire 9 lines
06-23 04:28:32.554   801 25510 I chatty  : uid=1000(system) Binder_10 expire 8 lines
06-23 04:28:36.390   801   801 I chatty  : uid=1000 system_server expire 2 lines
06-23 04:28:36.501   801 25507 I chatty  : uid=1000(system) Binder_D expire 10 lines
06-23 04:28:36.728 26522 26522 I chatty  : uid=1000(system) expire 1 line
06-23 04:28:50.930   801  1206 I chatty  : uid=1000(system) Binder_4 expire 6 lines
06-23 04:28:52.046   801  1982 I chatty  : uid=1000(system) Binder_9 expire 7 lines
06-23 04:30:21.355   801  1275 I chatty  : uid=1000(system) Binder_5 expire 7 lines
06-23 04:30:37.495 27433 27433 I chatty  : uid=1000(system) expire 1 line
06-23 05:19:25.977   801   894 I chatty  : uid=1000(system) InputReader expire 2 lines
06-23 05:19:25.989   801   821 I chatty  : uid=1000(system) PowerManagerSer expire 3 lines
06-23 05:19:26.212   801   819 I chatty  : uid=1000(system) android.display expire 2 lines
06-23 05:34:16.847   801  1164 I chatty  : uid=1000(system) NetworkPolicy expire 1 line
06-23 05:35:54.948   801  1166 I chatty  : uid=1000(system) WifiStateMachin expire 7 lines
06-23 05:36:10.979   801  1168 I chatty  : uid=1000(system) ConnectivitySer expire 230 lines
06-23 05:37:17.672   801   814 I chatty  : uid=1000(system) ActivityManager expire 6 lines
06-23 05:38:32.041   801 25508 I chatty  : uid=1000(system) Binder_E expire 2 lines
06-23 05:40:16.969   801  1278 I chatty  : uid=1000(system) Binder_8 expire 1 line
06-23 05:40:17.105   801  1886 I chatty  : uid=1000(system) FLP Service Cal expire 1 line
06-23 05:40:17.111   801   813 I chatty  : uid=1000(system) android.bg expire 2 lines
06-23 05:40:57.988   801  1276 I chatty  : uid=1000(system) Binder_6 expire 3 lines
06-23 05:41:38.976   801  1167 I chatty  : uid=1000(system) WifiService expire 1 line
06-23 05:41:38.993   801  1205 I chatty  : uid=1000(system) Binder_3 expire 1 line
06-23 05:41:57.156   801  1984 I chatty  : uid=1000(system) Binder_A expire 1 line
06-23 05:41:59.091   801  1164 I chatty  : uid=1000(system) NetworkPolicy expire 1 line
06-23 05:41:59.161   801  1167 I chatty  : uid=1000(system) WifiService expire 10 lines
06-23 05:41:59.257   801  1166 I chatty  : uid=1000(system) WifiStateMachin expire 3 lines
06-23 05:41:59.258   801  1168 I chatty  : uid=1000(system) ConnectivitySer expire 139 lines
06-23 05:42:11.835   801  1278 I chatty  : uid=1000(system) Binder_8 expire 6 lines
06-23 05:42:16.658   801   814 I chatty  : uid=1000(system) ActivityManager expire 15 lines
06-23 05:45:51.188   801 25509 I chatty  : uid=1000(system) Binder_F expire 3 lines
06-23 05:53:31.052   801   813 I chatty  : uid=1000(system) android.bg expire 1 line
06-23 05:56:25.146   801 25507 I chatty  : uid=1000(system) Binder_D expire 4 lines
06-23 06:03:43.088   801  1982 I chatty  : uid=1000(system) Binder_9 expire 5 lines
06-23 06:13:58.661   801   811 I chatty  : uid=1000(system) Binder_1 expire 8 lines
06-23 06:25:34.957   801   812 I chatty  : uid=1000(system) Binder_2 expire 4 lines
06-23 06:25:36.059   801   801 I chatty  : uid=1000 system_server expire 1 line
06-23 06:25:36.274   801  1205 I chatty  : uid=1000(system) Binder_3 expire 4 lines
06-23 06:29:24.980   801  1984 I chatty  : uid=1000(system) Binder_A expire 3 lines
06-23 06:37:16.053   801  1206 I chatty  : uid=1000(system) Binder_4 expire 8 lines
06-23 06:41:04.986   801   894 I chatty  : uid=1000(system) InputReader expire 4 lines
06-23 06:41:05.018   801   821 I chatty  : uid=1000(system) PowerManagerSer expire 6 lines
06-23 06:41:05.183   801 25508 I chatty  : uid=1000(system) Binder_E expire 8 lines
06-23 06:41:05.219   801   819 I chatty  : uid=1000(system) android.display expire 4 lines
06-23 06:41:05.688   801 25510 I chatty  : uid=1000(system) Binder_10 expire 3 lines
06-23 06:41:06.004   801  3333 I chatty  : uid=1000(system) Binder_C expire 4 lines
06-23 06:41:13.426   801  1276 I chatty  : uid=1000(system) Binder_6 expire 4 lines
06-23 06:41:14.305   801  1886 I chatty  : uid=1000(system) FLP Service Cal expire 1 line
06-23 06:41:14.982   801  1985 I chatty  : uid=1000(system) Binder_B expire 3 lines
06-23 07:20:50.813   801  1277 I chatty  : uid=1000(system) Binder_7 expire 3 lines
06-23 07:20:54.847   801   891 I chatty  : uid=1000(system) AlarmManager expire 1 line
06-23 07:38:43.705   801  1168 I chatty  : uid=1000(system) ConnectivitySer expire 196 lines
06-23 07:38:44.549   801  1167 I chatty  : uid=1000(system) WifiService expire 6 lines
06-23 07:39:23.032   801  1278 I chatty  : uid=1000(system) Binder_8 expire 2 lines
06-23 07:39:23.599   801  1984 I chatty  : uid=1000(system) Binder_A expire 4 lines
06-23 07:39:35.949   801 25509 I chatty  : uid=1000(system) Binder_F expire 1 line
06-23 07:39:47.263   801   814 I chatty  : uid=1000(system) ActivityManager expire 10 lines
06-23 07:40:00.022   801  1166 I chatty  : uid=1000(system) WifiStateMachin expire 3 lines
06-23 07:40:05.733   801  1206 I chatty  : uid=1000(system) Binder_4 expire 1 line
06-23 07:41:05.122   801  1275 I chatty  : uid=1000(system) Binder_5 expire 3 lines
06-23 07:41:05.353   801   812 I chatty  : uid=1000(system) Binder_2 expire 3 lines
06-23 07:41:05.786   801 25510 I chatty  : uid=1000(system) Binder_10 expire 4 lines
06-23 07:41:05.788   801  1982 I chatty  : uid=1000(system) Binder_9 expire 2 lines
06-23 07:41:27.338   801 25508 I chatty  : uid=1000(system) Binder_E expire 4 lines
06-23 07:42:42.307   801   813 I chatty  : uid=1000(system) android.bg expire 1 line
06-23 07:43:36.987   801  1277 I chatty  : uid=1000(system) Binder_7 expire 2 lines
06-23 07:44:16.046   801  1985 I chatty  : uid=1000(system) Binder_B expire 1 line
06-23 07:44:18.114   801  1205 I chatty  : uid=1000(system) Binder_3 expire 1 line
06-23 07:45:01.220   801   819 I chatty  : uid=1000(system) android.display expire 3 lines
06-23 07:45:01.270   801   821 I chatty  : uid=1000(system) PowerManagerSer expire 3 lines
06-23 07:45:01.284   801  3333 I chatty  : uid=1000(system) Binder_C expire 1 line
06-23 07:45:02.367   801   811 I chatty  : uid=1000(system) Binder_1 expire 2 lines
06-23 07:45:16.195   801 25507 I chatty  : uid=1000(system) Binder_D expire 1 line
06-23 07:45:19.349   801   894 I chatty  : uid=1000(system) InputReader expire 1 line
06-23 07:45:32.041   801  1168 I chatty  : uid=1000(system) ConnectivitySer expire 220 lines
06-23 07:45:32.081   801  1985 I chatty  : uid=1000(system) Binder_B expire 2 lines
06-23 07:45:32.366   801  1982 I chatty  : uid=1000(system) Binder_9 expire 2 lines
06-23 07:45:32.423   801  1167 I chatty  : uid=1000(system) WifiService expire 1 line
06-23 07:45:32.452   801  1276 I chatty  : uid=1000(system) Binder_6 expire 2 lines
06-23 07:45:32.755   801  1984 I chatty  : uid=1000(system) Binder_A expire 3 lines
06-23 07:45:32.758   801  1206 I chatty  : uid=1000(system) Binder_4 expire 4 lines
06-23 07:45:33.245   801  3333 I chatty  : uid=1000(system) Binder_C expire 2 lines
06-23 07:45:34.920   801  1166 I chatty  : uid=1000(system) WifiStateMachin expire 4 lines
06-23 07:46:01.550   801   814 I chatty  : uid=1000(system) ActivityManager expire 4 lines
06-23 07:47:20.885   801   811 I chatty  : uid=1000(system) Binder_1 expire 4 lines
06-23 07:50:43.998   801  1205 I chatty  : uid=1000(system) Binder_3 expire 2 lines
06-23 07:50:50.088   801 25508 I chatty  : uid=1000(system) Binder_E expire 2 lines
06-23 07:51:38.445   801  1277 I chatty  : uid=1000(system) Binder_7 expire 1 line
06-23 07:51:39.354   801  1275 I chatty  : uid=1000(system) Binder_5 expire 2 lines
06-23 07:52:56.004   801  1168 I chatty  : uid=1000(system) ConnectivitySer expire 219 lines
06-23 07:52:56.780   801  1205 I chatty  : uid=1000(system) Binder_3 expire 2 lines
06-23 07:52:56.781   801  1982 I chatty  : uid=1000(system) Binder_9 expire 1 line
06-23 07:52:59.011   801  1166 I chatty  : uid=1000(system) WifiStateMachin expire 4 lines
06-23 07:53:30.217   801   814 I chatty  : uid=1000(system) ActivityManager expire 5 lines
06-23 07:53:43.989   801   811 I chatty  : uid=1000(system) Binder_1 expire 3 lines
06-23 07:53:44.801   801 25508 I chatty  : uid=1000(system) Binder_E expire 2 lines
06-23 07:53:44.801   801  1985 I chatty  : uid=1000(system) Binder_B expire 1 line
06-23 07:55:00.269   801   812 I chatty  : uid=1000(system) Binder_2 expire 1 line
06-23 07:55:00.421   801   819 I chatty  : uid=1000(system) android.display expire 3 lines
06-23 07:55:00.421   801   821 I chatty  : uid=1000(system) PowerManagerSer expire 4 lines
06-23 07:55:00.505   801  1276 I chatty  : uid=1000(system) Binder_6 expire 3 lines
06-23 07:55:01.094   801  1206 I chatty  : uid=1000(system) Binder_4 expire 1 line
06-23 07:56:09.088   801 25509 I chatty  : uid=1000(system) Binder_F expire 2 lines
06-23 07:56:09.090   801 25510 I chatty  : uid=1000(system) Binder_10 expire 1 line
06-23 07:57:09.304   801  1984 I chatty  : uid=1000(system) Binder_A expire 2 lines
06-23 07:57:09.307   801  1278 I chatty  : uid=1000(system) Binder_8 expire 4 lines
06-23 07:57:12.738   801  1168 I chatty  : uid=1000(system) ConnectivitySer expire 224 lines
06-23 07:57:14.463   801   811 I chatty  : uid=1000(system) Binder_1 expire 3 lines
06-23 07:57:56.046   801   814 I chatty  : uid=1000(system) ActivityManager expire 3 lines
06-23 07:59:32.492   801  1984 I chatty  : uid=1000(system) Binder_A expire 2 lines
06-23 07:59:33.316   801  1985 I chatty  : uid=1000(system) Binder_B expire 2 lines
06-23 07:59:33.318   801  1982 I chatty  : uid=1000(system) Binder_9 expire 2 lines
06-23 07:59:35.413   801  1166 I chatty  : uid=1000(system) WifiStateMachin expire 4 lines
06-23 08:00:06.870   801 25508 I chatty  : uid=1000(system) Binder_E expire 2 lines
06-23 08:00:21.726   801  3333 I chatty  : uid=1000(system) Binder_C expire 4 lines
06-23 08:02:26.988   801 25510 I chatty  : uid=1000(system) Binder_10 expire 1 line
06-23 08:02:28.198   801  1276 I chatty  : uid=1000(system) Binder_6 expire 1 line
06-23 08:02:28.254   801  1205 I chatty  : uid=1000(system) Binder_3 expire 2 lines
06-23 08:02:50.042   801   812 I chatty  : uid=1000(system) Binder_2 expire 1 line
06-23 08:03:30.058   801  1886 I chatty  : uid=1000(system) FLP Service Cal expire 2 lines
06-23 08:03:30.766   801  1168 I chatty  : uid=1000(system) ConnectivitySer expire 118 lines
06-23 08:03:30.767   801   813 I chatty  : uid=1000(system) android.bg expire 4 lines
06-23 08:03:32.679   801   814 I chatty  : uid=1000(system) ActivityManager expire 11 lines
06-23 08:04:02.852   801 25509 I chatty  : uid=1000(system) Binder_F expire 7 lines
06-23 08:04:02.853   801  1985 I chatty  : uid=1000(system) Binder_B expire 3 lines
06-23 08:04:04.931   801  1166 I chatty  : uid=1000(system) WifiStateMachin expire 1 line
06-23 08:05:00.217   801   811 I chatty  : uid=1000(system) Binder_1 expire 4 lines
06-23 08:05:00.407   801   819 I chatty  : uid=1000(system) android.display expire 17 lines
06-23 08:05:00.408   801   821 I chatty  : uid=1000(system) PowerManagerSer expire 24 lines
06-23 08:05:21.022   801  1275 I chatty  : uid=1000(system) Binder_5 expire 5 lines
06-23 08:05:22.142   801  1276 I chatty  : uid=1000(system) Binder_6 expire 3 lines
06-23 08:05:32.483   801   893 I chatty  : uid=1000(system) InputDispatcher expire 2 lines
06-23 08:05:33.933   801 25510 I chatty  : uid=1000(system) Binder_10 expire 5 lines
06-23 08:05:45.973   801   894 I chatty  : uid=1000(system) InputReader expire 12 lines
06-23 08:10:00.256   801   812 I chatty  : uid=1000(system) Binder_2 expire 2 lines
06-23 08:10:00.535   801  1205 I chatty  : uid=1000(system) Binder_3 expire 6 lines
06-23 08:15:00.956   801 25507 I chatty  : uid=1000(system) Binder_D expire 4 lines
06-23 08:18:53.210   801 25508 I chatty  : uid=1000(system) Binder_E expire 1 line
06-23 08:18:53.358   801  1278 I chatty  : uid=1000(system) Binder_8 expire 2 lines
06-23 08:23:53.377   801  1982 I chatty  : uid=1000(system) Binder_9 expire 5 lines
06-23 08:23:53.428   801  1206 I chatty  : uid=1000(system) Binder_4 expire 2 lines
06-23 08:23:53.540   801  1167 I chatty  : uid=1000(system) WifiService expire 2 lines
06-23 08:48:51.068   801   816 I chatty  : uid=1000(system) android.fg expire 2 lines
06-23 08:57:07.317   801   815 I chatty  : uid=1000(system) android.ui expire 1 line
06-23 09:01:44.173   801  3333 I chatty  : uid=1000(system) Binder_C expire 2 lines
06-23 09:02:12.097   801   801 I chatty  : uid=1000 system_server expire 2 lines
06-23 09:02:55.628   801  1984 I chatty  : uid=1000(system) Binder_A expire 1 line
06-23 09:02:56.570 14206 14206 W ActivityThread: ClassLoader.loadClass: The class loader returned by Thread.getContextClassLoader() may fail for processes that host multiple applications. You should explicitly specify a context class loader. For example: Thread.setContextClassLoader(getClass().getClassLoader());
06-23 09:02:56.966   801   814 I chatty  : uid=1000(system) ActivityManager expire 1 line
06-23 09:04:10.135   801   894 I chatty  : uid=1000(system) InputReader expire 1 line
06-23 09:04:10.136   801   821 I chatty  : uid=1000(system) PowerManagerSer expire 1 line
06-23 09:04:10.225   801  1168 I chatty  : uid=1000(system) ConnectivitySer expire 2 lines
06-23 09:04:10.773   801   819 I chatty  : uid=1000(system) android.display expire 5 lines
06-23 09:04:37.118   801  1168 I chatty  : uid=1000(system) ConnectivitySer expire 14 lines
06-23 09:04:37.121   801   813 I chatty  : uid=1000(system) android.bg expire 9 lines
06-23 09:04:53.094   801   814 I chatty  : uid=1000(system) ActivityManager expire 11 lines
06-23 09:07:45.602   801   811 I chatty  : uid=1000(system) Binder_1 expire 5 lines
06-23 09:07:45.644   801  1205 I chatty  : uid=1000(system) Binder_3 expire 9 lines
06-23 09:07:45.670   801  1275 I chatty  : uid=1000(system) Binder_5 expire 9 lines
06-23 09:08:07.630   801  1982 I chatty  : uid=1000(system) Binder_9 expire 9 lines
06-23 09:08:07.668   801 25508 I chatty  : uid=1000(system) Binder_E expire 6 lines
06-23 09:14:20.131   801  1276 I chatty  : uid=1000(system) Binder_6 expire 3 lines
06-23 09:19:20.131   801 25510 I chatty  : uid=1000(system) Binder_10 expire 4 lines
06-23 09:19:21.974   801  1277 I chatty  : uid=1000(system) Binder_7 expire 5 lines
06-23 09:21:04.237   801  1278 I chatty  : uid=1000(system) Binder_8 expire 1 line
06-23 09:26:49.965   801   891 I chatty  : uid=1000(system) AlarmManager expire 1 line
06-23 09:27:00.495   801  1167 I chatty  : uid=1000(system) WifiService expire 1 line
06-23 09:30:59.965   801   816 I chatty  : uid=1000(system) android.fg expire 23 lines
06-23 10:18:24.869 15622 15656 E ActivityThread: Failed to find provider info for com.facebook.katana.provider.AttributionIdProvider
06-23 10:20:59.966   801   816 I chatty  : uid=1000(system) android.fg expire 36 lines
06-23 10:51:16.191   801  1886 I chatty  : uid=1000(system) FLP Service Cal expire 3 lines
06-23 10:51:16.191   801  1168 I chatty  : uid=1000(system) ConnectivitySer expire 12 lines
06-23 10:51:26.559   801   801 I chatty  : uid=1000 system_server expire 9 lines
06-23 10:51:27.645   801  1985 I chatty  : uid=1000(system) Binder_B expire 3 lines
06-23 10:51:56.649   801  3333 I chatty  : uid=1000(system) Binder_C expire 6 lines
06-23 10:51:56.653   801  1206 I chatty  : uid=1000(system) Binder_4 expire 5 lines
06-23 11:36:19.788   801   812 I chatty  : uid=1000(system) Binder_2 expire 1 line
06-23 11:36:34.796   801 25507 I chatty  : uid=1000(system) Binder_D expire 3 lines
06-23 11:37:04.519   801   894 I chatty  : uid=1000(system) InputReader expire 3 lines
06-23 11:37:04.534   801   821 I chatty  : uid=1000(system) PowerManagerSer expire 7 lines
06-23 12:15:17.424  3711 17790 E ActivityThread: Failed to find provider info for com.google.android.wearable.settings
06-23 12:15:25.516   801   814 I chatty  : uid=1000(system) ActivityManager expire 17 lines
06-23 12:15:25.531  3711 17790 E ActivityThread: Failed to find provider info for com.google.android.wearable.settings
06-23 12:15:25.886   801  1984 I chatty  : uid=1000(system) Binder_A expire 2 lines
06-23 12:15:26.530   801 25509 I chatty  : uid=1000(system) Binder_F expire 2 lines
06-23 12:15:46.408   801  1168 I chatty  : uid=1000(system) ConnectivitySer expire 18 lines
06-23 12:20:59.966   801   816 I chatty  : uid=1000(system) android.fg expire 18 lines
06-23 13:02:47.164   801   814 I chatty  : uid=1000(system) ActivityManager expire 7 lines
06-23 13:03:29.983   801  1278 I chatty  : uid=1000(system) Binder_8 expire 10 lines
06-23 13:03:30.718   801   811 I chatty  : uid=1000(system) Binder_1 expire 4 lines
06-23 13:09:14.040   801  1168 I chatty  : uid=1000(system) ConnectivitySer expire 18 lines
06-23 13:09:14.290   801 25508 I chatty  : uid=1000(system) Binder_E expire 6 lines
06-23 13:09:14.300   801  1205 I chatty  : uid=1000(system) Binder_3 expire 6 lines
06-23 13:09:14.325   801  1276 I chatty  : uid=1000(system) Binder_6 expire 7 lines
06-23 13:09:14.338   801  1985 I chatty  : uid=1000(system) Binder_B expire 9 lines
06-23 13:09:23.954   801  1982 I chatty  : uid=1000(system) Binder_9 expire 11 lines
06-23 13:12:24.018  1926  1926 D MccTable: updateMccMncConfiguration mccmnc='null' fromServiceState=true
06-23 13:12:24.018  1926  1926 D MccTable: WIFI_COUNTRY_CODE set to 
06-23 13:12:24.222   801 25507 I chatty  : uid=1000(system) Binder_D expire 13 lines
06-23 13:12:24.248   801  1984 I chatty  : uid=1000(system) Binder_A expire 2 lines
06-23 13:12:24.462   801  1206 I chatty  : uid=1000(system) Binder_4 expire 9 lines
06-23 13:12:55.194   801 25510 I chatty  : uid=1000(system) Binder_10 expire 5 lines
06-23 13:36:35.941   801  1167 I chatty  : uid=1000(system) WifiService expire 3 lines
06-23 13:40:21.932  1926  1926 D MccTable: updateMccMncConfiguration mccmnc='26201' fromServiceState=true
06-23 13:40:21.933  1926  1926 D MccTable: updateMccMncConfiguration defaultMccMnc=26201
06-23 13:40:21.933  1926  1926 D MccTable: updateMccMncConfiguration: mcc=262, mnc=1
06-23 13:40:21.933  1926  1926 D MccTable: WIFI_COUNTRY_CODE set to de
06-23 13:40:21.948   801  1168 I chatty  : uid=1000(system) ConnectivitySer expire 15 lines
06-23 13:40:22.096   801   812 I chatty  : uid=1000(system) Binder_2 expire 4 lines
06-23 13:42:06.951   801   894 I chatty  : uid=1000(system) InputReader expire 16 lines
06-23 13:42:06.963   801   821 I chatty  : uid=1000(system) PowerManagerSer expire 32 lines
06-23 13:42:07.059   801   819 I chatty  : uid=1000(system) android.display expire 19 lines
06-23 13:46:59.970   801   816 I chatty  : uid=1000(system) android.fg expire 12 lines
06-23 13:53:55.538   801  1275 I chatty  : uid=1000(system) Binder_5 expire 2 lines
06-23 13:55:50.589   801   801 I chatty  : uid=1000 system_server expire 8 lines
06-23 14:32:59.373   801   813 I chatty  : uid=1000(system) android.bg expire 4 lines
06-23 14:33:40.500   801 25509 I chatty  : uid=1000(system) Binder_F expire 1 line
06-23 14:34:36.115  1294  1294 V DeadZone: consuming errant click: (860.0,7.0)
