06-24 11:49:13.081   801   801 I chatty  : uid=1000 system_server expire 26 lines
06-24 11:49:13.099   801  1310 I chatty  : uid=1000(system) AsyncQueryWorke expire 2 lines
06-24 11:49:13.650   801 13203 I chatty  : uid=1000 system_server expire 4 lines
06-24 11:53:45.671   801   821 I chatty  : uid=1000(system) PowerManagerSer expire 12 lines
06-24 11:53:46.309   801   819 I chatty  : uid=1000(system) android.display expire 8 lines
06-24 11:53:48.119   801   814 I chatty  : uid=1000(system) ActivityManager expire 23 lines
06-24 11:53:48.123   801  1985 I chatty  : uid=1000(system) Binder_B expire 23 lines
06-24 11:53:48.137   801   812 I chatty  : uid=1000(system) Binder_2 expire 13 lines
06-24 11:53:56.927   801 25510 I chatty  : uid=1000(system) Binder_10 expire 8 lines
06-24 11:53:57.053   801  1886 I chatty  : uid=1000(system) FLP Service Cal expire 2 lines
06-24 11:53:57.056   801  1168 I chatty  : uid=1000(system) ConnectivitySer expire 11 lines
06-24 11:53:57.061   801   813 I chatty  : uid=1000(system) android.bg expire 5 lines
06-24 11:54:00.821   801   894 I chatty  : uid=1000(system) InputReader expire 4 lines
06-24 11:54:01.137   801  1206 I chatty  : uid=1000(system) Binder_4 expire 10 lines
06-24 11:54:01.306   801  1278 I chatty  : uid=1000(system) Binder_8 expire 5 lines
06-24 11:54:01.444   801  1275 I chatty  : uid=1000(system) Binder_5 expire 3 lines
06-24 11:54:01.842   801  1984 I chatty  : uid=1000(system) Binder_A expire 6 lines
06-24 11:54:02.471   801  1205 I chatty  : uid=1000(system) Binder_3 expire 5 lines
06-24 11:54:03.052   801   811 I chatty  : uid=1000(system) Binder_1 expire 5 lines
06-24 11:54:03.065   801  1276 I chatty  : uid=1000(system) Binder_6 expire 3 lines
06-24 11:54:04.334   801 25507 I chatty  : uid=1000(system) Binder_D expire 4 lines
06-24 11:54:04.366   801 25509 I chatty  : uid=1000(system) Binder_F expire 8 lines
06-24 11:54:04.494   801  1982 I chatty  : uid=1000(system) Binder_9 expire 1 line
06-24 12:01:54.406   801  3333 I chatty  : uid=1000(system) Binder_C expire 9 lines
06-24 12:03:15.887   801  1277 I chatty  : uid=1000(system) Binder_7 expire 5 lines
06-24 12:03:31.246   801   891 I chatty  : uid=1000(system) AlarmManager expire 1 line
06-24 12:03:31.982   801 25508 I chatty  : uid=1000(system) Binder_E expire 26 lines
06-24 12:03:32.560   801  1167 I chatty  : uid=1000(system) WifiService expire 3 lines
06-24 12:17:59.966   801   816 I chatty  : uid=1000(system) android.fg expire 8 lines
06-24 12:25:55.306 13970 14891 E ActivityThread: Failed to find provider info for com.google.android.wearable.settings
06-24 12:26:03.579 13970 14891 E ActivityThread: Failed to find provider info for com.google.android.wearable.settings
06-24 12:39:15.996   801  1168 I chatty  : uid=1000(system) ConnectivitySer expire 13 lines
06-24 12:39:17.985   801   801 I chatty  : uid=1000 system_server expire 26 lines
06-24 12:39:18.008   801  1310 I chatty  : uid=1000(system) AsyncQueryWorke expire 1 line
06-24 12:39:18.098   801 15309 I chatty  : uid=1000 system_server expire 3 lines
06-24 12:42:01.091   801   815 I chatty  : uid=1000(system) android.ui expire 1 line
06-24 12:48:12.529   801   812 I chatty  : uid=1000(system) Binder_2 expire 3 lines
06-24 12:48:13.426   801 25509 I chatty  : uid=1000(system) Binder_F expire 3 lines
06-24 12:48:13.566   801  1168 I chatty  : uid=1000(system) ConnectivitySer expire 21 lines
06-24 12:48:13.897   801 25507 I chatty  : uid=1000(system) Binder_D expire 16 lines
06-24 12:48:14.297   801 25510 I chatty  : uid=1000(system) Binder_10 expire 8 lines
06-24 12:48:14.800   801  1982 I chatty  : uid=1000(system) Binder_9 expire 3 lines
06-24 12:48:15.367   801  1276 I chatty  : uid=1000(system) Binder_6 expire 7 lines
06-24 12:48:15.410   801 25508 I chatty  : uid=1000(system) Binder_E expire 6 lines
06-24 12:48:15.669   801  3333 I chatty  : uid=1000(system) Binder_C expire 9 lines
06-24 12:48:27.538   801  1277 I chatty  : uid=1000(system) Binder_7 expire 5 lines
06-24 12:48:30.471   801   814 I chatty  : uid=1000(system) ActivityManager expire 11 lines
06-24 12:50:10.964   801   816 I chatty  : uid=1000(system) android.fg expire 15 lines
06-24 12:52:48.004  1926  1926 D MccTable: updateMccMncConfiguration mccmnc='null' fromServiceState=true
06-24 12:52:48.004  1926  1926 D MccTable: WIFI_COUNTRY_CODE set to 
06-24 12:52:48.006   801  1206 I chatty  : uid=1000(system) Binder_4 expire 2 lines
06-24 12:52:48.039   801  1275 I chatty  : uid=1000(system) Binder_5 expire 11 lines
06-24 12:52:48.076   801  1205 I chatty  : uid=1000(system) Binder_3 expire 2 lines
06-24 12:52:48.163   801  1985 I chatty  : uid=1000(system) Binder_B expire 3 lines
06-24 13:00:15.470   801   811 I chatty  : uid=1000(system) Binder_1 expire 4 lines
06-24 13:12:12.032   801   891 I chatty  : uid=1000(system) AlarmManager expire 1 line
06-24 13:12:12.556   801  1167 I chatty  : uid=1000(system) WifiService expire 1 line
06-24 13:20:52.956   801   894 I chatty  : uid=1000(system) InputReader expire 10 lines
06-24 13:20:52.974   801   821 I chatty  : uid=1000(system) PowerManagerSer expire 22 lines
06-24 13:20:53.058   801   819 I chatty  : uid=1000(system) android.display expire 14 lines
06-24 13:24:16.504  1926  1926 D MccTable: updateMccMncConfiguration mccmnc='26201' fromServiceState=true
06-24 13:24:16.505  1926  1926 D MccTable: updateMccMncConfiguration defaultMccMnc=26201
06-24 13:24:16.505  1926  1926 D MccTable: updateMccMncConfiguration: mcc=262, mnc=1
06-24 13:24:16.505  1926  1926 D MccTable: WIFI_COUNTRY_CODE set to de
06-24 13:24:16.726   801  1168 I chatty  : uid=1000(system) ConnectivitySer expire 31 lines
06-24 13:39:28.952   801   801 I chatty  : uid=1000 system_server expire 35 lines
06-24 13:57:41.996   801  1278 I chatty  : uid=1000(system) Binder_8 expire 1 line
06-24 13:57:45.635   801  1984 I chatty  : uid=1000(system) Binder_A expire 7 lines
06-24 13:59:55.978   801  1310 I chatty  : uid=1000(system) AsyncQueryWorke expire 1 line
06-24 13:59:56.047   801 17257 I chatty  : uid=1000 system_server expire 3 lines
06-24 13:59:59.297   801   814 I chatty  : uid=1000(system) ActivityManager expire 21 lines
06-24 13:59:59.298   801 25507 I chatty  : uid=1000(system) Binder_D expire 15 lines
06-24 14:00:00.016   801   894 I chatty  : uid=1000(system) InputReader expire 17 lines
06-24 14:00:00.016   801   821 I chatty  : uid=1000(system) PowerManagerSer expire 32 lines
06-24 14:00:00.574   801   819 I chatty  : uid=1000(system) android.display expire 19 lines
06-24 14:01:43.997   801  1168 I chatty  : uid=1000(system) ConnectivitySer expire 33 lines
06-24 14:01:44.220   801  1205 I chatty  : uid=1000(system) Binder_3 expire 2 lines
06-24 14:07:54.113   801  1277 I chatty  : uid=1000(system) Binder_7 expire 7 lines
06-24 14:07:54.175   801  3333 I chatty  : uid=1000(system) Binder_C expire 3 lines
06-24 14:25:53.031   801   812 I chatty  : uid=1000(system) Binder_2 expire 28 lines
06-24 14:25:53.333   801   801 I chatty  : uid=1000 system_server expire 3 lines
06-24 14:25:53.344   801  1167 I chatty  : uid=1000(system) WifiService expire 2 lines
06-24 14:25:53.369   801  1982 I chatty  : uid=1000(system) Binder_9 expire 5 lines
06-24 14:25:55.867   801 25510 I chatty  : uid=1000(system) Binder_10 expire 5 lines
06-24 14:25:57.311   801  1275 I chatty  : uid=1000(system) Binder_5 expire 6 lines
06-24 14:26:05.046   801 25509 I chatty  : uid=1000(system) Binder_F expire 4 lines
06-24 14:29:59.984   801   816 I chatty  : uid=1000(system) android.fg expire 25 lines
06-24 14:33:29.981   801   891 I chatty  : uid=1000(system) AlarmManager expire 1 line
06-24 14:33:30.179   801  1206 I chatty  : uid=1000(system) Binder_4 expire 3 lines
06-24 14:43:15.228   801  1278 I chatty  : uid=1000(system) Binder_8 expire 2 lines
06-24 14:57:31.052   801   811 I chatty  : uid=1000(system) Binder_1 expire 4 lines
06-24 15:18:55.997   801  1984 I chatty  : uid=1000(system) Binder_A expire 4 lines
06-24 15:40:56.873   801 25508 I chatty  : uid=1000(system) Binder_E expire 2 lines
06-24 15:52:01.025   801  1985 I chatty  : uid=1000(system) Binder_B expire 4 lines
06-24 15:52:07.194   801   893 I chatty  : uid=1000(system) InputDispatcher expire 1 line
06-24 15:52:14.161   801  1886 I chatty  : uid=1000(system) FLP Service Cal expire 1 line
06-24 15:52:14.163   801   813 I chatty  : uid=1000(system) android.bg expire 4 lines
06-24 15:52:25.731   801  1276 I chatty  : uid=1000(system) Binder_6 expire 8 lines
06-24 16:15:13.118   801   819 I chatty  : uid=1000(system) android.display expire 10 lines
06-24 16:15:13.121   801   821 I chatty  : uid=1000(system) PowerManagerSer expire 11 lines
06-24 16:15:18.082   801  3333 I chatty  : uid=1000(system) Binder_C expire 10 lines
06-24 16:15:19.750   801   894 I chatty  : uid=1000(system) InputReader expire 7 lines
06-24 16:18:02.922   801  1277 I chatty  : uid=1000(system) Binder_7 expire 7 lines
06-24 16:18:07.315   801   815 I chatty  : uid=1000(system) android.ui expire 1 line
06-24 16:18:09.117   801  1984 I chatty  : uid=1000(system) Binder_A expire 6 lines
06-24 16:19:03.368   801  1278 I chatty  : uid=1000(system) Binder_8 expire 5 lines
06-24 16:19:03.376   801 25510 I chatty  : uid=1000(system) Binder_10 expire 9 lines
06-24 16:22:00.006   801   801 I chatty  : uid=1000 system_server expire 5 lines
06-24 16:22:00.097   801  1167 I chatty  : uid=1000(system) WifiService expire 2 lines
06-24 16:22:54.125   801 25509 I chatty  : uid=1000(system) Binder_F expire 8 lines
06-24 16:22:58.851   801   814 I chatty  : uid=1000(system) ActivityManager expire 10 lines
06-24 16:22:58.898   801  1985 I chatty  : uid=1000(system) Binder_B expire 5 lines
06-24 16:22:59.128   801   811 I chatty  : uid=1000(system) Binder_1 expire 2 lines
06-24 16:22:59.155   801 25508 I chatty  : uid=1000(system) Binder_E expire 4 lines
06-24 16:23:03.479  1294  1294 V DeadZone: consuming errant click: (220.0,32.0)
06-24 16:23:06.939   801  1886 I chatty  : uid=1000(system) FLP Service Cal expire 4 lines
06-24 16:23:06.940   801  1168 I chatty  : uid=1000(system) ConnectivitySer expire 36 lines
06-24 16:23:06.961   801   813 I chatty  : uid=1000(system) android.bg expire 8 lines
06-24 16:23:07.494   801  1206 I chatty  : uid=1000(system) Binder_4 expire 3 lines
06-24 16:23:08.204   801 25507 I chatty  : uid=1000(system) Binder_D expire 11 lines
06-24 16:23:08.323   801  1205 I chatty  : uid=1000(system) Binder_3 expire 10 lines
06-24 16:23:12.505   801  1982 I chatty  : uid=1000(system) Binder_9 expire 4 lines
06-24 16:23:37.541   801   821 I chatty  : uid=1000(system) PowerManagerSer expire 5 lines
06-24 16:28:42.304   801  1275 I chatty  : uid=1000(system) Binder_5 expire 5 lines
06-24 16:35:57.087  1926  1926 D MccTable: updateMccMncConfiguration mccmnc='null' fromServiceState=true
06-24 16:35:57.087  1926  1926 D MccTable: WIFI_COUNTRY_CODE set to 
06-24 16:35:57.096   801  1168 I chatty  : uid=1000(system) ConnectivitySer expire 17 lines
06-24 16:35:57.203   801   891 I chatty  : uid=1000(system) AlarmManager expire 1 line
06-24 16:35:57.548   801   812 I chatty  : uid=1000(system) Binder_2 expire 3 lines
06-24 16:36:24.152  1926  1926 D MccTable: updateMccMncConfiguration mccmnc='26201' fromServiceState=true
06-24 16:36:24.153  1926  1926 D MccTable: updateMccMncConfiguration defaultMccMnc=26201
06-24 16:36:24.153  1926  1926 D MccTable: updateMccMncConfiguration: mcc=262, mnc=1
06-24 16:36:24.153  1926  1926 D MccTable: WIFI_COUNTRY_CODE set to de
06-24 16:38:13.006  1926  1926 D MccTable: updateMccMncConfiguration mccmnc='null' fromServiceState=true
06-24 16:38:13.007  1926  1926 D MccTable: WIFI_COUNTRY_CODE set to 
06-24 16:38:13.013   801  1168 I chatty  : uid=1000(system) ConnectivitySer expire 12 lines
06-24 16:38:28.468   801   814 I chatty  : uid=1000(system) ActivityManager expire 2 lines
06-24 16:38:39.763  1926  1926 D MccTable: updateMccMncConfiguration mccmnc='26201' fromServiceState=true
06-24 16:38:39.763  1926  1926 D MccTable: updateMccMncConfiguration defaultMccMnc=26201
06-24 16:38:39.763  1926  1926 D MccTable: updateMccMncConfiguration: mcc=262, mnc=1
06-24 16:38:39.763  1926  1926 D MccTable: WIFI_COUNTRY_CODE set to de
06-24 16:38:39.775   801  1168 I chatty  : uid=1000(system) ConnectivitySer expire 12 lines
06-24 16:39:10.034  1926  1926 D MccTable: updateMccMncConfiguration mccmnc='null' fromServiceState=true
06-24 16:39:10.034  1926  1926 D MccTable: WIFI_COUNTRY_CODE set to 
06-24 16:39:10.041   801  1168 I chatty  : uid=1000(system) ConnectivitySer expire 13 lines
06-24 16:39:52.043  1926  1926 D MccTable: updateMccMncConfiguration mccmnc='26201' fromServiceState=true
06-24 16:39:52.044  1926  1926 D MccTable: updateMccMncConfiguration defaultMccMnc=26201
06-24 16:39:52.044  1926  1926 D MccTable: updateMccMncConfiguration: mcc=262, mnc=1
06-24 16:39:52.044  1926  1926 D MccTable: WIFI_COUNTRY_CODE set to de
06-24 16:39:52.044   801  1205 I chatty  : uid=1000(system) Binder_3 expire 3 lines
06-24 16:39:52.059   801  1168 I chatty  : uid=1000(system) ConnectivitySer expire 12 lines
06-24 16:39:52.106   801  1277 I chatty  : uid=1000(system) Binder_7 expire 12 lines
06-24 16:39:52.127   801 25508 I chatty  : uid=1000(system) Binder_E expire 10 lines
06-24 16:39:52.144   801  1985 I chatty  : uid=1000(system) Binder_B expire 10 lines
06-24 16:39:52.159   801 25510 I chatty  : uid=1000(system) Binder_10 expire 8 lines
06-24 16:39:52.337   801  1982 I chatty  : uid=1000(system) Binder_9 expire 11 lines
06-24 16:39:52.350   801 25507 I chatty  : uid=1000(system) Binder_D expire 10 lines
06-24 16:40:07.489   801   814 I chatty  : uid=1000(system) ActivityManager expire 6 lines
06-24 16:40:23.748  1926  1926 D MccTable: updateMccMncConfiguration mccmnc='null' fromServiceState=true
06-24 16:40:23.748  1926  1926 D MccTable: WIFI_COUNTRY_CODE set to 
06-24 16:40:23.748   801  1275 I chatty  : uid=1000(system) Binder_5 expire 10 lines
06-24 16:40:59.106  1926  1926 D MccTable: updateMccMncConfiguration mccmnc='26201' fromServiceState=true
06-24 16:40:59.108  1926  1926 D MccTable: updateMccMncConfiguration defaultMccMnc=26201
06-24 16:40:59.108  1926  1926 D MccTable: updateMccMncConfiguration: mcc=262, mnc=1
06-24 16:40:59.108  1926  1926 D MccTable: WIFI_COUNTRY_CODE set to de
06-24 16:40:59.108   801  1276 I chatty  : uid=1000(system) Binder_6 expire 4 lines
06-24 16:40:59.123   801  1168 I chatty  : uid=1000(system) ConnectivitySer expire 16 lines
06-24 16:40:59.547   801   812 I chatty  : uid=1000(system) Binder_2 expire 10 lines
06-24 16:41:07.748  1926  1926 D MccTable: updateMccMncConfiguration mccmnc='null' fromServiceState=true
06-24 16:41:07.748  1926  1926 D MccTable: WIFI_COUNTRY_CODE set to 
06-24 16:41:07.749   801  3333 I chatty  : uid=1000(system) Binder_C expire 6 lines
06-24 16:41:20.980  1926  1926 D MccTable: updateMccMncConfiguration mccmnc='26201' fromServiceState=true
06-24 16:41:20.980  1926  1926 D MccTable: updateMccMncConfiguration defaultMccMnc=26201
06-24 16:41:20.980  1926  1926 D MccTable: updateMccMncConfiguration: mcc=262, mnc=1
06-24 16:41:20.980  1926  1926 D MccTable: WIFI_COUNTRY_CODE set to de
06-24 16:41:20.994   801  1168 I chatty  : uid=1000(system) ConnectivitySer expire 10 lines
06-24 16:41:21.118   801  1984 I chatty  : uid=1000(system) Binder_A expire 4 lines
06-24 16:42:13.813  1926  1926 D MccTable: updateMccMncConfiguration mccmnc='null' fromServiceState=true
06-24 16:42:13.813  1926  1926 D MccTable: WIFI_COUNTRY_CODE set to 
06-24 16:42:13.819   801  1168 I chatty  : uid=1000(system) ConnectivitySer expire 30 lines
06-24 16:42:54.176   801   811 I chatty  : uid=1000(system) Binder_1 expire 3 lines
06-24 16:43:42.638  1926  1926 D MccTable: updateMccMncConfiguration mccmnc='26201' fromServiceState=true
06-24 16:43:42.639  1926  1926 D MccTable: updateMccMncConfiguration defaultMccMnc=26201
06-24 16:43:42.639  1926  1926 D MccTable: updateMccMncConfiguration: mcc=262, mnc=1
06-24 16:43:42.639  1926  1926 D MccTable: WIFI_COUNTRY_CODE set to de
06-24 16:43:42.871   801 25509 I chatty  : uid=1000(system) Binder_F expire 2 lines
06-24 16:44:47.216   801   813 I chatty  : uid=1000(system) android.bg expire 1 line
06-24 16:46:00.338  1926  1926 D MccTable: updateMccMncConfiguration mccmnc='null' fromServiceState=true
06-24 16:46:00.338  1926  1926 D MccTable: WIFI_COUNTRY_CODE set to 
06-24 16:46:00.345   801  1168 I chatty  : uid=1000(system) ConnectivitySer expire 11 lines
06-24 16:46:16.570   801  1982 I chatty  : uid=1000(system) Binder_9 expire 2 lines
06-24 16:46:18.313  1926  1926 D MccTable: updateMccMncConfiguration mccmnc='26201' fromServiceState=true
06-24 16:46:18.315  1926  1926 D MccTable: updateMccMncConfiguration defaultMccMnc=26201
06-24 16:46:18.315  1926  1926 D MccTable: updateMccMncConfiguration: mcc=262, mnc=1
06-24 16:46:18.315  1926  1926 D MccTable: WIFI_COUNTRY_CODE set to de
06-24 16:46:18.315   801 25508 I chatty  : uid=1000(system) Binder_E expire 1 line
06-24 16:46:18.326   801  1168 I chatty  : uid=1000(system) ConnectivitySer expire 13 lines
06-24 16:46:18.646   801  1206 I chatty  : uid=1000(system) Binder_4 expire 5 lines
06-24 16:47:12.371  1926  1926 D MccTable: updateMccMncConfiguration mccmnc='null' fromServiceState=true
06-24 16:47:12.371  1926  1926 D MccTable: WIFI_COUNTRY_CODE set to 
06-24 16:47:12.378   801  1168 I chatty  : uid=1000(system) ConnectivitySer expire 22 lines
06-24 16:47:12.722   801 25507 I chatty  : uid=1000(system) Binder_D expire 2 lines
06-24 16:47:18.283  1926  1926 D MccTable: updateMccMncConfiguration mccmnc='26201' fromServiceState=true
06-24 16:47:18.284  1926  1926 D MccTable: updateMccMncConfiguration defaultMccMnc=26201
06-24 16:47:18.284  1926  1926 D MccTable: updateMccMncConfiguration: mcc=262, mnc=1
06-24 16:47:18.284  1926  1926 D MccTable: WIFI_COUNTRY_CODE set to de
06-24 16:47:18.383   801   812 I chatty  : uid=1000(system) Binder_2 expire 2 lines
06-24 16:47:57.360  1926  1926 D MccTable: updateMccMncConfiguration mccmnc='null' fromServiceState=true
06-24 16:47:57.360  1926  1926 D MccTable: WIFI_COUNTRY_CODE set to 
06-24 16:47:57.378   801  1168 I chatty  : uid=1000(system) ConnectivitySer expire 11 lines
06-24 16:47:57.415   801  1277 I chatty  : uid=1000(system) Binder_7 expire 3 lines
06-24 16:47:57.433   801  1278 I chatty  : uid=1000(system) Binder_8 expire 1 line
06-24 16:48:03.035   801   894 I chatty  : uid=1000(system) InputReader expire 1 line
06-24 16:48:03.053   801   821 I chatty  : uid=1000(system) PowerManagerSer expire 2 lines
06-24 16:48:03.104   801  1275 I chatty  : uid=1000(system) Binder_5 expire 1 line
06-24 16:48:03.132   801   819 I chatty  : uid=1000(system) android.display expire 8 lines
06-24 16:48:07.567   801   814 I chatty  : uid=1000(system) ActivityManager expire 11 lines
06-24 16:48:07.649   801 25508 I chatty  : uid=1000(system) Binder_E expire 5 lines
06-24 16:48:09.125   801   893 I chatty  : uid=1000(system) InputDispatcher expire 1 line
06-24 16:48:09.387   801   811 I chatty  : uid=1000(system) Binder_1 expire 11 lines
06-24 16:48:10.021   801  1982 I chatty  : uid=1000(system) Binder_9 expire 4 lines
06-24 16:48:10.225   801  1277 I chatty  : uid=1000(system) Binder_7 expire 13 lines
06-24 16:48:10.385   801  1985 I chatty  : uid=1000(system) Binder_B expire 10 lines
06-24 16:48:13.431   801  1205 I chatty  : uid=1000(system) Binder_3 expire 10 lines
06-24 16:48:16.846   801  1275 I chatty  : uid=1000(system) Binder_5 expire 9 lines
06-24 16:48:18.521   801  1168 I chatty  : uid=1000(system) ConnectivitySer expire 22 lines
06-24 16:48:31.085   801  1278 I chatty  : uid=1000(system) Binder_8 expire 5 lines
06-24 16:48:36.305  1926  1926 D MccTable: updateMccMncConfiguration mccmnc='26201' fromServiceState=true
06-24 16:48:36.306  1926  1926 D MccTable: updateMccMncConfiguration defaultMccMnc=26201
06-24 16:48:36.306  1926  1926 D MccTable: updateMccMncConfiguration: mcc=262, mnc=1
06-24 16:48:36.306  1926  1926 D MccTable: WIFI_COUNTRY_CODE set to de
06-24 16:48:36.306   801  1984 I chatty  : uid=1000(system) Binder_A expire 4 lines
06-24 16:48:36.383   801 25510 I chatty  : uid=1000(system) Binder_10 expire 6 lines
06-24 16:48:36.432   801  1206 I chatty  : uid=1000(system) Binder_4 expire 9 lines
06-24 16:48:36.701   801   812 I chatty  : uid=1000(system) Binder_2 expire 9 lines
06-24 16:49:17.919   801   894 I chatty  : uid=1000(system) InputReader expire 4 lines
06-24 16:49:17.927   801   821 I chatty  : uid=1000(system) PowerManagerSer expire 8 lines
06-24 16:50:05.249  1926  1926 D MccTable: updateMccMncConfiguration mccmnc='null' fromServiceState=true
06-24 16:50:05.249  1926  1926 D MccTable: WIFI_COUNTRY_CODE set to 
06-24 16:50:05.250   801  1168 I chatty  : uid=1000(system) ConnectivitySer expire 76 lines
06-24 16:50:06.258   801  3333 I chatty  : uid=1000(system) Binder_C expire 2 lines
06-24 16:50:08.794   801   801 I chatty  : uid=1000 system_server expire 4 lines
06-24 16:50:09.255   801  1167 I chatty  : uid=1000(system) WifiService expire 1 line
06-24 16:50:09.755  1926  1926 D MccTable: updateMccMncConfiguration mccmnc='26201' fromServiceState=false
06-24 16:50:09.756  1926  1926 D MccTable: updateMccMncConfiguration defaultMccMnc=
06-24 16:50:09.756  1926  1926 D MccTable: updateMccMncConfiguration: mcc=262, mnc=1
06-24 16:50:09.756  1926  1926 D MccTable: updateMccMncConfiguration updateConfig config={1.0 262mcc1mnc ?locale ?layoutDir ?swdp ?wdp ?hdp ?density ?lsize ?long ?orien ?uimode ?night ?touch ?keyb/?/? ?nav/?}
06-24 16:50:10.279  1926  1926 D MccTable: updateMccMncConfiguration mccmnc='26201' fromServiceState=false
06-24 16:50:10.279  1926  1926 D MccTable: updateMccMncConfiguration defaultMccMnc=26201
06-24 16:50:10.279  1926  1926 D MccTable: updateMccMncConfiguration: mcc=262, mnc=1
06-24 16:50:10.280  1926  1926 D MccTable: updateMccMncConfiguration updateConfig config={1.0 262mcc1mnc ?locale ?layoutDir ?swdp ?wdp ?hdp ?density ?lsize ?long ?orien ?uimode ?night ?touch ?keyb/?/? ?nav/?}
06-24 16:50:10.434  1926  1926 D MccTable: updateMccMncConfiguration mccmnc='26201' fromServiceState=false
06-24 16:50:10.435  1926  1926 D MccTable: updateMccMncConfiguration defaultMccMnc=26201
06-24 16:50:10.435  1926  1926 D MccTable: updateMccMncConfiguration: mcc=262, mnc=1
06-24 16:50:10.435  1926  1926 D MccTable: updateMccMncConfiguration updateConfig config={1.0 262mcc1mnc ?locale ?layoutDir ?swdp ?wdp ?hdp ?density ?lsize ?long ?orien ?uimode ?night ?touch ?keyb/?/? ?nav/?}
06-24 16:50:10.707   801 25507 I chatty  : uid=1000(system) Binder_D expire 11 lines
06-24 16:50:10.884   801 25509 I chatty  : uid=1000(system) Binder_F expire 5 lines
06-24 16:50:27.743  1926  1926 D MccTable: updateMccMncConfiguration mccmnc='26201' fromServiceState=true
06-24 16:50:27.744  1926  1926 D MccTable: updateMccMncConfiguration defaultMccMnc=26201
06-24 16:50:27.744  1926  1926 D MccTable: updateMccMncConfiguration: mcc=262, mnc=1
06-24 16:50:27.744  1926  1926 D MccTable: WIFI_COUNTRY_CODE set to de
06-24 16:50:27.779   801  1985 I chatty  : uid=1000(system) Binder_B expire 5 lines
06-24 16:57:58.047   801   815 I chatty  : uid=1000(system) android.ui expire 2 lines
06-24 17:02:11.795   801  1310 I chatty  : uid=1000(system) AsyncQueryWorke expire 1 line
06-24 17:02:11.832   801   801 I chatty  : uid=1000 system_server expire 24 lines
06-24 17:02:11.836   801  3333 I chatty  : uid=1000(system) Binder_C expire 7 lines
06-24 17:02:11.839   801  1275 I chatty  : uid=1000(system) Binder_5 expire 7 lines
06-24 17:02:11.870   801   814 I chatty  : uid=1000(system) ActivityManager expire 15 lines
06-24 17:02:11.882   801 25416 I chatty  : uid=1000 system_server expire 3 lines
06-24 17:02:11.884   801 25508 I chatty  : uid=1000(system) Binder_E expire 5 lines
06-24 17:02:12.819   801   819 I chatty  : uid=1000(system) android.display expire 5 lines
06-24 17:02:12.832   801   821 I chatty  : uid=1000(system) PowerManagerSer expire 7 lines
06-24 17:02:13.136   801  1168 I chatty  : uid=1000(system) ConnectivitySer expire 30 lines
06-24 17:02:14.154   801  1206 I chatty  : uid=1000(system) Binder_4 expire 2 lines
06-24 17:02:19.156   801  1985 I chatty  : uid=1000(system) Binder_B expire 4 lines
06-24 17:02:21.876   801  1278 I chatty  : uid=1000(system) Binder_8 expire 4 lines
06-24 17:02:22.109   801   812 I chatty  : uid=1000(system) Binder_2 expire 19 lines
06-24 17:02:22.721   801   894 I chatty  : uid=1000(system) InputReader expire 2 lines
06-24 17:03:14.494   801  1276 I chatty  : uid=1000(system) Binder_6 expire 7 lines
06-24 17:03:14.971   801  1205 I chatty  : uid=1000(system) Binder_3 expire 7 lines
06-24 17:03:15.269   801  1984 I chatty  : uid=1000(system) Binder_A expire 24 lines
06-24 17:03:15.397   801 25510 I chatty  : uid=1000(system) Binder_10 expire 6 lines
06-24 17:03:15.501   801  1982 I chatty  : uid=1000(system) Binder_9 expire 9 lines
06-24 17:03:16.664   801 25509 I chatty  : uid=1000(system) Binder_F expire 4 lines
06-24 17:03:19.496   801  1277 I chatty  : uid=1000(system) Binder_7 expire 2 lines
06-24 17:03:24.172   801   815 I chatty  : uid=1000(system) android.ui expire 1 line
06-24 17:03:26.715   801 25507 I chatty  : uid=1000(system) Binder_D expire 1 line
06-24 17:10:04.577   801   813 I chatty  : uid=1000(system) android.bg expire 1 line
06-24 17:12:25.002  1926  1926 D MccTable: updateMccMncConfiguration mccmnc='null' fromServiceState=true
06-24 17:12:25.002  1926  1926 D MccTable: WIFI_COUNTRY_CODE set to 
06-24 17:12:25.002   801  1984 I chatty  : uid=1000(system) Binder_A expire 8 lines
06-24 17:12:25.013   801  1168 I chatty  : uid=1000(system) ConnectivitySer expire 17 lines
06-24 17:12:25.566   801   812 I chatty  : uid=1000(system) Binder_2 expire 5 lines
06-24 17:12:28.110  1926  1926 D MccTable: updateMccMncConfiguration mccmnc='26201' fromServiceState=true
06-24 17:12:28.111  1926  1926 D MccTable: updateMccMncConfiguration defaultMccMnc=26201
06-24 17:12:28.111  1926  1926 D MccTable: updateMccMncConfiguration: mcc=262, mnc=1
06-24 17:12:28.111  1926  1926 D MccTable: WIFI_COUNTRY_CODE set to de
06-24 17:12:41.986   801   814 I chatty  : uid=1000(system) ActivityManager expire 8 lines
06-24 17:12:44.958  1926  1926 D MccTable: updateMccMncConfiguration mccmnc='null' fromServiceState=true
06-24 17:12:44.958  1926  1926 D MccTable: WIFI_COUNTRY_CODE set to 
06-24 17:12:44.970   801  1168 I chatty  : uid=1000(system) ConnectivitySer expire 21 lines
06-24 17:13:07.333  1926  1926 D MccTable: updateMccMncConfiguration mccmnc='26201' fromServiceState=true
06-24 17:13:07.339  1926  1926 D MccTable: updateMccMncConfiguration defaultMccMnc=26201
06-24 17:13:07.339  1926  1926 D MccTable: updateMccMncConfiguration: mcc=262, mnc=1
06-24 17:13:07.339  1926  1926 D MccTable: WIFI_COUNTRY_CODE set to de
06-24 17:13:31.656   801  1168 I chatty  : uid=1000(system) ConnectivitySer expire 13 lines
06-24 17:18:35.627  1926  1926 D MccTable: updateMccMncConfiguration mccmnc='null' fromServiceState=true
06-24 17:18:35.627  1926  1926 D MccTable: WIFI_COUNTRY_CODE set to 
06-24 17:18:35.627   801   812 I chatty  : uid=1000(system) Binder_2 expire 7 lines
06-24 17:18:35.636   801  1168 I chatty  : uid=1000(system) ConnectivitySer expire 87 lines
06-24 17:18:35.706   801  1206 I chatty  : uid=1000(system) Binder_4 expire 5 lines
06-24 17:18:35.720   801  1275 I chatty  : uid=1000(system) Binder_5 expire 6 lines
06-24 17:18:36.104   801 25510 I chatty  : uid=1000(system) Binder_10 expire 10 lines
06-24 17:18:36.744   801  1982 I chatty  : uid=1000(system) Binder_9 expire 9 lines
06-24 17:18:36.808   801  1984 I chatty  : uid=1000(system) Binder_A expire 3 lines
06-24 17:18:37.179  1926  1926 D MccTable: updateMccMncConfiguration mccmnc='26201' fromServiceState=true
06-24 17:18:37.179  1926  1926 D MccTable: updateMccMncConfiguration defaultMccMnc=26201
06-24 17:18:37.179  1926  1926 D MccTable: updateMccMncConfiguration: mcc=262, mnc=1
06-24 17:18:37.179  1926  1926 D MccTable: WIFI_COUNTRY_CODE set to de
06-24 17:18:37.179   801 25509 I chatty  : uid=1000(system) Binder_F expire 3 lines
06-24 17:18:37.267   801  3333 I chatty  : uid=1000(system) Binder_C expire 6 lines
06-24 17:18:37.281   801  1985 I chatty  : uid=1000(system) Binder_B expire 7 lines
06-24 17:18:37.304   801 25508 I chatty  : uid=1000(system) Binder_E expire 7 lines
06-24 17:18:37.316   801  1205 I chatty  : uid=1000(system) Binder_3 expire 10 lines
06-24 17:18:37.820   801   814 I chatty  : uid=1000(system) ActivityManager expire 10 lines
06-24 17:25:36.483   801   894 I chatty  : uid=1000(system) InputReader expire 2 lines
06-24 17:25:36.495   801   821 I chatty  : uid=1000(system) PowerManagerSer expire 3 lines
06-24 17:25:36.578   801   819 I chatty  : uid=1000(system) android.display expire 2 lines
06-24 17:25:36.621   801 25507 I chatty  : uid=1000(system) Binder_D expire 2 lines
06-24 17:25:47.741   801  1276 I chatty  : uid=1000(system) Binder_6 expire 6 lines
06-24 17:25:49.707   801  1277 I chatty  : uid=1000(system) Binder_7 expire 6 lines
06-24 17:25:52.220   801   811 I chatty  : uid=1000(system) Binder_1 expire 4 lines
06-24 17:35:40.594   801   801 I chatty  : uid=1000 system_server expire 7 lines
06-24 17:47:06.880   801   813 I chatty  : uid=1000(system) android.bg expire 1 line
06-24 17:55:51.821   801   891 I chatty  : uid=1000(system) AlarmManager expire 1 line
06-24 17:55:52.200   801  1167 I chatty  : uid=1000(system) WifiService expire 1 line
06-24 18:01:00.089  1926  1926 D MccTable: updateMccMncConfiguration mccmnc='null' fromServiceState=true
06-24 18:01:00.089  1926  1926 D MccTable: WIFI_COUNTRY_CODE set to 
06-24 18:01:00.098   801  1168 I chatty  : uid=1000(system) ConnectivitySer expire 20 lines
06-24 18:01:01.600   801  1278 I chatty  : uid=1000(system) Binder_8 expire 2 lines
06-24 18:01:13.017  1926  1926 D MccTable: updateMccMncConfiguration mccmnc='26201' fromServiceState=true
06-24 18:01:13.018  1926  1926 D MccTable: updateMccMncConfiguration defaultMccMnc=26201
06-24 18:01:13.018  1926  1926 D MccTable: updateMccMncConfiguration: mcc=262, mnc=1
06-24 18:01:13.018  1926  1926 D MccTable: WIFI_COUNTRY_CODE set to de
06-24 18:01:13.462   801  1205 I chatty  : uid=1000(system) Binder_3 expire 4 lines
06-24 18:02:45.995  1926  1926 D MccTable: updateMccMncConfiguration mccmnc='null' fromServiceState=true
06-24 18:02:45.995  1926  1926 D MccTable: WIFI_COUNTRY_CODE set to 
06-24 18:02:46.019   801  1168 I chatty  : uid=1000(system) ConnectivitySer expire 10 lines
06-24 18:02:46.063   801 25510 I chatty  : uid=1000(system) Binder_10 expire 5 lines
06-24 18:02:52.016  1926  1926 D MccTable: updateMccMncConfiguration mccmnc='26201' fromServiceState=true
06-24 18:02:52.016  1926  1926 D MccTable: updateMccMncConfiguration defaultMccMnc=26201
06-24 18:02:52.016  1926  1926 D MccTable: updateMccMncConfiguration: mcc=262, mnc=1
06-24 18:02:52.017  1926  1926 D MccTable: WIFI_COUNTRY_CODE set to de
06-24 18:02:52.031   801  1168 I chatty  : uid=1000(system) ConnectivitySer expire 119 lines
06-24 18:02:52.090   801  1277 I chatty  : uid=1000(system) Binder_7 expire 6 lines
06-24 18:02:52.104   801  3333 I chatty  : uid=1000(system) Binder_C expire 15 lines
06-24 18:02:52.121   801 25507 I chatty  : uid=1000(system) Binder_D expire 12 lines
06-24 18:02:52.133   801  1278 I chatty  : uid=1000(system) Binder_8 expire 5 lines
06-24 18:02:52.357   801   812 I chatty  : uid=1000(system) Binder_2 expire 5 lines
06-24 18:03:07.429   801   814 I chatty  : uid=1000(system) ActivityManager expire 8 lines
06-24 18:17:15.968   801   816 I chatty  : uid=1000(system) android.fg expire 6 lines
06-24 18:34:04.727   801  1166 I chatty  : uid=1000(system) WifiStateMachin expire 2 lines
06-24 18:36:44.955   801   894 I chatty  : uid=1000(system) InputReader expire 2 lines
06-24 18:36:44.989   801   821 I chatty  : uid=1000(system) PowerManagerSer expire 3 lines
06-24 18:36:45.082   801   819 I chatty  : uid=1000(system) android.display expire 4 lines
06-24 18:36:45.099   801  1275 I chatty  : uid=1000(system) Binder_5 expire 6 lines
06-24 18:36:54.461   801  1167 I chatty  : uid=1000(system) WifiService expire 3 lines
06-24 18:37:10.217   801  1205 I chatty  : uid=1000(system) Binder_3 expire 8 lines
06-24 18:37:18.027   801  1206 I chatty  : uid=1000(system) Binder_4 expire 6 lines
06-24 18:37:23.300   801   811 I chatty  : uid=1000(system) Binder_1 expire 5 lines
06-24 18:37:32.444   801  1984 I chatty  : uid=1000(system) Binder_A expire 7 lines
06-24 18:37:41.145   801  1276 I chatty  : uid=1000(system) Binder_6 expire 8 lines
06-24 18:37:42.911   801  1985 I chatty  : uid=1000(system) Binder_B expire 5 lines
06-24 18:37:44.029   801  1982 I chatty  : uid=1000(system) Binder_9 expire 9 lines
06-24 18:37:57.064   801 25509 I chatty  : uid=1000(system) Binder_F expire 2 lines
06-24 18:38:01.630   801 25508 I chatty  : uid=1000(system) Binder_E expire 2 lines
06-24 18:38:09.097   801   815 I chatty  : uid=1000(system) android.ui expire 2 lines
06-24 18:38:54.095   801   893 I chatty  : uid=1000(system) InputDispatcher expire 2 lines
06-24 18:41:40.922   801   894 I chatty  : uid=1000(system) InputReader expire 6 lines
06-24 18:41:40.923   801   801 I chatty  : uid=1000 system_server expire 28 lines
06-24 18:43:57.054   801  3333 I chatty  : uid=1000(system) Binder_C expire 6 lines
06-24 18:43:57.352   801 25509 I chatty  : uid=1000(system) Binder_F expire 7 lines
06-24 18:44:54.895   801  1278 I chatty  : uid=1000(system) Binder_8 expire 10 lines
06-24 18:44:55.584   801  1206 I chatty  : uid=1000(system) Binder_4 expire 7 lines
06-24 18:53:17.725   801  1277 I chatty  : uid=1000(system) Binder_7 expire 5 lines
06-24 18:53:17.830   801   812 I chatty  : uid=1000(system) Binder_2 expire 4 lines
06-24 18:53:17.851   801   821 I chatty  : uid=1000(system) PowerManagerSer expire 12 lines
06-24 18:53:17.952   801   819 I chatty  : uid=1000(system) android.display expire 9 lines
06-24 18:53:18.086   801  1984 I chatty  : uid=1000(system) Binder_A expire 3 lines
06-24 18:53:19.702   801  1275 I chatty  : uid=1000(system) Binder_5 expire 3 lines
06-24 18:53:29.979   801  1168 I chatty  : uid=1000(system) ConnectivitySer expire 43 lines
06-24 18:53:33.072   801 25507 I chatty  : uid=1000(system) Binder_D expire 2 lines
06-24 18:53:33.076   801  1276 I chatty  : uid=1000(system) Binder_6 expire 8 lines
06-24 18:53:33.081   801  1310 I chatty  : uid=1000(system) AsyncQueryWorke expire 1 line
06-24 18:53:33.145   801   814 I chatty  : uid=1000(system) ActivityManager expire 16 lines
06-24 18:53:33.159   801 31277 I chatty  : uid=1000 system_server expire 3 lines
06-24 18:53:38.555   801   811 I chatty  : uid=1000(system) Binder_1 expire 44 lines
06-24 18:56:08.285   801   891 I chatty  : uid=1000(system) AlarmManager expire 1 line
06-24 18:56:08.769   801  1167 I chatty  : uid=1000(system) WifiService expire 3 lines
06-24 19:06:53.690   801  1166 I chatty  : uid=1000(system) WifiStateMachin expire 1 line
06-24 19:06:58.934   801  1205 I chatty  : uid=1000(system) Binder_3 expire 2 lines
06-24 19:07:38.160   801   813 I chatty  : uid=1000(system) android.bg expire 4 lines
06-24 19:12:48.265   801  1985 I chatty  : uid=1000(system) Binder_B expire 3 lines
06-24 19:12:48.739   801 25508 I chatty  : uid=1000(system) Binder_E expire 3 lines
06-24 19:12:49.298   801  1982 I chatty  : uid=1000(system) Binder_9 expire 3 lines
06-24 19:12:55.462   801 25510 I chatty  : uid=1000(system) Binder_10 expire 5 lines
06-24 19:35:53.315  1294  1294 I PowerUI.Notification: show low battery warning: level=15 [-1] playSound=true
06-24 19:35:53.957   578   578 W ActivityThread: ClassLoader.loadClass: The class loader returned by Thread.getContextClassLoader() may fail for processes that host multiple applications. You should explicitly specify a context class loader. For example: Thread.setContextClassLoader(getClass().getClassLoader());
06-24 19:35:54.351   801   814 I chatty  : uid=1000(system) ActivityManager expire 8 lines
06-24 19:36:22.979   801   801 I chatty  : uid=1000 system_server expire 3 lines
06-24 19:36:22.985  1294  1294 I PowerUI.Notification: dismissing low battery notification
06-24 19:37:30.797   801   811 I chatty  : uid=1000(system) Binder_1 expire 2 lines
06-24 19:44:54.535   801   821 I chatty  : uid=1000(system) PowerManagerSer expire 13 lines
06-24 19:44:54.683   801  1277 I chatty  : uid=1000(system) Binder_7 expire 6 lines
06-24 19:44:55.256   801  1982 I chatty  : uid=1000(system) Binder_9 expire 3 lines
06-24 19:44:58.836   801   894 I chatty  : uid=1000(system) InputReader expire 5 lines
06-24 19:44:59.437   801   819 I chatty  : uid=1000(system) android.display expire 8 lines
06-24 19:49:54.708   801   812 I chatty  : uid=1000(system) Binder_2 expire 3 lines
06-24 19:49:54.771   801  1278 I chatty  : uid=1000(system) Binder_8 expire 3 lines
06-24 19:54:54.107   801   814 I chatty  : uid=1000(system) ActivityManager expire 15 lines
06-24 19:56:24.629   801   813 I chatty  : uid=1000(system) android.bg expire 2 lines
06-24 20:08:57.811   801   801 I chatty  : uid=1000 system_server expire 10 lines
06-24 20:09:23.081   801  1275 I chatty  : uid=1000(system) Binder_5 expire 2 lines
06-24 20:09:23.085   801  1168 I chatty  : uid=1000(system) ConnectivitySer expire 63 lines
06-24 20:09:23.884   801 25507 I chatty  : uid=1000(system) Binder_D expire 4 lines
06-24 20:09:23.924   801 25510 I chatty  : uid=1000(system) Binder_10 expire 6 lines
06-24 20:09:23.926   801  1985 I chatty  : uid=1000(system) Binder_B expire 3 lines
06-24 20:09:23.945   801  1276 I chatty  : uid=1000(system) Binder_6 expire 6 lines
06-24 20:09:24.429   801  1167 I chatty  : uid=1000(system) WifiService expire 2 lines
06-24 20:09:24.607   801  1984 I chatty  : uid=1000(system) Binder_A expire 7 lines
06-24 20:09:25.244   801  1206 I chatty  : uid=1000(system) Binder_4 expire 4 lines
06-24 20:09:25.306   801 25509 I chatty  : uid=1000(system) Binder_F expire 2 lines
06-24 20:09:26.198   801  1166 I chatty  : uid=1000(system) WifiStateMachin expire 2 lines
06-24 20:10:01.629   801   891 I chatty  : uid=1000(system) AlarmManager expire 1 line
06-24 20:10:06.227 30651 30651 E ActivityThread: Activity org.simlar.widgets.CallActivity has leaked ServiceConnection org.simlar.service.SimlarServiceCommunicator$SimlarServiceConnection@2eda3ef that was originally bound here
06-24 20:10:06.227 30651 30651 E ActivityThread: android.app.ServiceConnectionLeaked: Activity org.simlar.widgets.CallActivity has leaked ServiceConnection org.simlar.service.SimlarServiceCommunicator$SimlarServiceConnection@2eda3ef that was originally bound here
06-24 20:10:06.227 30651 30651 E ActivityThread: 	at android.app.LoadedApk$ServiceDispatcher.<init>(LoadedApk.java:1092)
06-24 20:10:06.227 30651 30651 E ActivityThread: 	at android.app.LoadedApk.getServiceDispatcher(LoadedApk.java:986)
06-24 20:10:06.227 30651 30651 E ActivityThread: 	at android.app.ContextImpl.bindServiceCommon(ContextImpl.java:1303)
06-24 20:10:06.227 30651 30651 E ActivityThread: 	at android.app.ContextImpl.bindService(ContextImpl.java:1286)
06-24 20:10:06.227 30651 30651 E ActivityThread: 	at android.content.ContextWrapper.bindService(ContextWrapper.java:604)
06-24 20:10:06.227 30651 30651 E ActivityThread: 	at org.simlar.service.SimlarServiceCommunicator.startServiceAndRegister(SimlarServiceCommunicator.java:156)
06-24 20:10:06.227 30651 30651 E ActivityThread: 	at org.simlar.service.SimlarServiceCommunicator.register(SimlarServiceCommunicator.java:134)
06-24 20:10:06.227 30651 30651 E ActivityThread: 	at org.simlar.widgets.CallActivity.onStart(CallActivity.java:180)
06-24 20:10:06.227 30651 30651 E ActivityThread: 	at android.app.Instrumentation.callActivityOnStart(Instrumentation.java:1237)
06-24 20:10:06.227 30651 30651 E ActivityThread: 	at android.app.Activity.performStart(Activity.java:6268)
06-24 20:10:06.227 30651 30651 E ActivityThread: 	at android.app.Activity.performRestart(Activity.java:6314)
06-24 20:10:06.227 30651 30651 E ActivityThread: 	at android.app.ActivityThread.handleSleeping(ActivityThread.java:3645)
06-24 20:10:06.227 30651 30651 E ActivityThread: 	at android.app.ActivityThread.-wrap19(ActivityThread.java)
06-24 20:10:06.227 30651 30651 E ActivityThread: 	at android.app.ActivityThread$H.handleMessage(ActivityThread.java:1519)
06-24 20:10:06.227 30651 30651 E ActivityThread: 	at android.os.Handler.dispatchMessage(Handler.java:102)
06-24 20:10:06.227 30651 30651 E ActivityThread: 	at android.os.Looper.loop(Looper.java:148)
06-24 20:10:06.227 30651 30651 E ActivityThread: 	at android.app.ActivityThread.main(ActivityThread.java:5417)
06-24 20:10:06.227 30651 30651 E ActivityThread: 	at java.lang.reflect.Method.invoke(Native Method)
06-24 20:10:06.227 30651 30651 E ActivityThread: 	at com.android.internal.os.ZygoteInit$MethodAndArgsCaller.run(ZygoteInit.java:726)
06-24 20:10:06.227 30651 30651 E ActivityThread: 	at com.android.internal.os.ZygoteInit.main(ZygoteInit.java:616)
06-24 20:10:17.914   801  1168 I chatty  : uid=1000(system) ConnectivitySer expire 10 lines
06-24 20:10:57.796   801 25508 I chatty  : uid=1000(system) Binder_E expire 2 lines
06-24 20:16:22.008  1294  1294 I PowerUI.Notification: show low battery warning: level=15 [-1] playSound=true
06-24 20:40:57.439   801  3333 I chatty  : uid=1000(system) Binder_C expire 2 lines
06-24 20:40:57.440   801  1168 I chatty  : uid=1000(system) ConnectivitySer expire 66 lines
06-24 21:07:26.739  1294  1294 I PowerUI.Notification: show low battery warning: level=5 [-2] playSound=true
06-24 21:14:50.761   801   801 I chatty  : uid=1000 system_server expire 2 lines
06-24 21:24:54.033   801  1205 I chatty  : uid=1000(system) Binder_3 expire 5 lines
06-24 21:26:13.413   801   821 I chatty  : uid=1000(system) PowerManagerSer expire 14 lines
06-24 21:26:13.475 30651 30651 E ActivityThread: Activity org.simlar.widgets.CallActivity has leaked ServiceConnection org.simlar.service.SimlarServiceCommunicator$SimlarServiceConnection@45c8a9f that was originally bound here
06-24 21:26:13.475 30651 30651 E ActivityThread: android.app.ServiceConnectionLeaked: Activity org.simlar.widgets.CallActivity has leaked ServiceConnection org.simlar.service.SimlarServiceCommunicator$SimlarServiceConnection@45c8a9f that was originally bound here
06-24 21:26:13.475 30651 30651 E ActivityThread: 	at android.app.LoadedApk$ServiceDispatcher.<init>(LoadedApk.java:1092)
06-24 21:26:13.475 30651 30651 E ActivityThread: 	at android.app.LoadedApk.getServiceDispatcher(LoadedApk.java:986)
06-24 21:26:13.475 30651 30651 E ActivityThread: 	at android.app.ContextImpl.bindServiceCommon(ContextImpl.java:1303)
06-24 21:26:13.475 30651 30651 E ActivityThread: 	at android.app.ContextImpl.bindService(ContextImpl.java:1286)
06-24 21:26:13.475 30651 30651 E ActivityThread: 	at android.content.ContextWrapper.bindService(ContextWrapper.java:604)
06-24 21:26:13.475 30651 30651 E ActivityThread: 	at org.simlar.service.SimlarServiceCommunicator.startServiceAndRegister(SimlarServiceCommunicator.java:156)
06-24 21:26:13.475 30651 30651 E ActivityThread: 	at org.simlar.service.SimlarServiceCommunicator.register(SimlarServiceCommunicator.java:134)
06-24 21:26:13.475 30651 30651 E ActivityThread: 	at org.simlar.widgets.CallActivity.onStart(CallActivity.java:180)
06-24 21:26:13.475 30651 30651 E ActivityThread: 	at android.app.Instrumentation.callActivityOnStart(Instrumentation.java:1237)
06-24 21:26:13.475 30651 30651 E ActivityThread: 	at android.app.Activity.performStart(Activity.java:6268)
06-24 21:26:13.475 30651 30651 E ActivityThread: 	at android.app.Activity.performRestart(Activity.java:6314)
06-24 21:26:13.475 30651 30651 E ActivityThread: 	at android.app.ActivityThread.handleSleeping(ActivityThread.java:3645)
06-24 21:26:13.475 30651 30651 E ActivityThread: 	at android.app.ActivityThread.-wrap19(ActivityThread.java)
06-24 21:26:13.475 30651 30651 E ActivityThread: 	at android.app.ActivityThread$H.handleMessage(ActivityThread.java:1519)
06-24 21:26:13.475 30651 30651 E ActivityThread: 	at android.os.Handler.dispatchMessage(Handler.java:102)
06-24 21:26:13.475 30651 30651 E ActivityThread: 	at android.os.Looper.loop(Looper.java:148)
06-24 21:26:13.475 30651 30651 E ActivityThread: 	at android.app.ActivityThread.main(ActivityThread.java:5417)
06-24 21:26:13.475 30651 30651 E ActivityThread: 	at java.lang.reflect.Method.invoke(Native Method)
06-24 21:26:13.475 30651 30651 E ActivityThread: 	at com.android.internal.os.ZygoteInit$MethodAndArgsCaller.run(ZygoteInit.java:726)
06-24 21:26:13.475 30651 30651 E ActivityThread: 	at com.android.internal.os.ZygoteInit.main(ZygoteInit.java:616)
06-24 21:26:16.041   801  1168 I chatty  : uid=1000(system) ConnectivitySer expire 13 lines
06-24 21:26:23.592   801   819 I chatty  : uid=1000(system) android.display expire 10 lines
06-24 21:27:09.879  1294  1294 I PowerUI.Notification: dismissing low battery notification
06-24 21:27:09.959   801   801 I chatty  : uid=1000 system_server expire 5 lines
06-24 21:27:10.081   801 25507 I chatty  : uid=1000(system) Binder_D expire 14 lines
06-24 21:27:15.950   801   814 I chatty  : uid=1000(system) ActivityManager expire 15 lines
06-24 21:27:25.286   801  1982 I chatty  : uid=1000(system) Binder_9 expire 6 lines
06-24 21:27:25.455   801  1984 I chatty  : uid=1000(system) Binder_A expire 4 lines
06-24 21:27:25.914   801  1277 I chatty  : uid=1000(system) Binder_7 expire 4 lines
06-24 21:27:31.124   801   894 I chatty  : uid=1000(system) InputReader expire 4 lines
06-24 21:27:32.170   801 25508 I chatty  : uid=1000(system) Binder_E expire 6 lines
06-24 21:28:31.272   801   811 I chatty  : uid=1000(system) Binder_1 expire 5 lines
06-24 21:28:31.676   801  1985 I chatty  : uid=1000(system) Binder_B expire 12 lines
06-24 21:33:30.679   801  3333 I chatty  : uid=1000(system) Binder_C expire 7 lines
06-24 21:33:31.755   801   893 I chatty  : uid=1000(system) InputDispatcher expire 1 line
06-24 21:33:45.295  7334  7334 E ActivityThread: Failed to find provider info for de.telekom.tsc.tokenprovider
06-24 21:33:45.306  7334  7362 E ActivityThread: Failed to find provider info for com.facebook.katana.provider.AttributionIdProvider
06-24 21:33:47.160   801  1187 I chatty  : uid=1000(system) backup expire 1 line
06-24 21:33:51.232   801  1168 I chatty  : uid=1000(system) ConnectivitySer expire 58 lines
06-24 21:34:32.627   801 25510 I chatty  : uid=1000(system) Binder_10 expire 1 line
06-24 21:34:34.574   801 25509 I chatty  : uid=1000(system) Binder_F expire 3 lines
06-24 21:34:44.460   801  1275 I chatty  : uid=1000(system) Binder_5 expire 5 lines
06-24 21:34:46.148   801  1886 I chatty  : uid=1000(system) FLP Service Cal expire 3 lines
06-24 21:34:46.886   801  1276 I chatty  : uid=1000(system) Binder_6 expire 6 lines
06-24 21:34:46.994   801   813 I chatty  : uid=1000(system) android.bg expire 9 lines
06-24 21:34:50.066   801   815 I chatty  : uid=1000(system) android.ui expire 1 line
06-24 21:34:50.272   801   812 I chatty  : uid=1000(system) Binder_2 expire 5 lines
06-24 21:34:51.003   801  1206 I chatty  : uid=1000(system) Binder_4 expire 3 lines
06-24 21:34:51.023   801  1167 I chatty  : uid=1000(system) WifiService expire 5 lines
06-24 22:13:13.413   801   891 I chatty  : uid=1000(system) AlarmManager expire 2 lines
06-24 22:13:13.557   801  1163 I chatty  : uid=1000(system) NetworkStats expire 1 line
06-24 23:17:00.354   801  1278 I chatty  : uid=1000(system) Binder_8 expire 2 lines
06-25 00:17:00.050 13970 10284 E ActivityThread: Failed to find provider info for com.google.android.wearable.settings
06-25 00:17:03.493   801   814 I chatty  : uid=1000(system) ActivityManager expire 2 lines
06-25 00:17:03.537 13970 10284 E ActivityThread: Failed to find provider info for com.google.android.wearable.settings
06-25 00:17:04.522   801  1985 I chatty  : uid=1000(system) Binder_B expire 1 line
06-25 00:17:13.821   801  1168 I chatty  : uid=1000(system) ConnectivitySer expire 24 lines
06-25 00:24:04.675   801   814 I chatty  : uid=1000(system) ActivityManager expire 19 lines
06-25 00:30:04.727   801  1278 I chatty  : uid=1000(system) Binder_8 expire 9 lines
06-25 00:30:46.039   801  1275 I chatty  : uid=1000(system) Binder_5 expire 4 lines
06-25 00:35:46.049   801 25507 I chatty  : uid=1000(system) Binder_D expire 11 lines
06-25 00:36:04.765   801  1985 I chatty  : uid=1000(system) Binder_B expire 11 lines
06-25 00:43:00.329   801   813 I chatty  : uid=1000(system) android.bg expire 19 lines
06-25 00:47:02.145   801  1167 I chatty  : uid=1000(system) WifiService expire 6 lines
06-25 01:23:39.778   801   891 I chatty  : uid=1000(system) AlarmManager expire 3 lines
06-25 01:23:39.880 10594 11462 D DownloadManager: Removed 0 stale downloads
06-25 01:23:40.024 10594 11462 D DownloadManager: Found 6 files in database
06-25 01:23:40.024 10594 11462 D DownloadManager: Found 0 files on disk
06-25 01:23:50.704   801 25509 I chatty  : uid=1000(system) Binder_F expire 6 lines
06-25 01:42:38.862   801   801 I chatty  : uid=1000 system_server expire 14 lines
06-25 01:42:41.970   801 25510 I chatty  : uid=1000(system) Binder_10 expire 9 lines
06-25 02:09:11.463   801  1982 I chatty  : uid=1000(system) Binder_9 expire 9 lines
06-25 02:09:13.234   801  1277 I chatty  : uid=1000(system) Binder_7 expire 4 lines
06-25 02:09:17.177 12182 12182 E ActivityThread: Service com.google.android.gms.car.CarCallService has leaked ServiceConnection glq@5d249b5 that was originally bound here
06-25 02:09:17.177 12182 12182 E ActivityThread: android.app.ServiceConnectionLeaked: Service com.google.android.gms.car.CarCallService has leaked ServiceConnection glq@5d249b5 that was originally bound here
06-25 02:09:17.177 12182 12182 E ActivityThread: 	at android.app.LoadedApk$ServiceDispatcher.<init>(LoadedApk.java:1092)
